DTOP                                                       HKEX - DCASS                                          RUN DATE :  10OCT25
                               DAILY TRADING ACTIVITY & OPEN POSITIONS DETAIL - OPTIONS (BY MARKET)              RUN TIME : 19:49:50
                                                                                                                 PAGE     :        1
REPORT DATE     : 10OCT25   
CLEARINGHOUSE   : SEOCH

MARKET          : SOM   - STOCK OPTIONS                   
UNDERLYING      : MIU   
EXPIRATION DATE : 30 OCT 25

         < ------------------  CALL OPTIONS  ------------------------ > < -------------------  PUT OPTIONS  ----------------------- >
                             NET                      SETTLE   PRICE                        NET                       SETTLE   PRICE
 STRIKE    GROSS    NET     CHANGE    T/O     DEAL    PRICE    CHANGE    GROSS     NET     CHANGE     T/O    DEAL     PRICE    CHANGE
-------- -------- -------- --------- ------- ------- --------- -------- -------- -------- --------- ------- ------- --------- --------
   35.00    1,267      695       300     500       6     17.16    -1.54    1,259    1,259         0       0       0      0.01     0.00
   36.00      130      130         0       0       0     16.14    -1.55      201      200         0       0       0      0.01     0.00
   37.00        0        0         0       0       0     15.15    -1.53       97       97         0       0       0      0.01     0.00
   38.00        0        0         0       0       0     14.14    -1.53      264      228         0       0       0      0.01     0.00
   39.00      250      250       250     250      33     13.16    -1.52      493      206         0       0       0      0.01     0.00
   40.00        1        0         0       0       0     12.14    -1.55      936      662         0       5       1      0.01     0.00
   41.00        1        1         0       0       0     11.17    -1.54      674      262         0       0       0      0.01     0.00
   42.00      450      450       200     200      14     10.08    -1.64    1,082      639         0     106       3      0.02     0.00
   43.00        5        5         0       0       0      9.16    -1.58    1,702    1,634         0       0       0      0.04     0.01
   44.00        1        1         0       0       0      8.19    -1.29    2,179    1,432         0      12       3      0.06     0.01
   45.00      622      344         0      30       2      7.24    -1.27    2,444    1,892       -10     205      15      0.10     0.02
   46.00      196      191        -5       5       1      6.31    -1.25    3,648    2,687       150     397      45      0.18     0.06
   47.00      134      125        14      14       2      5.42    -1.21    3,370    2,924        51     753      37      0.29     0.09
   48.00      509      509         0       0       0      4.60    -1.14    3,887    2,798       456   1,297     116      0.44     0.14
   49.00      256      173         0       4       2      3.78    -1.07    6,332    4,813       -37     865     100      0.62     0.18
   50.00    4,057    1,018        30     145      48      3.04    -1.05   12,782    7,575       452   3,530     312      0.89     0.26
   52.50    4,958    4,397     1,017   1,585     216      1.63    -0.71   11,638    9,721       230   1,903     236      1.98     0.52
   55.00   13,795   11,056    -1,473  10,915     512      0.81    -0.50   15,374   12,330    -2,119   2,726     147      3.70     0.80
   57.50   11,664    8,262    -1,764   7,072     274      0.41    -0.32    3,862    2,820      -768   1,052      18      5.75     0.92
   60.00   33,357   28,442    -7,206  12,281     306      0.21    -0.21    3,387    2,354         5      35       6      8.08     1.06
   62.50   20,886   18,217    -1,548   3,265      86      0.10    -0.14      456      280        -1       5       2     10.48     1.18
   65.00   10,448    8,127      -205   1,430      57      0.06    -0.08       31       31        -6       0       0     12.96     1.24
   67.50    4,465    2,368      -100     332      14      0.03    -0.06        2        2        -1       0       0     15.47     1.30
   70.00   10,616    6,459       -73     230      17      0.02    -0.04        0        0         0       0       0     17.97     1.31
   72.50   10,316    9,979         0       1       1      0.01    -0.03        0        0         0       0       0     20.47     1.32
   75.00    2,066      900      -720     720       5      0.01    -0.02        0        0         0       0       0     22.97     1.32
   77.50      405      343         0       0       0      0.01    -0.01        0        0         0       0       0     25.47     1.32
   80.00      829      654        46      46       4      0.01     0.00        0        0         0       0       0     27.97     1.32
   82.50      280      273         0       0       0      0.01     0.00        0        0         0       0       0     30.50     1.35
   85.00      263       75         0       0       0      0.01     0.00        0        0         0       0       0     32.97     1.32
   87.50      460      410         0       0       0      0.01     0.00        0        0         0       0       0     35.47     1.32
   90.00      430      315         0       0       0      0.01     0.00        0        0         0       0       0     37.97     1.32
   92.50       27       17         0       0       0      0.01     0.00        0        0         0       0       0     40.47     1.32
   95.00      305      230         0       0       0      0.01     0.00        0        0         0       0       0     42.97     1.32
   97.50      132      103         0       0       0      0.01     0.00      140      140         0       0       0     45.47     1.32
  100.00      605      404         0      16       1      0.01     0.00      230      230         0       0       0     47.97     1.32
-------- -------- -------- --------- ------- -------                    -------- -------- --------- ------- -------
TOTAL      134186   104923    -11237   39041    1601                       76470    57216     -1598   12891    1041

 C+P
 TOTAL     210656   162139    -12835   51932    2642
DTOP                                                       HKEX - DCASS                                          RUN DATE :  10OCT25
                               DAILY TRADING ACTIVITY & OPEN POSITIONS DETAIL - OPTIONS (BY MARKET)              RUN TIME : 19:49:50
                                                                                                                 PAGE     :        2
REPORT DATE     : 10OCT25   
CLEARINGHOUSE   : SEOCH

MARKET          : SOM   - STOCK OPTIONS                   
UNDERLYING      : MIU   
EXPIRATION DATE : 27 NOV 25

         < ------------------  CALL OPTIONS  ------------------------ > < -------------------  PUT OPTIONS  ----------------------- >
                             NET                      SETTLE   PRICE                        NET                       SETTLE   PRICE
 STRIKE    GROSS    NET     CHANGE    T/O     DEAL    PRICE    CHANGE    GROSS     NET     CHANGE     T/O    DEAL     PRICE    CHANGE
-------- -------- -------- --------- ------- ------- --------- -------- -------- -------- --------- ------- ------- --------- --------
   35.00        1        1         0       0       0     17.29    -1.52      390      390       200     200       1      0.01     0.00
   36.00        0        0         0       0       0     16.31    -1.51      730      729        13      15       3      0.01     0.00
   37.00        0        0         0       0       0     15.34    -1.34      272      244         0       0       0      0.01    -0.01
   38.00        0        0         0       0       0     14.37    -1.51      474      469       218     228       6      0.02    -0.01
   39.00        0        0         0       0       0     13.39    -1.51      524      139        11      11       2      0.04     0.00
   40.00        1        1         1       1       1     12.43    -1.50      350      139        27      52       5      0.06     0.00
   41.00        1        0         0       0       0     11.47    -1.50      162       91         1       1       1      0.10     0.01
   42.00        1        0         0       0       0     10.39    -1.61      897      367        -4       6       2      0.15     0.02
   43.00        0        0         0       0       0      9.47    -1.58    1,518      992         3      75       4      0.22     0.02
   44.00       10       10         0       0       0      8.57    -1.26    1,616    1,082       178     206       7      0.33     0.05
   45.00       35       35         5       5       1      7.71    -1.50    2,935    1,638       124     222      25      0.47     0.08
   46.00        0        0         0       0       0      6.73    -1.35    2,426    1,567        -1      60       7      0.65     0.12
   47.00       14       14        13      13       3      6.20    -0.98    2,427    2,003        79     520      24      0.86     0.16
   48.00       34       34         0      10       1      5.41    -1.10    4,543    4,395        49     458      33      1.11     0.23
   49.00       26       26         3       3       1      4.68    -1.04    3,981    2,930        25     251      18      1.42     0.28
   50.00      195      189         4      31       9      4.09    -1.05    8,082    6,631      -117     451      77      1.80     0.36
   52.50      949      915       154     258      42      2.79    -0.78    8,174    7,878        23     240      28      2.97     0.53
   55.00    3,808    2,774       538   2,745     152      1.88    -0.64    6,035    5,946        -1      69      13      4.70     0.82
   57.50    3,431    3,134       191     827      49      1.26    -0.49    1,854    1,163        -2     305       4      6.45     0.72
   60.00    8,476    7,581      -226   1,767      85      0.84    -0.38      339      147        16      16       4      8.61     1.00
   62.50    6,991    3,469       140   1,657      54      0.57    -0.30       67       23         0       0       0     10.91     1.09
   65.00    5,372    3,943       147     786      15      0.39    -0.22        4        4         0       0       0     13.10     1.21
   67.50    3,238    2,714       252     294      14      0.28    -0.16        0        0         0       0       0     15.51     1.13
   70.00    3,549    2,853       151     178       7      0.21    -0.11        0        0         0       0       0     17.98     1.20
   72.50    2,202    2,015         0       0       0      0.15    -0.08       12       12         0       0       0     20.47     1.25
   75.00      334      319         0       0       0      0.12    -0.05        0        0         0       0       0     22.97     1.29
   77.50    1,134    1,015        89      89       3      0.08    -0.05        0        0         0       0       0     25.49     1.33
   80.00      237      196        -1       1       1      0.07    -0.04        0        0         0       0       0     27.97     1.32
   82.50       51       48         0       0       0      0.06    -0.02        0        0         0       0       0     30.50     1.35
-------- -------- -------- --------- ------- -------                    -------- -------- --------- ------- -------
TOTAL       40090    31286      1461    8665     438                       47812    38979       842    3386     264

 C+P
 TOTAL      87902    70265      2303   12051     702







DTOP                                                       HKEX - DCASS                                          RUN DATE :  10OCT25
                               DAILY TRADING ACTIVITY & OPEN POSITIONS DETAIL - OPTIONS (BY MARKET)              RUN TIME : 19:49:50
                                                                                                                 PAGE     :        3
REPORT DATE     : 10OCT25   
CLEARINGHOUSE   : SEOCH

MARKET          : SOM   - STOCK OPTIONS                   
UNDERLYING      : MIU   
EXPIRATION DATE : 30 DEC 25

         < ------------------  CALL OPTIONS  ------------------------ > < -------------------  PUT OPTIONS  ----------------------- >
                             NET                      SETTLE   PRICE                        NET                       SETTLE   PRICE
 STRIKE    GROSS    NET     CHANGE    T/O     DEAL    PRICE    CHANGE    GROSS     NET     CHANGE     T/O    DEAL     PRICE    CHANGE
-------- -------- -------- --------- ------- ------- --------- -------- -------- -------- --------- ------- ------- --------- --------
   19.50   12,137   12,095         0       0       0     32.78    -1.52   12,671   12,663         0       0       0      0.01     0.00
   20.00    1,513    1,509         0       0       0     32.27    -1.50    1,850    1,746         0       0       0      0.01     0.00
   21.00        8        8         0       0       0     31.28    -1.52      108      108         0       0       0      0.01     0.00
   22.00        6        6         0       0       0     30.30    -1.51      336      336         0       0       0      0.01     0.00
   23.00       78       78         0       0       0     29.31    -1.50    1,056    1,045         0       0       0      0.01     0.00
   24.00       25       25         0       0       0     28.32    -1.51      710      453         0       0       0      0.01     0.00
   25.00        0        0         0       0       0     27.33    -1.50      496      496         0       0       0      0.01     0.00
   26.00       51       51         0       0       0     26.34    -1.50      756      620         0       0       0      0.01     0.00
   27.00        2        1         0       0       0     25.35    -1.50    1,041      711         0       0       0      0.01     0.00
   28.00       10       10         0       0       0     24.35    -1.51      664      501         0       0       0      0.01     0.00
   29.00        2        2         0       0       0     23.36    -1.52      287      224         0       0       0      0.01     0.00
   30.00      465      393         0       0       0     22.40    -1.51    1,106      901         0       0       0      0.01     0.00
   31.00   12,091   12,089         0       0       0     21.39    -1.50   12,595   12,405         0       0       0      0.01     0.00
   32.00      584        2         0       0       0     20.41    -1.52    1,880    1,075         0       0       0      0.01     0.00
   33.00      987        6         0       0       0     19.44    -1.51    2,401    1,410         0       0       0      0.01     0.00
   34.00      902       81         0       0       0     18.47    -1.51    2,525    1,704         0       0       0      0.02     0.01
   35.00    1,083      186         0       0       0     17.52    -1.51    3,164    1,823         0     179       7      0.03     0.01
   36.00    1,617       54         0       0       0     16.59    -1.24    2,999    1,403        10      10       1      0.04     0.01
   37.00    1,419      417         0       0       0     15.63    -1.34    3,018    1,715        10      10       1      0.06     0.01
   38.00      180      126         0       0       0     14.62    -1.50      787      701         0       7       3      0.09     0.01
   39.00      496      494         0       0       0     13.68    -1.50    2,537    2,520         0     104       2      0.14     0.02
   40.00    1,430    1,225         1     223      25     12.76    -1.24    5,915    5,239        -1      59       4      0.20     0.03
   41.00      757      597         0       0       0     11.81    -1.29    4,856    4,401      -200     215       2      0.28     0.04
   42.00      682      200         0       0       0     10.90    -1.46    9,577    4,070         8      20       1      0.39     0.06
   43.00      481      103         0       0       0      9.89    -1.54    1,742    1,109       100     215       3      0.53     0.09
   44.00    1,687    1,520         0       0       0      9.06    -1.21    4,574    3,926         8     227       5      0.69     0.10
   45.00      520       67         0       1       1      8.26    -1.18   28,363   20,887      -145     771      28      0.87     0.12
   46.00    2,562    1,097         0       0       0      7.50    -1.24    6,014    4,432       454     809      18      1.07     0.13
   47.00    1,894      228         1       1       1      6.98    -0.99   16,194   12,643       507     656      19      1.34     0.18
   48.00    8,293    7,269         9      17      10      6.17    -1.23   18,870   16,024       738   1,466      39      1.64     0.22
   49.00      219      158         0       0       0      5.46    -1.05    5,264    5,163        -1     121      12      1.99     0.25
   50.00    9,008    7,765        -4     272      26      4.87    -1.00   23,763   19,743       477   1,400     181      2.39     0.30
   52.50    6,670    5,789        17     313      30      3.66    -0.79    7,867    4,834       280     432     106      3.60     0.41
   55.00   17,907   13,162       112     716      83      2.71    -0.65   10,874    6,850         0       4       3      5.18     0.57
   57.50   12,888   12,871        78   1,124      57      2.00    -0.57    4,699    2,237         0       3       2      7.05     0.75
   60.00   18,347   13,686      -475   1,657      84      1.49    -0.47    3,111    2,266       -11      13       3      9.00     0.54
   62.50    8,503    7,668       194     725      27      1.10    -0.41      594      451         0     450       1     11.14     0.87
   65.00   14,117   13,454       146     389      20      0.82    -0.33    3,602    3,600         2       2       2     13.36     1.19
   67.50    5,406    4,916       684   1,065       9      0.61    -0.29        7        7         0       0       0     15.67     1.26
   70.00    7,767    4,803         0     711      21      0.46    -0.25      834      833         0       0       0     18.04     1.26
   72.50   11,071    8,634         0       1       1      0.35    -0.21        0        0         0       0       0     20.48     1.08
DTOP                                                       HKEX - DCASS                                          RUN DATE :  10OCT25
                               DAILY TRADING ACTIVITY & OPEN POSITIONS DETAIL - OPTIONS (BY MARKET)              RUN TIME : 19:49:50
                                                                                                                 PAGE     :        4
REPORT DATE     : 10OCT25   
CLEARINGHOUSE   : SEOCH

MARKET          : SOM   - STOCK OPTIONS                   
UNDERLYING      : MIU   
EXPIRATION DATE : 30 DEC 25

         < ------------------  CALL OPTIONS  ------------------------ > < -------------------  PUT OPTIONS  ----------------------- >
                             NET                      SETTLE   PRICE                        NET                       SETTLE   PRICE
 STRIKE    GROSS    NET     CHANGE    T/O     DEAL    PRICE    CHANGE    GROSS     NET     CHANGE     T/O    DEAL     PRICE    CHANGE
-------- -------- -------- --------- ------- ------- --------- -------- -------- -------- --------- ------- ------- --------- --------
   75.00    4,860    3,768         0      22       4      0.27    -0.18        2        2         0       0       0     22.97     1.15
   77.50    1,006      549         0       1       1      0.21    -0.16      107       77         0       0       0     25.49     1.24
   80.00   13,085   11,123        15     457       6      0.17    -0.14       15        0         0       0       0     27.98     1.27
   82.50    1,082      501         0       1       1      0.14    -0.12        0        0         0       0       0     30.50     1.32
   85.00      301      177         0       0       0      0.11    -0.11        0        0         0       0       0     32.99     1.33
   87.50      197       90         0       0       0      0.09    -0.10        0        0         0       0       0     35.49     1.34
   90.00      967      943         0       0       0      0.08    -0.09        0        0         0       0       0     37.99     1.34
   92.50      160      157         0       0       0      0.07    -0.08        0        0         0       0       0     40.49     1.34
   95.00      271      270         0       0       0      0.06    -0.07        0        0         0       0       0     42.98     1.33
   97.50       35       29         0       0       0      0.05    -0.07        0        0         0       0       0     45.49     1.34
  100.00    1,131      893        17      17       1      0.04    -0.07        0        0         0       0       0     47.99     1.34
  102.50      105       13         0       0       0      0.03    -0.07        0        0         0       0       0     50.49     1.34
  105.00    1,595    1,590         0       0       0      0.02    -0.07    1,500    1,500         0      67      19     52.95     1.30
  107.50       11       10         0       0       0      0.01    -0.07        0        0         0       0       0     55.49     1.34
  110.00    1,142      653         0       0       0      0.01    -0.06        0        0         0       0       0     57.99     1.34
-------- -------- -------- --------- ------- -------                    -------- -------- --------- ------- -------
TOTAL      189813   153611       795    7713     408                      211331   164854      2236    7240     462

 C+P
 TOTAL     401144   318465      3031   14953     870





















DTOP                                                       HKEX - DCASS                                          RUN DATE :  10OCT25
                               DAILY TRADING ACTIVITY & OPEN POSITIONS DETAIL - OPTIONS (BY MARKET)              RUN TIME : 19:49:50
                                                                                                                 PAGE     :        5
REPORT DATE     : 10OCT25   
CLEARINGHOUSE   : SEOCH

MARKET          : SOM   - STOCK OPTIONS                   
UNDERLYING      : MIU   
EXPIRATION DATE : 29 JAN 26

         < ------------------  CALL OPTIONS  ------------------------ > < -------------------  PUT OPTIONS  ----------------------- >
                             NET                      SETTLE   PRICE                        NET                       SETTLE   PRICE
 STRIKE    GROSS    NET     CHANGE    T/O     DEAL    PRICE    CHANGE    GROSS     NET     CHANGE     T/O    DEAL     PRICE    CHANGE
-------- -------- -------- --------- ------- ------- --------- -------- -------- -------- --------- ------- ------- --------- --------
   42.00        0        0         0       0       0     11.28    -1.34      341      154       128     251       9      0.59     0.13
   43.00       10       10        10      10       1     10.44    -1.31      258      158         0     115       2      0.77     0.15
   44.00        0        0         0       0       0      9.46    -1.45      661      545       331     447      11      0.98     0.18
   45.00        0        0         0       0       0      8.71    -1.10      724      653       517     708      12      1.22     0.20
   46.00        0        0         0       0       0      7.99    -1.08      545      442       385     487       9      1.48     0.20
   47.00        8        8         0       0       0      7.32    -1.04    1,975    1,926     1,772   1,813      10      1.78     0.22
   48.00        0        0         0       0       0      6.68    -1.02      689      689       414     414       8      2.12     0.25
   49.00      355      340       340     355      42      6.07    -1.00      699      699       424     424       8      2.50     0.29
   50.00       62       51        10      13       4      5.55    -0.99      474      448       187     270      12      2.97     0.38
   52.50      292      260         0      13       9      4.33    -0.85      931      872       609     609     110      4.23     0.49
   55.00    1,302    1,079       622     909      81      3.35    -0.77      386      249         0      16       2      5.76     0.55
   57.50       67       67         7       7       6      2.66    -0.57       15       15         0       0       0      7.60     0.74
   60.00    1,420      491        10     927      12      2.10    -0.51       29       29         0       0       0      9.49     0.83
   62.50    1,807    1,807       403     403       4      1.65    -0.40        0        0         0       0       0     11.53     1.05
   65.00    5,050    5,048       700     767       4      1.30    -0.31      335      335         0       0       0     13.69     1.14
   67.50    3,106    2,941        60     372       8      1.03    -0.23        0        0         0       0       0     15.92     1.20
   70.00      305       75        50      80       8      0.82    -0.17        0        0         0       0       0     18.23     1.28
   72.50      202       95         0     200       2      0.66    -0.13        0        0         0       0       0     20.58     1.18
   75.00      700      503         2      17       2      0.53    -0.09        0        0         0       0       0     23.01     1.17
   77.50      498      496        15     115       2      0.43    -0.07        0        0         0       0       0     25.49     1.23
-------- -------- -------- --------- ------- -------                    -------- -------- --------- ------- -------
TOTAL       15184    13271      2229    4188     185                        8062     7214      4767    5554     193

 C+P
 TOTAL      23246    20485      6996    9742     378
















DTOP                                                       HKEX - DCASS                                          RUN DATE :  10OCT25
                               DAILY TRADING ACTIVITY & OPEN POSITIONS DETAIL - OPTIONS (BY MARKET)              RUN TIME : 19:49:50
                                                                                                                 PAGE     :        6
REPORT DATE     : 10OCT25   
CLEARINGHOUSE   : SEOCH

MARKET          : SOM   - STOCK OPTIONS                   
UNDERLYING      : MIU   
EXPIRATION DATE : 30 MAR 26

         < ------------------  CALL OPTIONS  ------------------------ > < -------------------  PUT OPTIONS  ----------------------- >
                             NET                      SETTLE   PRICE                        NET                       SETTLE   PRICE
 STRIKE    GROSS    NET     CHANGE    T/O     DEAL    PRICE    CHANGE    GROSS     NET     CHANGE     T/O    DEAL     PRICE    CHANGE
-------- -------- -------- --------- ------- ------- --------- -------- -------- -------- --------- ------- ------- --------- --------
   25.00   10,805   10,586         0       0       0     27.67    -1.49   10,889   10,669         0       0       0      0.01     0.00
   26.00        3        3         0       0       0     26.69    -1.50      110      102         0       0       0      0.01     0.00
   27.00       11        6         0       0       0     25.73    -1.49      167      167         0       0       0      0.01     0.00
   28.00       74       66         0       0       0     24.83    -1.43      170       65         0       0       0      0.02     0.01
   29.00        5        4         0       0       0     23.82    -1.49      201      105         0       0       0      0.04     0.02
   30.00       16       12         0       0       0     22.86    -1.49      335      139         0       0       0      0.05     0.01
   31.00        0        0         0       0       0     21.91    -1.49       18       12         0       0       0      0.07     0.02
   32.00       32        0         0       0       0     20.96    -1.50      143      143         0       0       0      0.10     0.03
   33.00        7        7         0       0       0     20.02    -1.50    6,000    6,000         0       0       0      0.14     0.03
   34.00      250        5         0       0       0     19.09    -1.49      111      111         0       0       0      0.20     0.05
   35.00    3,845    1,461         0       0       0     18.21    -1.17    2,333    2,331         0       1       1      0.26     0.06
   36.00    7,751    7,750         0       0       0     17.33    -1.29      288      187         0       4       2      0.34     0.07
   37.00    5,870    5,605         0       0       0     16.54    -1.17    2,315    2,306         0       0       0      0.45     0.10
   38.00      367       36         0       0       0     15.47    -1.44    1,486      755         0       0       0      0.56     0.10
   39.00      837       25         0       0       0     14.60    -1.42    1,464      458         0       0       0      0.72     0.15
   40.00    7,397    6,590         0       0       0     13.91    -0.94    8,207    5,413         1       1       1      0.87     0.14
   41.00    2,438    2,382         0       0       0     13.10    -0.81    1,258    1,001         0       0       0      1.08     0.19
   42.00    5,345    4,080         0       0       0     12.04    -1.27    2,765    2,560        55      95       4      1.27     0.17
   43.00      395       94         0       0       0     11.37    -1.32    2,012    1,415         0       0       0      1.49     0.18
   44.00      303        5         0       0       0     10.64    -1.29    3,923    3,477       407     639      11      1.75     0.18
   45.00      968      468         0       0       0     10.14    -0.91    4,461    2,436       296     298       8      2.03     0.21
   46.00       41       10         0       0       0      9.19    -1.00    1,484    1,361       473     473       9      2.35     0.26
   47.00      437      136         0       0       0      8.56    -0.97    4,226    3,535       976   1,076      10      2.69     0.28
   48.00    7,827    4,658         0       2       1      8.21    -0.97    8,100    5,932       -64     182       5      3.09     0.33
   49.00    2,755    2,755         0       0       0      7.46    -0.86    7,072    7,070         0       0       0      3.49     0.35
   50.00    3,187    3,170       -18      23       4      6.86    -0.90   15,681   15,057      -320     612      15      3.94     0.38
   52.50    3,182    2,609        -5       5       3      5.72    -0.76   10,259    7,441        18      64       6      5.30     0.58
   55.00    5,762    4,598        34      70      21      4.70    -0.78    6,383    5,135         1      17       4      6.80     0.65
   57.50    4,085    3,617         0      10       4      4.00    -0.51    3,422    3,231        15      15       1      8.54     0.74
   60.00   11,654    7,523       811   1,183      31      3.28    -0.53    5,579    5,096         0       0       0     10.31     0.70
   62.50    4,538    3,920        19      25       6      2.73    -0.48      225      150         1       1       1     11.94     0.49
   65.00    7,989    7,961        16      20       4      2.25    -0.44       30       11         0       0       0     14.33     1.09
   67.50    5,144    5,068         8       8       4      1.87    -0.38       82       80         0       0       0     16.47     1.15
   70.00   12,420   10,611       102   1,655      28      1.55    -0.34      103       88         0       0       0     18.23     0.77
   72.50    3,734    1,766        21      23       3      1.29    -0.30        0        0         0       0       0     20.94     1.27
   75.00    3,230    1,945       100     107       4      1.08    -0.26        3        3         0       0       0     23.25     1.32
   77.50    1,219    1,083       100     100       1      0.91    -0.23        0        0         0       0       0     25.62     1.36
   80.00    5,858    4,934         1       1       1      0.76    -0.21    4,631    4,631         0       0       0     28.03     1.11
   82.50      373      370         0       4       1      0.65    -0.18        0        0         0       0       0     30.50     1.18
   85.00      462      459        -1       1       1      0.55    -0.17        0        0         0       0       0     32.99     1.24
   87.50      752      747         0       0       0      0.47    -0.15      101      101         0       0       0     35.49     1.29
DTOP                                                       HKEX - DCASS                                          RUN DATE :  10OCT25
                               DAILY TRADING ACTIVITY & OPEN POSITIONS DETAIL - OPTIONS (BY MARKET)              RUN TIME : 19:49:50
                                                                                                                 PAGE     :        7
REPORT DATE     : 10OCT25   
CLEARINGHOUSE   : SEOCH

MARKET          : SOM   - STOCK OPTIONS                   
UNDERLYING      : MIU   
EXPIRATION DATE : 30 MAR 26

         < ------------------  CALL OPTIONS  ------------------------ > < -------------------  PUT OPTIONS  ----------------------- >
                             NET                      SETTLE   PRICE                        NET                       SETTLE   PRICE
 STRIKE    GROSS    NET     CHANGE    T/O     DEAL    PRICE    CHANGE    GROSS     NET     CHANGE     T/O    DEAL     PRICE    CHANGE
-------- -------- -------- --------- ------- ------- --------- -------- -------- -------- --------- ------- ------- --------- --------
   90.00      651      606         0       0       0      0.40    -0.14        1        1         0       0       0     37.99     1.32
   92.50      522      506         0       0       0      0.35    -0.12        0        0         0       0       0     40.49     1.34
   95.00      163      160         0       0       0      0.30    -0.11        1        0         0       0       0     42.99     1.34
   97.50       25       25         0       0       0      0.27    -0.09        0        0         0       0       0     45.49     1.34
  100.00      429      414       100     100       2      0.23    -0.09        0        0         0       0       0     47.99     1.34
  102.50       10        9         0       0       0      0.20    -0.09        0        0         0       0       0     50.49     1.34
  105.00        3        3         0       0       0      0.18    -0.08        0        0         0       0       0     52.98     1.33
  107.50        6        5         0       0       0      0.16    -0.07        0        0         0       0       0     55.49     1.34
  110.00    1,466    1,434         0       0       0      0.15    -0.06        0        0         0       0       0     57.99     1.34
-------- -------- -------- --------- ------- -------                    -------- -------- --------- ------- -------
TOTAL      134643   110287      1288    3337     119                      116039    98775      1859    3478      78

 C+P
 TOTAL     250682   209062      3147    6815     197



























DTOP                                                       HKEX - DCASS                                          RUN DATE :  10OCT25
                               DAILY TRADING ACTIVITY & OPEN POSITIONS DETAIL - OPTIONS (BY MARKET)              RUN TIME : 19:49:50
                                                                                                                 PAGE     :        8
REPORT DATE     : 10OCT25   
CLEARINGHOUSE   : SEOCH

MARKET          : SOM   - STOCK OPTIONS                   
UNDERLYING      : MIU   
EXPIRATION DATE : 29 JUN 26

         < ------------------  CALL OPTIONS  ------------------------ > < -------------------  PUT OPTIONS  ----------------------- >
                             NET                      SETTLE   PRICE                        NET                       SETTLE   PRICE
 STRIKE    GROSS    NET     CHANGE    T/O     DEAL    PRICE    CHANGE    GROSS     NET     CHANGE     T/O    DEAL     PRICE    CHANGE
-------- -------- -------- --------- ------- ------- --------- -------- -------- -------- --------- ------- ------- --------- --------
   25.00       10       10         0       0       0     28.03    -1.49      246      213       100     100       2      0.03    -0.05
   26.00        0        0         0       0       0     27.09    -1.48        0        0         0       0       0      0.05    -0.06
   27.00        0        0         0       0       0     26.13    -1.49        4        4         0       0       0      0.07    -0.07
   28.00        0        0         0       0       0     25.21    -1.48      104      104         0       0       0      0.09    -0.09
   29.00        0        0         0       0       0     24.27    -1.38        3        3         0       0       0      0.13    -0.10
   30.00        3        3         0       0       0     23.35    -1.48       28       12         0       0       0      0.17    -0.12
   31.00       10       10         0       0       0     22.48    -1.43        0        0         0       0       0      0.23    -0.14
   32.00        0        0         0       0       0     21.52    -1.46        2        2         0       0       0      0.30    -0.15
   33.00        0        0         0       0       0     20.63    -1.44      209      207         0       0       0      0.39    -0.15
   34.00        0        0         0       0       0     19.75    -1.43      470      450         0       0       0      0.50    -0.12
   35.00        1        1         0       0       0     18.88    -1.43       18       16         0       0       0      0.62    -0.13
   36.00        0        0         0       0       0     18.03    -1.40        5        4         0       0       0      0.76    -0.13
   37.00        0        0         0       0       0     17.21    -1.37       11       11         1       1       1      0.93    -0.10
   38.00        0        0         0       0       0     16.39    -1.36       31       31         1       1       1      1.11    -0.10
   39.00        0        0         0       0       0     15.59    -1.34      532      532         0       0       0      1.33    -0.07
   40.00        2        2         0       2       1     14.82    -1.34    2,145    2,134         0       0       0      1.56    -0.03
   41.00       30       30         0       0       0     14.07    -1.30    1,927    1,918        13      13       2      1.84     0.01
   42.00       27       20         0       1       1     13.34    -1.28      437      279         9     118       3      2.11     0.03
   43.00       57       57         0       0       0     12.64    -1.25      342      112       -92     100       1      2.38     0.05
   44.00      102       92         0       0       0     11.95    -1.22      249      214         0       0       0      2.67     0.04
   45.00       62       56         0       0       0     11.31    -1.20    8,610    8,469     1,500   1,501       3      3.02     0.07
   46.00        1        1         0       0       0     10.68    -1.16      523      511         0       0       0      3.38     0.11
   47.00        6        4         1       1       1     10.03    -1.18      588      495         0       0       0      3.77     0.15
   48.00        6        5         0       0       0      9.49    -1.12    1,859    1,822         0       0       0      4.21     0.20
   49.00      100      100         0       0       0      8.97    -1.25      647      645        10      10       1      4.63     0.23
   50.00    1,402    1,229         5       6       2      8.48    -1.13    2,865    2,862         2      10       3      5.13     0.33
   52.50    1,100      764         0      32       4      7.50    -0.93    2,397    2,157         2       2       1      6.46     0.50
   55.00    1,987    1,182         1       1       1      6.33    -0.80    3,261    2,648         0       0       0      8.02     0.65
   57.50    2,751    2,185         0       1       1      5.41    -0.76      966      277         0       0       0      9.60     0.52
   60.00    3,657    3,654     1,044   1,092      15      4.78    -0.65      425      404         0       0       0     11.15     0.62
   62.50      306      274        -1       1       1      4.12    -0.63      405      384         0       0       0     13.32     0.95
   65.00    5,394    5,197       422   1,598      25      3.52    -0.67    1,501    1,501         0       0       0     15.29     1.00
   67.50      560      305         0       0       0      3.01    -0.66        3        3         0       0       0     17.32     1.05
   70.00   12,210   12,170     1,613   2,111      17      2.57    -0.65      280      280         0       0       0     19.41     1.09
   72.50      923      923         0      15       1      2.20    -0.63        2        2         0       0       0     21.59     1.16
   75.00    1,255    1,204        15      15       1      1.88    -0.62        0        0         0       0       0     23.79     1.20
   77.50    1,040      913       115     115       1      1.60    -0.61        0        0         0       0       0     26.06     1.26
   80.00    1,102      933         0       8       5      1.37    -0.59        0        0         0       0       0     28.35     1.29
   82.50    1,090      456         0       0       0      1.17    -0.57        0        0         0       0       0     30.70     1.33
   85.00      819      539         0       0       0      1.00    -0.55        0        0         0       0       0     33.08     1.33
   87.50      303      103         0       0       0      0.86    -0.53        0        0         0       0       0     35.51     1.07
DTOP                                                       HKEX - DCASS                                          RUN DATE :  10OCT25
                               DAILY TRADING ACTIVITY & OPEN POSITIONS DETAIL - OPTIONS (BY MARKET)              RUN TIME : 19:49:50
                                                                                                                 PAGE     :        9
REPORT DATE     : 10OCT25   
CLEARINGHOUSE   : SEOCH

MARKET          : SOM   - STOCK OPTIONS                   
UNDERLYING      : MIU   
EXPIRATION DATE : 29 JUN 26

         < ------------------  CALL OPTIONS  ------------------------ > < -------------------  PUT OPTIONS  ----------------------- >
                             NET                      SETTLE   PRICE                        NET                       SETTLE   PRICE
 STRIKE    GROSS    NET     CHANGE    T/O     DEAL    PRICE    CHANGE    GROSS     NET     CHANGE     T/O    DEAL     PRICE    CHANGE
-------- -------- -------- --------- ------- ------- --------- -------- -------- -------- --------- ------- ------- --------- --------
   90.00      183       30         0       0       0      0.74    -0.51        0        0         0       0       0     37.99     1.15
   92.50      132      116         0       0       0      0.63    -0.50        0        0         0       0       0     40.49     1.22
   95.00       65        1         0       0       0      0.55    -0.47        0        0         0       0       0     42.99     1.27
   97.50        0        0         0       0       0      0.47    -0.45        0        0         0       0       0     45.49     1.30
  100.00        5        1         0       0       0      0.41    -0.43        0        0         0       0       0     47.99     1.33
  102.50        0        0         0       0       0      0.35    -0.42        0        0         0       0       0     50.49     1.34
  105.00        1        1         0       0       0      0.30    -0.40        0        0         0       0       0     52.98     1.33
  107.50        3        3         0       0       0      0.26    -0.39        0        0         0       0       0     55.49     1.34
  110.00       40       29         0       0       0      0.23    -0.37        0        0         0       0       0     57.99     1.34
-------- -------- -------- --------- ------- -------                    -------- -------- --------- ------- -------
TOTAL       36745    32603      3215    4999      77                       31095    28706      1546    1856      18

 C+P
 TOTAL      67840    61309      4761    6855      95



























DTOP                                                       HKEX - DCASS                                          RUN DATE :  10OCT25
                               DAILY TRADING ACTIVITY & OPEN POSITIONS DETAIL - OPTIONS (BY MARKET)              RUN TIME : 19:49:50
                                                                                                                 PAGE     :       10
REPORT DATE     : 10OCT25   
CLEARINGHOUSE   : SEOCH

MARKET          : SOM   - STOCK OPTIONS                   
UNDERLYING      : MIU   
EXPIRATION DATE : 29 SEP 26

         < ------------------  CALL OPTIONS  ------------------------ > < -------------------  PUT OPTIONS  ----------------------- >
                             NET                      SETTLE   PRICE                        NET                       SETTLE   PRICE
 STRIKE    GROSS    NET     CHANGE    T/O     DEAL    PRICE    CHANGE    GROSS     NET     CHANGE     T/O    DEAL     PRICE    CHANGE
-------- -------- -------- --------- ------- ------- --------- -------- -------- -------- --------- ------- ------- --------- --------
   42.00       29       29        20      21       3     14.48    -1.20      283      251        -2      10       4      2.74     0.13
   43.00       11       11         0       0       0     13.72    -1.23      284      284         0       0       0      3.12     0.20
   44.00       15       15         0       0       0     13.08    -1.20      424      187       100     101       2      3.49     0.23
   45.00      111       21         0       0       0     12.48    -1.18      326      247         0       0       0      3.88     0.29
   46.00      650      650         0       0       0     11.91    -1.14      215      215       100     100       1      4.28     0.31
   47.00        1        1         1       1       1     11.33    -1.09      182      182         0       0       0      4.70     0.33
   48.00        1        1         0       0       0     10.44    -1.44      216      211         0       0       0      5.12     0.33
   49.00        2        2         0       0       0     10.02    -1.32      871      771        44      44       2      5.59     0.37
   50.00      457      457       450     451       3     10.01    -1.04    3,884    3,700     2,005   2,005       2      6.11     0.42
   52.50        3        3         0       0       0      8.71    -0.80      687      516         0       0       0      7.44     0.48
   55.00      221      219        -1       3       2      7.73    -0.80      202      189         2       2       2      9.00     0.61
   57.50       49       47         0       0       0      6.86    -0.71      120       50         0       0       0     10.57     0.61
   60.00      263      262         0       1       1      6.12    -0.65      132      105         1       1       1     12.35     0.74
   62.50       35       33         0       0       0      5.55    -0.54    1,100    1,100         0       0       0     14.20     0.91
   65.00       12       12         0       0       0      4.93    -0.48       86       86         0       0       0     16.12     0.96
   67.50       90       90         0       0       0      4.44    -0.48       30       30         0       0       0     18.10     1.00
   70.00       91       91         4       4       2      4.01    -0.40        0        0         0       0       0     20.14     1.05
   72.50        1        1         0       0       0      3.60    -0.35        0        0         0       0       0     22.24     1.10
   75.00      555      547       356     464       4      3.24    -0.30        0        0         0       0       0     24.38     1.14
   77.50      149       57         0       0       0      2.92    -0.27        0        0         0       0       0     26.56     1.17
   80.00       53        7         0       0       0      2.64    -0.23       50       46         0       0       0     28.80     1.23
   82.50      500      455         0       0       0      2.40    -0.19        0        0         0       0       0     31.07     1.26
-------- -------- -------- --------- ------- -------                    -------- -------- --------- ------- -------
TOTAL        3299     3011       830     945      16                        9092     8170      2250    2263      14

 C+P
 TOTAL      12391    11181      3080    3208      30














DTOP                                                       HKEX - DCASS                                          RUN DATE :  10OCT25
                               DAILY TRADING ACTIVITY & OPEN POSITIONS DETAIL - OPTIONS (BY MARKET)              RUN TIME : 19:49:50
                                                                                                                 PAGE     :       11
REPORT DATE     : 10OCT25   
CLEARINGHOUSE   : SEOCH

MARKET          : SOM   - STOCK OPTIONS                   
UNDERLYING      : MIU   
EXPIRATION DATE : 29 SEP 26

         < ------------------  CALL OPTIONS  ------------------------ > < -------------------  PUT OPTIONS  ----------------------- >
                             NET                      SETTLE   PRICE                        NET                       SETTLE   PRICE
 STRIKE    GROSS    NET     CHANGE    T/O     DEAL    PRICE    CHANGE    GROSS     NET     CHANGE     T/O    DEAL     PRICE    CHANGE
-------- -------- -------- --------- ------- ------- --------- -------- -------- -------- --------- ------- ------- --------- --------
NOTE:

"GROSS"        = EITHER THE TOTAL NUMBER OF LONG OR THE TOTAL NUMBER OF SHORT POSITIONS IN A CONTRACT HELD BY ALL PARTICIPANTS IN
                    THE MARKET

"NET"          = EITHER THE TOTAL NUMBER OF THE NET LONG OR THE TOTAL NUMBER OF NET SHORT POSITION IN A CONTRACT HELD BY ALL MARKET
                    PARTICIPANTS. IT IS CALCULATED BY NETTING THE LONG AND SHORT POSITIONS IN A PARTICULAR CONTRACT HELD IN ALL ITS
                    ACCOUNTS BY EACH PARTICIPANT AND THEN SUM ALL NET LONG OR NET SHORT ACROSS ALL PARTICIPANTS IN THE MARKET.

"NET CHANGE"   = THE CHANGE OF "NET" BETWEEN THE CURRENT TRADE DAY AND THE PREVIOUS TRADE DAY

"T/O"          = THE NUMBER OF CONTRACTS TRADED IN THE MARKET

"DEAL"         = THE NUMBER OF MATCHED ORDERS IN THE MARKET

"SETTLE PRICE" = THE SETTLEMENT PRICE OF THE SERIES ON THE CURRENT TRADE DAY

"PRICE CHANGE" = THE CHANGE OF SETTLEMENT PRICE BETWEEN THE CURRENT TRADE DAY AND THE PREVIOUS TRADE DAY

* ON THE LAST TRADING DAY, THE UNEXERCISED AND UNASSIGNED AMOUNT WILL BE SHOWN FOR THE "GROSS" AND "NET" OF THE SPOT OPTIONS SERIES.


                                                       ***END OF REPORT***


















