DTOP                                                       HKEX - DCASS                                          RUN DATE :  04MAR24
                               DAILY TRADING ACTIVITY & OPEN POSITIONS DETAIL - OPTIONS (BY MARKET)              RUN TIME : 19:52:11
                                                                                                                 PAGE     :        1
REPORT DATE     : 04MAR24   
CLEARINGHOUSE   : SEOCH

MARKET          : SOM   - STOCK OPTIONS                   
UNDERLYING      : MIU   
EXPIRATION DATE : 27 MAR 24

         < ------------------  CALL OPTIONS  ------------------------ > < -------------------  PUT OPTIONS  ----------------------- >
                             NET                      SETTLE   PRICE                        NET                       SETTLE   PRICE
 STRIKE    GROSS    NET     CHANGE    T/O     DEAL    PRICE    CHANGE    GROSS     NET     CHANGE     T/O    DEAL     PRICE    CHANGE
-------- -------- -------- --------- ------- ------- --------- -------- -------- -------- --------- ------- ------- --------- --------
    7.75        0        0         0       0       0      5.59    -0.02      665      434         0       0       0      0.01     0.00
    8.00        0        0         0       0       0      5.35    -0.03      228       10         0       0       0      0.01     0.00
    8.25       32       30         0       0       0      5.10    -0.03      334       29         0       0       0      0.01     0.00
    8.50       30       30         0       0       0      4.85    -0.03      130       26         0       0       0      0.01     0.00
    8.75        0        0         0       0       0      4.60    -0.04      500      500         0       0       0      0.01     0.00
    9.00        0        0         0       0       0      4.35    -0.02      511      236         0       0       0      0.01     0.00
    9.25      330      330         0       0       0      4.10    -0.02      270      268         0       0       0      0.01     0.00
    9.50        0        0         0       0       0      3.85    -0.04      666      496       -10      10       1      0.01     0.00
    9.75       78       78         0       0       0      3.61    -0.01    1,154      885         0       0       0      0.01     0.00
   10.00      216      156         0       0       0      3.36    -0.02    3,402    3,117         0       0       0      0.01     0.00
   10.50       83       75         0       0       0      2.87    -0.02    1,765    1,607        80      80       1      0.01     0.00
   11.00      350      196         0       0       0      2.39     0.01    2,667    2,628        60      60       2      0.03     0.00
   11.50      335      211         0       0       0      1.91    -0.04    1,798    1,459        10      15       2      0.06    -0.01
   12.00    1,318    1,181         0       1       1      1.48    -0.03    2,788    2,211        85      93       7      0.13    -0.01
   12.50    2,254    2,113        10      10       1      1.10    -0.03    6,496    5,941        71     366      17      0.25     0.00
   13.00    4,976    4,251        -9     207      11      0.79    -0.02    3,830    2,685        19     449      24      0.43     0.00
   13.50    3,023    2,029       -56     302      21      0.55    -0.02    2,454    2,086        39     478      12      0.70     0.02
   14.00    5,802    4,778       152     267      19      0.37    -0.01    7,412    7,354         0       0       0      1.02     0.02
   14.50    5,528    4,894      -133     406      32      0.25    -0.01      781      707         0       5       1      1.40     0.02
   15.00    6,118    5,230       -99     209      15      0.17     0.00    2,531    1,540         0       0       0      1.80    -0.01
   15.50    2,341    1,975       -10      10       1      0.12     0.01    1,949    1,646         0       0       0      2.25     0.00
   16.00    3,813    3,133        23     157       7      0.08     0.00    1,555    1,283         0       0       0      2.76     0.04
   16.50    3,368    3,247        80     200       6      0.06     0.01    1,422      347         0       0       0      3.23     0.03
   17.00    3,774    3,111      -100     220       4      0.04     0.01    1,544    1,281        30      90       9      3.72     0.02
   17.50      606      598       120     140       2      0.03     0.01      956      956         0       0       0      4.21     0.02
   18.00    1,904    1,719        68     212       4      0.02     0.01        0        0         0       0       0      4.70    -0.04
   18.50      775      679         0       0       0      0.01     0.00        0        0         0       0       0      5.20     0.02
   19.00    5,959    5,353         0       0       0      0.01     0.00        0        0         0       0       0      5.70     0.02
   19.50      581      282         0       0       0      0.01     0.00        0        0         0       0       0      6.20     0.02
   20.00    1,864    1,591         0      50       1      0.01     0.00        0        0         0       0       0      6.70     0.02
   21.00      375      373         0       0       0      0.01     0.00        0        0         0       0       0      7.70     0.02
   22.00      459      339         0       0       0      0.01     0.00        0        0         0       0       0      8.70     0.02
   23.00      410      290         0       0       0      0.01     0.00        0        0         0       0       0      9.70     0.02
   24.00      578      398         0       0       0      0.01     0.00        0        0         0       0       0     10.69     0.01
   25.00      711      408         0       0       0      0.01     0.00        0        0         0       0       0     11.69     0.01
   26.00      292      292         0       0       0      0.01     0.00        0        0         0       0       0     12.69     0.01
   27.00       59       59         0       0       0      0.01     0.00        0        0         0       0       0     13.69     0.01
   28.00      121      121         0       0       0      0.01     0.00        0        0         0       0       0     14.69     0.01
   29.00      100      100         0       0       0      0.01     0.00        0        0         0       0       0     15.69     0.01
   30.00    3,091    2,822         0       0       0      0.01     0.00        0        0         0       0       0     16.69     0.01

DTOP                                                       HKEX - DCASS                                          RUN DATE :  04MAR24
                               DAILY TRADING ACTIVITY & OPEN POSITIONS DETAIL - OPTIONS (BY MARKET)              RUN TIME : 19:52:11
                                                                                                                 PAGE     :        2
REPORT DATE     : 04MAR24   
CLEARINGHOUSE   : SEOCH

MARKET          : SOM   - STOCK OPTIONS                   
UNDERLYING      : MIU   
EXPIRATION DATE : 27 MAR 24

         < ------------------  CALL OPTIONS  ------------------------ > < -------------------  PUT OPTIONS  ----------------------- >
                             NET                      SETTLE   PRICE                        NET                       SETTLE   PRICE
 STRIKE    GROSS    NET     CHANGE    T/O     DEAL    PRICE    CHANGE    GROSS     NET     CHANGE     T/O    DEAL     PRICE    CHANGE
-------- -------- -------- --------- ------- ------- --------- -------- -------- -------- --------- ------- ------- --------- --------
-------- -------- -------- --------- ------- -------                    -------- -------- --------- ------- -------
TOTAL       61654    52472        46    2391     125                       47808    39732       384    1646      76

 C+P
 TOTAL     109462    92204       430    4037     201




































DTOP                                                       HKEX - DCASS                                          RUN DATE :  04MAR24
                               DAILY TRADING ACTIVITY & OPEN POSITIONS DETAIL - OPTIONS (BY MARKET)              RUN TIME : 19:52:11
                                                                                                                 PAGE     :        3
REPORT DATE     : 04MAR24   
CLEARINGHOUSE   : SEOCH

MARKET          : SOM   - STOCK OPTIONS                   
UNDERLYING      : MIU   
EXPIRATION DATE : 29 APR 24

         < ------------------  CALL OPTIONS  ------------------------ > < -------------------  PUT OPTIONS  ----------------------- >
                             NET                      SETTLE   PRICE                        NET                       SETTLE   PRICE
 STRIKE    GROSS    NET     CHANGE    T/O     DEAL    PRICE    CHANGE    GROSS     NET     CHANGE     T/O    DEAL     PRICE    CHANGE
-------- -------- -------- --------- ------- ------- --------- -------- -------- -------- --------- ------- ------- --------- --------
    8.75        0        0         0       0       0      4.65    -0.01      350      151         0       0       0      0.01     0.00
    9.00       30       30         0       0       0      4.40    -0.02      140       30         0       0       0      0.01     0.00
    9.25        0        0         0       0       0      4.16    -0.02      308      174         0       0       0      0.01     0.00
    9.50        0        0         0       0       0      3.91    -0.02      353      243         0       0       0      0.01     0.00
    9.75        0        0         0       0       0      3.67    -0.02      434      420         0       0       0      0.02     0.00
   10.00        5        5         0       0       0      3.43    -0.08    2,051    2,051         0       0       0      0.03     0.00
   10.50        0        0         0       0       0      2.95    -0.04    3,169    3,093        10      10       1      0.05     0.00
   11.00       48       48         0       0       0      2.51     0.02    1,079    1,074         0      30       1      0.10     0.00
   11.50       60       60         0       0       0      2.07    -0.03    1,530    1,419         0      40       3      0.18     0.00
   12.00       62       60         0       0       0      1.68    -0.03    1,618    1,400         0       0       0      0.29     0.00
   12.50      387      310         1       1       1      1.34    -0.03    4,897    4,679       -11      29       7      0.44     0.01
   13.00      979      618         0       4       3      1.06    -0.02    2,074    1,595         1     109       8      0.65     0.01
   13.50    1,518    1,068        33      35       6      0.82    -0.01      893      868        -7       7       2      0.91     0.01
   14.00    1,885    1,523        24      26       6      0.62     0.00      595      580        30      30       1      1.22     0.03
   14.50    4,043    3,976        55     115       6      0.48    -0.01      371      371         0       0       0      1.58     0.02
   15.00    2,368    1,485         8      19       5      0.37     0.00      535      506         0       0       0      1.95    -0.01
   15.50    2,007    1,716         0      68       1      0.28     0.00       66       60         0       0       0      2.36    -0.01
   16.00      548      245        27      35       4      0.21     0.00      150      131         0       0       0      2.80     0.00
   16.50    1,588    1,182        -6       6       1      0.16     0.01        6        6         0       0       0      3.31     0.03
   17.00    1,313      520       -34      95       4      0.12     0.00        0        0         0       0       0      3.78     0.03
   17.50      371      270         0       0       0      0.09     0.00        0        0         0       0       0      4.25     0.02
   18.00      677      599       202     240       3      0.07     0.00        0        0         0       0       0      4.73    -0.01
   18.50    1,059      600         0       0       0      0.06     0.01        0        0         0       0       0      5.22     0.02
   19.00      156       60         0       0       0      0.04     0.00        0        0         0       0       0      5.71     0.02
   19.50      626      453         0       0       0      0.03     0.00        0        0         0       0       0      6.21     0.03
   20.00      361      239        12      18      18      0.02     0.00        0        0         0       0       0      6.70     0.02
   21.00      540      360         0       0       0      0.01     0.00        0        0         0       0       0      7.70     0.02
   22.00    1,144      634         0       0       0      0.01     0.00        0        0         0       0       0      8.70     0.02
-------- -------- -------- --------- ------- -------                    -------- -------- --------- ------- -------
TOTAL       21775    16061       322     662      58                       20619    18851        23     255      23

 C+P
 TOTAL      42394    34912       345     917      81








DTOP                                                       HKEX - DCASS                                          RUN DATE :  04MAR24
                               DAILY TRADING ACTIVITY & OPEN POSITIONS DETAIL - OPTIONS (BY MARKET)              RUN TIME : 19:52:11
                                                                                                                 PAGE     :        4
REPORT DATE     : 04MAR24   
CLEARINGHOUSE   : SEOCH

MARKET          : SOM   - STOCK OPTIONS                   
UNDERLYING      : MIU   
EXPIRATION DATE : 30 MAY 24

         < ------------------  CALL OPTIONS  ------------------------ > < -------------------  PUT OPTIONS  ----------------------- >
                             NET                      SETTLE   PRICE                        NET                       SETTLE   PRICE
 STRIKE    GROSS    NET     CHANGE    T/O     DEAL    PRICE    CHANGE    GROSS     NET     CHANGE     T/O    DEAL     PRICE    CHANGE
-------- -------- -------- --------- ------- ------- --------- -------- -------- -------- --------- ------- ------- --------- --------
    8.75        0        0         0       0       0      4.70    -0.03       40       40         0       0       0      0.01     0.00
    9.00        0        0         0       0       0      4.46    -0.03      300      300         0       0       0      0.02     0.01
    9.25        6        6         0       0       0      4.22    -0.04      395      390         0       0       0      0.03     0.01
    9.50        0        0         0       0       0      3.98    -0.04      210      180         0       0       0      0.04     0.01
    9.75        6        6         0       0       0      3.75    -0.04       60       60         0       0       0      0.05     0.00
   10.00        0        0         0       0       0      3.52    -0.03      159       67         0       0       0      0.07     0.01
   10.50        0        0         0       0       0      3.06    -0.04      378      352       259     300       2      0.12     0.01
   11.00       16       16         0       0       0      2.64     0.02      105      105         0       0       0      0.20     0.01
   11.50        6        6         0       0       0      2.23    -0.04      385      146         0       0       0      0.31     0.01
   12.00        5        5         0       0       0      1.87    -0.03      682      513        -4       4       2      0.44     0.00
   12.50        9        8         0       0       0      1.55    -0.03      988      939         0       2       1      0.61     0.01
   13.00      619      535         0       0       0      1.27    -0.03      484      483         0       0       0      0.83     0.01
   13.50      217      217         0       0       0      1.03    -0.06       74       60         0       5       1      1.09     0.02
   14.00      408      408         4       4       1      0.84    -0.04       44       44         0       0       0      1.39     0.02
   14.50      185      185       100     101       2      0.68     0.00        0        0         0       0       0      1.73     0.02
   15.00      149      133         0       0       0      0.55    -0.01        5        5         0       0       0      2.09    -0.01
   15.50      145       81         2       2       2      0.45     0.00        0        0         0       0       0      2.49     0.00
   16.00      315       97        -6      16       4      0.37     0.02        0        0         0       0       0      2.95     0.03
   16.50      232       82         0       0       0      0.30     0.02        0        0         0       0       0      3.39     0.03
   17.00       52       52         0       0       0      0.24     0.02        0        0         0       0       0      3.84     0.03
   17.50      118       62         0       0       0      0.20     0.03        0        0         0       0       0      4.31     0.03
   18.00      365      273         0       0       0      0.16     0.03        0        0         0       0       0      4.78     0.03
-------- -------- -------- --------- ------- -------                    -------- -------- --------- ------- -------
TOTAL        2853     2172       100     123       9                        4309     3684       255     311       6

 C+P
 TOTAL       7162     5856       355     434      15














DTOP                                                       HKEX - DCASS                                          RUN DATE :  04MAR24
                               DAILY TRADING ACTIVITY & OPEN POSITIONS DETAIL - OPTIONS (BY MARKET)              RUN TIME : 19:52:11
                                                                                                                 PAGE     :        5
REPORT DATE     : 04MAR24   
CLEARINGHOUSE   : SEOCH

MARKET          : SOM   - STOCK OPTIONS                   
UNDERLYING      : MIU   
EXPIRATION DATE : 27 JUN 24

         < ------------------  CALL OPTIONS  ------------------------ > < -------------------  PUT OPTIONS  ----------------------- >
                             NET                      SETTLE   PRICE                        NET                       SETTLE   PRICE
 STRIKE    GROSS    NET     CHANGE    T/O     DEAL    PRICE    CHANGE    GROSS     NET     CHANGE     T/O    DEAL     PRICE    CHANGE
-------- -------- -------- --------- ------- ------- --------- -------- -------- -------- --------- ------- ------- --------- --------
    7.75        2        2         0       0       0      5.72    -0.02      968      738         0       0       0      0.01     0.00
    8.00       27       26         0       0       0      5.47    -0.04      566      565         0       0       0      0.01     0.00
    8.25       30       30         0       0       0      5.23    -0.04      471      471         0       0       0      0.01     0.00
    8.50        0        0         0       0       0      4.99    -0.04      207      129         0       0       0      0.02     0.01
    8.75        0        0         0       0       0      4.76    -0.03       43       41         0       0       0      0.03     0.01
    9.00        0        0         0       0       0      4.52    -0.04      282      210         0       0       0      0.04     0.00
    9.25        0        0         0       0       0      4.29    -0.03      311      311         0       0       0      0.06     0.01
    9.50        0        0         0       0       0      4.06    -0.03    1,823    1,773       -20      20       1      0.07     0.00
    9.75        0        0         0       0       0      3.83    -0.03      349      180         0       0       0      0.09     0.00
   10.00        5        5         0       0       0      3.60    -0.04      245      181         0       0       0      0.12     0.01
   10.50        6        6         0       0       0      3.17    -0.03      299      144         0       0       0      0.19     0.01
   11.00       51       39         0       0       0      2.76    -0.05    1,059      438         0       0       0      0.28     0.00
   11.50      110      101         0       0       0      2.36    -0.04      597      421         0       0       0      0.41     0.01
   12.00       77       54         0       0       0      2.02    -0.03    2,995    1,832         0       2       1      0.55     0.01
   12.50    2,702    2,613         0       0       0      1.70    -0.03    5,476    4,451         0       0       0      0.73     0.01
   13.00    4,861    4,861         0      30       7      1.44    -0.03    5,492    5,441       -20      20       2      0.95     0.01
   13.50      781      781         2       2       1      1.20    -0.03    5,361    4,720         0       0       0      1.21     0.00
   14.00    1,708    1,674         0       0       0      1.01    -0.01    5,964    5,746         0       5       1      1.51     0.04
   14.50    1,013      903         0       0       0      0.84    -0.01      879      797         0       0       0      1.85     0.03
   15.00    4,631    4,328         0       0       0      0.70     0.00    1,086    1,086         0       0       0      2.21     0.02
   15.50    6,419    5,386         0       0       0      0.58     0.01      454      454         0       0       0      2.59     0.02
   16.00    1,807    1,701        37      73       5      0.49     0.03      892      892         0       0       0      3.03     0.04
   16.50      659      298         0     148       2      0.41     0.04      823      428         0       0       0      3.46     0.04
   17.00    2,162    1,667         0       0       0      0.35     0.05      115      100         0       0       0      3.91     0.04
   17.50    1,331    1,216         0       0       0      0.30     0.06      112      105         0       0       0      4.36     0.04
   18.00    2,962    2,889         0       0       0      0.26     0.07      364      364         0       0       0      4.82     0.03
   18.50      535      535         2       2       1      0.22     0.07        0        0         0       0       0      5.30     0.04
   19.00    1,434    1,412       -20      20       3      0.18     0.06       32        2         0       0       0      5.77     0.04
   19.50      337      237         0       0       0      0.16     0.06        0        0         0       0       0      6.26     0.04
   20.00      548      513         0       0       0      0.14     0.06      102      100         0       0       0      6.74     0.04
   21.00      393      183         0       0       0      0.10     0.05        0        0         0       0       0      7.72     0.04
   22.00      732      637       -30      30       1      0.07     0.04        0        0         0       0       0      8.71     0.03
   23.00       71       71        11      11       2      0.06     0.04        0        0         0       0       0      9.71     0.03
   24.00      430      344         0       0       0      0.04     0.03        0        0         0       0       0     10.70     0.02
   25.00      919      823         0       0       0      0.03     0.02        0        0         0       0       0     11.70     0.02
   26.00       40       40         0       0       0      0.02     0.01        0        0         0       0       0     12.70     0.02
   27.00        0        0         0       0       0      0.01     0.00        0        0         0       0       0     13.70     0.02
   28.00       82       56         0       0       0      0.01     0.00        0        0         0       0       0     14.70     0.02
   29.00      234       60         0       0       0      0.01     0.00        0        0         0       0       0     15.70     0.02
   30.00    1,800      928       584     824      49      0.01     0.00        0        0         0       0       0     16.70     0.02

DTOP                                                       HKEX - DCASS                                          RUN DATE :  04MAR24
                               DAILY TRADING ACTIVITY & OPEN POSITIONS DETAIL - OPTIONS (BY MARKET)              RUN TIME : 19:52:11
                                                                                                                 PAGE     :        6
REPORT DATE     : 04MAR24   
CLEARINGHOUSE   : SEOCH

MARKET          : SOM   - STOCK OPTIONS                   
UNDERLYING      : MIU   
EXPIRATION DATE : 27 JUN 24

         < ------------------  CALL OPTIONS  ------------------------ > < -------------------  PUT OPTIONS  ----------------------- >
                             NET                      SETTLE   PRICE                        NET                       SETTLE   PRICE
 STRIKE    GROSS    NET     CHANGE    T/O     DEAL    PRICE    CHANGE    GROSS     NET     CHANGE     T/O    DEAL     PRICE    CHANGE
-------- -------- -------- --------- ------- ------- --------- -------- -------- -------- --------- ------- ------- --------- --------
-------- -------- -------- --------- ------- -------                    -------- -------- --------- ------- -------
TOTAL       38899    34419       586    1140      71                       37367    32120       -40      47       5

 C+P
 TOTAL      76266    66539       546    1187      76




































DTOP                                                       HKEX - DCASS                                          RUN DATE :  04MAR24
                               DAILY TRADING ACTIVITY & OPEN POSITIONS DETAIL - OPTIONS (BY MARKET)              RUN TIME : 19:52:11
                                                                                                                 PAGE     :        7
REPORT DATE     : 04MAR24   
CLEARINGHOUSE   : SEOCH

MARKET          : SOM   - STOCK OPTIONS                   
UNDERLYING      : MIU   
EXPIRATION DATE : 27 SEP 24

         < ------------------  CALL OPTIONS  ------------------------ > < -------------------  PUT OPTIONS  ----------------------- >
                             NET                      SETTLE   PRICE                        NET                       SETTLE   PRICE
 STRIKE    GROSS    NET     CHANGE    T/O     DEAL    PRICE    CHANGE    GROSS     NET     CHANGE     T/O    DEAL     PRICE    CHANGE
-------- -------- -------- --------- ------- ------- --------- -------- -------- -------- --------- ------- ------- --------- --------
    8.50       28        0         0       0       0      5.14    -0.07      790      346         0       0       0      0.10     0.01
    8.75       30       30         0       0       0      4.95    -0.03       52        2         0       0       0      0.13     0.02
    9.00        0        0         0       0       0      4.72    -0.04      135      135         0       0       0      0.15     0.01
    9.25        0        0         0       0       0      4.51    -0.03      121      121         0       0       0      0.19     0.02
    9.50       30       30         0       0       0      4.30    -0.03       26        7         0       0       0      0.22     0.01
    9.75        0        0         0       0       0      4.09    -0.03      173      162         0       0       0      0.27     0.02
   10.00       34       34         0       0       0      3.88    -0.04      341      341         0       0       0      0.32     0.03
   10.50        3        0         0       0       0      3.48    -0.06      406      403         0       0       0      0.42     0.02
   11.00       30       30         0       0       0      3.13    -0.04      305      303         0       0       0      0.54     0.01
   11.50        0        0         0       0       0      2.79     0.03      196      138         0       0       0      0.69     0.02
   12.00       77       77         0       0       0      2.48     0.04      619      532       -20      20       1      0.84     0.01
   12.50       51       51         0       0       0      2.18     0.03      758      753         0       0       0      1.05     0.01
   13.00       51       50         0       0       0      1.90    -0.02    2,341    2,341         0     131       2      1.28     0.02
   13.50    2,266    2,260         0       0       0      1.67     0.02      348      250         0       0       0      1.55     0.02
   14.00      182      164         0       0       0      1.44    -0.04      797      797         0       0       0      1.81     0.00
   14.50       43       39         0       0       0      1.22    -0.07      150      150         0       0       0      2.09    -0.04
   15.00      309      276         0       0       0      1.06    -0.06      350      266         0       0       0      2.40    -0.06
   15.50    3,178    3,141         0       0       0      0.89    -0.09      356      356         0       0       0      2.73    -0.10
   16.00    1,217    1,184         0       0       0      0.74    -0.11      205       98         0       0       0      3.09    -0.12
   16.50    4,065    3,959       -60      60       2      0.60    -0.13      160      160         0       0       0      3.57    -0.04
   17.00    2,426    2,401         0       1       1      0.49    -0.14       25       20         0       0       0      3.98    -0.05
   17.50    1,364      910         0       1       1      0.39    -0.16        3        0         0       0       0      4.41    -0.06
   18.00    1,278    1,224         0       0       0      0.31    -0.16        1        1         0       0       0      4.87    -0.04
   18.50    1,656    1,656         0       0       0      0.24    -0.16       48        2         0       0       0      5.34    -0.04
   19.00    2,673    2,670         0       0       0      0.18    -0.17       40        0         0       0       0      5.83    -0.01
   19.50      195       83         0       0       0      0.16    -0.14        3        3         0       0       0      6.34     0.04
   20.00      331      215         0       0       0      0.14    -0.12        0        0         0       0       0      6.82     0.04
   21.00      411      378         0       0       0      0.10    -0.09        5        4         0       0       0      7.77     0.03
   22.00      272      180         0       0       0      0.07    -0.07        1        1         0       0       0      8.75     0.04
   23.00      306      306         0       0       0      0.06    -0.05        0        0         0       0       0      9.73     0.05
   24.00      563      415         0       0       0      0.04    -0.04        0        0         0       0       0     10.72     0.04
   25.00      460      154         0       0       0      0.03    -0.03        0        0         0       0       0     11.72     0.04
   26.00      410      345         0       0       0      0.02    -0.02        0        0         0       0       0     12.70     0.02
   27.00        0        0         0       0       0      0.01    -0.02        0        0         0       0       0     13.70     0.02
   28.00      271      180         0       0       0      0.01    -0.01        0        0         0       0       0     14.70     0.02
   29.00      292       90      -225     225       1      0.01     0.00        0        0         0       0       0     15.70     0.02
   30.00      550      511        50      50       1      0.01     0.00        0        0         0       0       0     16.75     0.07




DTOP                                                       HKEX - DCASS                                          RUN DATE :  04MAR24
                               DAILY TRADING ACTIVITY & OPEN POSITIONS DETAIL - OPTIONS (BY MARKET)              RUN TIME : 19:52:11
                                                                                                                 PAGE     :        8
REPORT DATE     : 04MAR24   
CLEARINGHOUSE   : SEOCH

MARKET          : SOM   - STOCK OPTIONS                   
UNDERLYING      : MIU   
EXPIRATION DATE : 27 SEP 24

         < ------------------  CALL OPTIONS  ------------------------ > < -------------------  PUT OPTIONS  ----------------------- >
                             NET                      SETTLE   PRICE                        NET                       SETTLE   PRICE
 STRIKE    GROSS    NET     CHANGE    T/O     DEAL    PRICE    CHANGE    GROSS     NET     CHANGE     T/O    DEAL     PRICE    CHANGE
-------- -------- -------- --------- ------- ------- --------- -------- -------- -------- --------- ------- ------- --------- --------
-------- -------- -------- --------- ------- -------                    -------- -------- --------- ------- -------
TOTAL       25052    23043      -235     337       6                        8755     7692       -20     151       3

 C+P
 TOTAL      33807    30735      -255     488       9




































DTOP                                                       HKEX - DCASS                                          RUN DATE :  04MAR24
                               DAILY TRADING ACTIVITY & OPEN POSITIONS DETAIL - OPTIONS (BY MARKET)              RUN TIME : 19:52:11
                                                                                                                 PAGE     :        9
REPORT DATE     : 04MAR24   
CLEARINGHOUSE   : SEOCH

MARKET          : SOM   - STOCK OPTIONS                   
UNDERLYING      : MIU   
EXPIRATION DATE : 30 DEC 24

         < ------------------  CALL OPTIONS  ------------------------ > < -------------------  PUT OPTIONS  ----------------------- >
                             NET                      SETTLE   PRICE                        NET                       SETTLE   PRICE
 STRIKE    GROSS    NET     CHANGE    T/O     DEAL    PRICE    CHANGE    GROSS     NET     CHANGE     T/O    DEAL     PRICE    CHANGE
-------- -------- -------- --------- ------- ------- --------- -------- -------- -------- --------- ------- ------- --------- --------
    8.75        0        0         0       0       0      5.23     0.00        4        4         0       0       0      0.26     0.05
    9.00        4        4         0       0       0      4.95    -0.07       62       60         0       0       0      0.29     0.05
    9.25        0        0         0       0       0      4.75    -0.06       32       30         0       0       0      0.34     0.05
    9.50        0        0         0       0       0      4.55    -0.06       81       62         0       0       0      0.38     0.04
    9.75        0        0         0       0       0      4.36    -0.05       86       60         0       0       0      0.43     0.04
   10.00        1        1         0       0       0      4.15    -0.07      467      214         0      90       1      0.48     0.03
   10.50        0        0         0       0       0      3.79    -0.07      478      341         0       0       0      0.60     0.02
   11.00        0        0         0       0       0      3.45    -0.04      330      220         0       0       0      0.76     0.04
   11.50        0        0         0       0       0      3.16    -0.01      669      632         0       0       0      0.92     0.04
   12.00      445      400         0       0       0      2.78    -0.02      986      738         0       0       0      1.11     0.05
   12.50      227        7         0       0       0      2.59     0.06    4,390    4,100         0       0       0      1.31     0.03
   13.00      209       46         0       0       0      2.33     0.05    2,080    1,762         0       0       0      1.54     0.02
   13.50      633      487         0       0       0      2.10     0.05      465      102         0       0       0      1.85     0.04
   14.00       87       78         0       0       0      1.88     0.04      279      254         0       0       0      2.12     0.03
   14.50       47       15         0       0       0      1.66     0.00      225      164         0       0       0      2.40     0.00
   15.00      173      113         0       0       0      1.50    -0.01      135      101         0       0       0      2.69    -0.04
   15.50       44       32         0       0       0      1.31    -0.05       90       50         0       0       0      3.00    -0.07
   16.00      736      653         0       0       0      1.13    -0.08      705      610         0       0       0      3.34    -0.09
   16.50      120       34         0       0       0      0.98    -0.10        0        0         0       0       0      3.80    -0.01
   17.00      484      212         0       0       0      0.83    -0.15        2        2         0       0       0      4.18    -0.03
   17.50      215      203         0       0       0      0.71    -0.13        1        1         0       0       0      4.58    -0.04
   18.00      220      155        13      20       1      0.59    -0.19        0        0         0       0       0      5.00    -0.04
   18.50      452      389         5       5       5      0.49    -0.21        1        1         0       0       0      5.44    -0.04
   19.00      172      139         0       0       0      0.41    -0.22       14       14         0       0       0      5.89    -0.01
   19.50      372      300         0       0       0      0.33    -0.23        1        1         0       0       0      6.37    -0.01
   20.00      182      157        -1       1       1      0.27    -0.23        0        0         0       0       0      6.86     0.05
   21.00      543      537         0       0       0      0.17    -0.23        0        0         0       0       0      7.84     0.07
   22.00      578      350       -10      10       1      0.10    -0.22       20       19         0       0       0      8.78     0.07
-------- -------- -------- --------- ------- -------                    -------- -------- --------- ------- -------
TOTAL        5944     4312         7      36       8                       11603     9542         0      90       1

 C+P
 TOTAL      17547    13854         7     126       9








DTOP                                                       HKEX - DCASS                                          RUN DATE :  04MAR24
                               DAILY TRADING ACTIVITY & OPEN POSITIONS DETAIL - OPTIONS (BY MARKET)              RUN TIME : 19:52:11
                                                                                                                 PAGE     :       10
REPORT DATE     : 04MAR24   
CLEARINGHOUSE   : SEOCH

MARKET          : SOM   - STOCK OPTIONS                   
UNDERLYING      : MIU   
EXPIRATION DATE : 28 MAR 25

         < ------------------  CALL OPTIONS  ------------------------ > < -------------------  PUT OPTIONS  ----------------------- >
                             NET                      SETTLE   PRICE                        NET                       SETTLE   PRICE
 STRIKE    GROSS    NET     CHANGE    T/O     DEAL    PRICE    CHANGE    GROSS     NET     CHANGE     T/O    DEAL     PRICE    CHANGE
-------- -------- -------- --------- ------- ------- --------- -------- -------- -------- --------- ------- ------- --------- --------
    9.25        0        0         0       0       0      4.87     0.01       30       30         0       0       0      0.40     0.02
    9.50        0        0         0       0       0      4.69     0.01        0        0         0       0       0      0.45     0.02
    9.75        0        0         0       0       0      4.51     0.01        0        0         0       0       0      0.52     0.02
   10.00        0        0         0       0       0      4.33     0.01        0        0         0       0       0      0.59     0.03
   10.50        0        0         0       0       0      3.99     0.01        0        0         0       0       0      0.71     0.01
   11.00        0        0         0       0       0      3.68     0.01      120      120         0       0       0      0.88     0.01
   11.50        0        0         0       0       0      3.38     0.01        0        0         0       0       0      1.07     0.01
   12.00        0        0         0       0       0      3.10     0.01        0        0         0       0       0      1.27     0.00
   12.50        0        0         0       0       0      2.84     0.01        0        0         0       0       0      1.50     0.01
   13.00        0        0         0       0       0      2.60     0.01        0        0         0       0       0      1.75     0.01
   13.50        0        0         0       0       0      2.38     0.01        0        0         0       0       0      2.01     0.01
   14.00        0        0         0       0       0      2.17     0.01        0        0         0       0       0      2.30     0.01
   14.50      101        0         0       0       0      1.99     0.02      101        0         0       0       0      2.60     0.01
   15.00      101        0         0       0       0      1.82     0.02      101        0         0       0       0      2.93     0.02
   15.50        0        0         0       0       0      1.66     0.03        0        0         0       0       0      3.27     0.03
   16.00        0        0         0       0       0      1.52     0.03        0        0         0       0       0      3.62     0.02
   16.50        0        0         0       0       0      1.39     0.04        0        0         0       0       0      4.00     0.04
   17.00        0        0         0       0       0      1.27     0.04        0        0         0       0       0      4.37    -0.04
   17.50       63       63         0       0       0      1.16     0.02        0        0         0       0       0      4.77    -0.05
   18.00        0        0         -       0       0      1.06        -        0        0         -       0       0      5.17        -
-------- -------- -------- --------- ------- -------                    -------- -------- --------- ------- -------
TOTAL         265       63         0       0       0                         352      150         0       0       0

 C+P
 TOTAL        617      213         0       0       0
















DTOP                                                       HKEX - DCASS                                          RUN DATE :  04MAR24
                               DAILY TRADING ACTIVITY & OPEN POSITIONS DETAIL - OPTIONS (BY MARKET)              RUN TIME : 19:52:11
                                                                                                                 PAGE     :       11
REPORT DATE     : 04MAR24   
CLEARINGHOUSE   : SEOCH

MARKET          : SOM   - STOCK OPTIONS                   
UNDERLYING      : MIU   
EXPIRATION DATE : 28 MAR 25

         < ------------------  CALL OPTIONS  ------------------------ > < -------------------  PUT OPTIONS  ----------------------- >
                             NET                      SETTLE   PRICE                        NET                       SETTLE   PRICE
 STRIKE    GROSS    NET     CHANGE    T/O     DEAL    PRICE    CHANGE    GROSS     NET     CHANGE     T/O    DEAL     PRICE    CHANGE
-------- -------- -------- --------- ------- ------- --------- -------- -------- -------- --------- ------- ------- --------- --------
NOTE:

"GROSS"        = EITHER THE TOTAL NUMBER OF LONG OR THE TOTAL NUMBER OF SHORT POSITIONS IN A CONTRACT HELD BY ALL PARTICIPANTS IN
                    THE MARKET

"NET"          = EITHER THE TOTAL NUMBER OF THE NET LONG OR THE TOTAL NUMBER OF NET SHORT POSITION IN A CONTRACT HELD BY ALL MARKET
                    PARTICIPANTS. IT IS CALCULATED BY NETTING THE LONG AND SHORT POSITIONS IN A PARTICULAR CONTRACT HELD IN ALL ITS
                    ACCOUNTS BY EACH PARTICIPANT AND THEN SUM ALL NET LONG OR NET SHORT ACROSS ALL PARTICIPANTS IN THE MARKET.

"NET CHANGE"   = THE CHANGE OF "NET" BETWEEN THE CURRENT TRADE DAY AND THE PREVIOUS TRADE DAY

"T/O"          = THE NUMBER OF CONTRACTS TRADED IN THE MARKET

"DEAL"         = THE NUMBER OF MATCHED ORDERS IN THE MARKET

"SETTLE PRICE" = THE SETTLEMENT PRICE OF THE SERIES ON THE CURRENT TRADE DAY

"PRICE CHANGE" = THE CHANGE OF SETTLEMENT PRICE BETWEEN THE CURRENT TRADE DAY AND THE PREVIOUS TRADE DAY

* ON THE LAST TRADING DAY, THE UNEXERCISED AND UNASSIGNED AMOUNT WILL BE SHOWN FOR THE "GROSS" AND "NET" OF THE SPOT OPTIONS SERIES.


                                                       ***END OF REPORT***


















