DTOP                                                       HKEX - DCASS                                          RUN DATE :  03MAR25
                               DAILY TRADING ACTIVITY & OPEN POSITIONS DETAIL - OPTIONS (BY MARKET)              RUN TIME : 19:57:13
                                                                                                                 PAGE     :        1
REPORT DATE     : 03MAR25   
CLEARINGHOUSE   : SEOCH

MARKET          : SOM   - STOCK OPTIONS                   
UNDERLYING      : MIU   
EXPIRATION DATE : 28 MAR 25

         < ------------------  CALL OPTIONS  ------------------------ > < -------------------  PUT OPTIONS  ----------------------- >
                             NET                      SETTLE   PRICE                        NET                       SETTLE   PRICE
 STRIKE    GROSS    NET     CHANGE    T/O     DEAL    PRICE    CHANGE    GROSS     NET     CHANGE     T/O    DEAL     PRICE    CHANGE
-------- -------- -------- --------- ------- ------- --------- -------- -------- -------- --------- ------- ------- --------- --------
    9.25       33       32        28      30       1     41.72    -0.91      147      140         0       0       0      0.01     0.00
    9.50       30       30         0       0       0     41.47    -0.91       30        0         0       0       0      0.01     0.00
    9.75       40        0         0       0       0     41.23    -0.90        0        0         0       0       0      0.01     0.00
   10.00      100        0         0       0       0     40.98    -0.90      556       42         0       0       0      0.01     0.00
   10.50        0        0         0       0       0     40.48    -0.90        1        1         0       0       0      0.01     0.00
   11.00        0        0         0       0       0     39.98    -0.90      226      150         0       0       0      0.01     0.00
   11.50       30       30         0       0       0     39.48    -0.90      208      207         0       0       0      0.01     0.00
   12.00      100        0         0       0       0     38.98    -0.91      525      518         0       0       0      0.01     0.00
   12.50      396       34         0       0       0     38.48    -0.91    1,184      893         0       0       0      0.01     0.00
   13.00      428      118         0       0       0     37.98    -0.91      556      174         0       0       0      0.01     0.00
   13.50        0        0         0       0       0     37.49    -0.90    6,397    6,216         0       0       0      0.01     0.00
   14.00       51        1         0       0       0     36.99    -0.90    3,178    3,019         0       0       0      0.01     0.00
   14.50      482       12         0       0       0     36.49    -0.90      909      421         0       0       0      0.01     0.00
   15.00      477        2         0       0       0     35.99    -0.90    1,945    1,284         0       0       0      0.01     0.00
   15.50       50       36         0       0       0     35.49    -0.91      681      681         0       0       0      0.01     0.00
   16.00    3,034    2,686         0       0       0     34.99    -0.91    5,208    4,967         0       1       1      0.01     0.00
   16.50      879      876         0       0       0     34.49    -0.91    2,884    2,664         0       0       0      0.01     0.00
   17.00    1,141      588         0       0       0     33.99    -0.91    6,503    5,390         0       0       0      0.01     0.00
   17.50      845      344         0       0       0     33.50    -0.90    1,826    1,281         1       1       1      0.01     0.00
   18.00    4,171    3,638        -4   1,075      31     33.00    -0.90    5,805    4,146         0       1       1      0.01     0.00
   18.50    1,037      536         0       0       0     32.50    -0.90    2,290    1,071        30      30       8      0.01     0.00
   19.00      695      429         0       0       0     32.00    -0.91    1,103      733         0       0       0      0.01     0.00
   19.50      832      694         0       0       0     31.50    -0.91    1,113    1,021         0       0       0      0.01     0.00
   20.00    7,638    6,405         2       2       2     31.00    -0.91    4,960    3,659         0       0       0      0.01     0.00
   21.00    4,357    3,399         0       0       0     30.00    -0.91      582       81         2       2       1      0.01     0.00
   22.00    5,161    4,746         0       0       0     29.01    -0.90    5,202    5,176        17      20       2      0.01     0.00
   23.00    1,991    1,411        30      43       2     28.04    -0.88    2,001    1,666       391     391       5      0.01     0.00
   24.00    2,023    1,812         0       0       0     27.01    -0.91    2,455    2,126         1      31       2      0.01     0.00
   25.00    4,391    3,520         0       0       0     26.02    -0.90    8,558    7,069       160     161      14      0.01     0.00
   26.00    3,558    3,308         0       0       0     25.02    -0.91    1,595    1,490       131     313      18      0.01     0.00
   27.00    1,970    1,794         0       0       0     24.02    -0.91    2,344    1,938         0     232      12      0.01     0.00
   28.00    2,093      858         0       0       0     23.02    -0.91    3,313    3,102       438     439      27      0.01     0.00
   29.00    1,936    1,707         0       0       0     22.03    -0.90    1,133      920       387     417      24      0.01     0.00
   30.00    2,934    2,673       -29       0       0     21.03    -0.91    5,274    3,480        81     170       9      0.01     0.00
   31.00    8,904    5,615      -171     171       7     20.10    -0.84    4,061    3,695       249     249      16      0.01     0.00
   32.00    2,458    2,181        -2       2       1     19.04    -0.90    2,375    2,087       111     237      14      0.01     0.00
   33.00      786      631         0       0       0     18.04    -0.91    2,741    2,372       191     252      15      0.01     0.00
   34.00    1,989    1,753         0       0       0     17.05    -0.91    3,276    3,099        10     159      19      0.02     0.01
   35.00    3,761    3,622         0       1       1     16.06    -0.87    4,066    3,841       169     430      37      0.03     0.01
   36.00    5,896    5,572         1     106      13     15.08    -0.90    1,896      972        77     390      24      0.04     0.01
   37.00      893      830         0       0       0     14.11    -0.90    2,305    1,385       422     651      31      0.07     0.02
DTOP                                                       HKEX - DCASS                                          RUN DATE :  03MAR25
                               DAILY TRADING ACTIVITY & OPEN POSITIONS DETAIL - OPTIONS (BY MARKET)              RUN TIME : 19:57:13
                                                                                                                 PAGE     :        2
REPORT DATE     : 03MAR25   
CLEARINGHOUSE   : SEOCH

MARKET          : SOM   - STOCK OPTIONS                   
UNDERLYING      : MIU   
EXPIRATION DATE : 28 MAR 25

         < ------------------  CALL OPTIONS  ------------------------ > < -------------------  PUT OPTIONS  ----------------------- >
                             NET                      SETTLE   PRICE                        NET                       SETTLE   PRICE
 STRIKE    GROSS    NET     CHANGE    T/O     DEAL    PRICE    CHANGE    GROSS     NET     CHANGE     T/O    DEAL     PRICE    CHANGE
-------- -------- -------- --------- ------- ------- --------- -------- -------- -------- --------- ------- ------- --------- --------
   38.00    2,405      710         1       4       4     13.15    -0.89    2,513      891       125     476      38      0.11     0.02
   39.00    3,516    1,926        -2       2       2     12.21    -0.89    3,294    2,672       139     484      34      0.16     0.02
   40.00    1,568      928        35      67      18     11.29    -0.88    4,392    2,740      -425   1,629     149      0.24     0.03
   41.00    3,575    2,192        -5      35       3     10.55    -0.65    1,781    1,030       -60     182      23      0.35     0.04
   42.00    1,029      386         0       0       0      9.53    -0.87    2,523    1,690       -99     677      74      0.49     0.05
   43.00    1,526    1,388        21      43       5      8.85    -0.75    1,977    1,242        10     701      90      0.66     0.05
   44.00    2,075    1,620        11      11       2      8.04    -0.75    3,210    2,560        70     749     158      0.88     0.06
   45.00    1,202      898        -3      38      13      7.26    -0.75    4,488    3,251       -89   2,702     406      1.14     0.08
   46.00    1,201    1,107       -20      53      12      6.52    -0.69    1,874    1,151        56   1,153     196      1.44     0.08
   47.00      709      244         4       7       6      5.94    -0.56    2,667    1,511         7   1,469     232      1.76     0.05
   48.00    1,160      779        72     444      46      5.18    -0.72    3,305    2,245       -55   1,397     227      2.16     0.07
   49.00      890      461        35      84      27      4.55    -0.73    2,296    1,504       318   1,047     248      2.59     0.05
   50.00    5,599    3,986        44   1,830     356      4.14    -0.63    6,597    3,783       466   5,020     830      3.06     0.05
   52.50    4,339    2,967      -296   2,811     419      3.11    -0.59    2,956    2,165       611   2,079     228      4.64     0.24
   55.00    6,655    4,646     1,308   6,683     862      2.36    -0.48    4,016    2,115        38     298      45      6.34     0.30
   57.50    4,187    3,033        34   2,430     357      1.79    -0.40    1,267      495      -110     160      16      8.25     0.36
   60.00   11,565    9,766       148   5,407     678      1.36    -0.34      617      515      -150     334      28     10.24     0.41
   62.50    3,407    1,968       188   1,377     195      1.07    -0.26       32        3         0       0       0     12.43     0.44
   65.00    8,657    4,524       233   1,637     184      0.85    -0.20       40       40         1       1       1     14.70     0.49
   67.50    3,669    1,759       -35     375      44      0.68    -0.16       20       20         0       0       0     17.03     0.53
   70.00    8,407    6,987      -266     890      86      0.56    -0.11      215      155       -50      50       2     19.50     0.66
   72.50      824      267      -163     254      14      0.46    -0.09        0        0         0       0       0     21.91     0.84
   75.00      314      251        23      92      12      0.39    -0.06        0        0         0       0       0     24.33     0.85
   77.50      161      141        79      86       7      0.33    -0.05        0        0         0       0       0     26.78     0.88
   80.00    1,395      664        66     568      54      0.29    -0.03        0        0         0       0       0     29.23     0.88
-------- -------- -------- --------- ------- -------                    -------- -------- --------- ------- -------
TOTAL      157625   115521      1367   26658    3464                      151492   114955      3671   25185    3306

 C+P
 TOTAL     309117   230476      5038   51843    6770











DTOP                                                       HKEX - DCASS                                          RUN DATE :  03MAR25
                               DAILY TRADING ACTIVITY & OPEN POSITIONS DETAIL - OPTIONS (BY MARKET)              RUN TIME : 19:57:13
                                                                                                                 PAGE     :        3
REPORT DATE     : 03MAR25   
CLEARINGHOUSE   : SEOCH

MARKET          : SOM   - STOCK OPTIONS                   
UNDERLYING      : MIU   
EXPIRATION DATE : 29 APR 25

         < ------------------  CALL OPTIONS  ------------------------ > < -------------------  PUT OPTIONS  ----------------------- >
                             NET                      SETTLE   PRICE                        NET                       SETTLE   PRICE
 STRIKE    GROSS    NET     CHANGE    T/O     DEAL    PRICE    CHANGE    GROSS     NET     CHANGE     T/O    DEAL     PRICE    CHANGE
-------- -------- -------- --------- ------- ------- --------- -------- -------- -------- --------- ------- ------- --------- --------
   24.00        0        0         0       0       0     27.09    -0.91      164       83        21      21       4      0.01     0.00
   25.00        0        0         0       0       0     26.10    -0.91      279      217         0       0       0      0.01     0.00
   26.00        0        0         0       0       0     25.10    -0.91      210      120         0       0       0      0.01     0.00
   27.00        0        0         0       0       0     24.11    -0.91    1,249      881       -17      20       1      0.01     0.00
   28.00        0        0         0       0       0     23.12    -0.91      523      325         0       0       0      0.01     0.00
   29.00        0        0         0       0       0     22.12    -0.91      775      414         0       0       0      0.01     0.00
   30.00        6        6         0       0       0     21.13    -0.91      670      336        -8     430       5      0.01     0.00
   31.00        0        0         0       0       0     20.14    -0.91    1,334      802       -20      20       1      0.01     0.00
   32.00      305      304         0       0       0     19.16    -0.91    1,208      891         0       5       1      0.02     0.00
   33.00      292      292         0       0       0     18.18    -0.91    1,135      895         2      18       4      0.03    -0.01
   34.00       89       30         0       0       0     17.20    -0.91    1,584    1,551         0      23       4      0.05    -0.01
   35.00    1,232    1,231         0       0       0     16.24    -0.91    2,020    1,688         0       0       0      0.09     0.00
   36.00    2,939    2,815         0       0       0     15.29    -0.91      897      734        -1       1       1      0.13     0.00
   37.00    3,896    3,735       -90     121       7     14.56    -0.68    1,881    1,614        -1       7       3      0.19     0.00
   38.00      718      718         0       0       0     13.44    -0.91    1,621    1,451         0      18       1      0.28     0.01
   39.00      757      574         0      71       2     12.56    -0.90    1,511    1,151        -3      54       7      0.39     0.02
   40.00    1,159      542         0       0       0     11.70    -0.93    1,682    1,293       -15     191      33      0.52     0.02
   41.00      996      996         0     200       2     10.96    -0.79      937      935       -91      93       5      0.70     0.03
   42.00      552      422         0       5       1     10.25    -0.69    2,410    1,194         1     137      21      0.91     0.05
   43.00      812      528        -1       1       1      9.47    -0.70    2,037    1,751       -19      26       9      1.15     0.06
   44.00    1,379    1,359        -1       1       1      8.70    -0.74    2,286    1,808        -9     137      27      1.45     0.09
   45.00    1,302      856         0       2       2      8.00    -0.74    2,169    1,086       -90     383      68      1.76     0.10
   46.00      790      690         0       0       0      7.34    -0.69    3,075    1,974        52     536      61      2.14     0.12
   47.00      601      567         0       2       2      6.60    -0.72    1,380      922        71     846      64      2.55     0.15
   48.00    1,960    1,888        -2       4       3      6.00    -0.67    1,103    1,001       222     380      80      2.97     0.14
   49.00      675      403        18     117      24      5.53    -0.61    1,010      738      -100     319      50      3.47     0.18
   50.00    1,036      875       111     424      70      5.15    -0.59    1,026      727       179   1,002      91      3.96     0.16
   52.50    1,847    1,733       484     731      87      4.13    -0.45    1,298      396        -4     839      74      5.35     0.15
   55.00    1,980    1,415        15     416     122      3.22    -0.54    1,092    1,057         3      75      41      7.07     0.29
   57.50    1,457    1,268        77     306      65      2.57    -0.49    1,295    1,294         0       1       1      8.94     0.34
   60.00    2,975    2,597        -7   1,577     163      2.10    -0.38      182      174        25      47       5     11.02     0.77
   62.50    1,738    1,538       139     318      52      1.70    -0.36       30        0         0       0       0     13.04     0.45
   65.00    1,186    1,138       313     884     125      1.40    -0.29       60       60         0       0       0     15.23     0.64
   67.50      730      513       147     270      39      1.20    -0.21       30       30         0       0       0     17.46     0.67
   70.00    2,248    1,852       502     656      30      0.97    -0.22      134      134         0       0       0     19.76     0.68
   72.50      777      469      -487     564      12      0.83    -0.18        0        0         0       0       0     22.10     0.72
   75.00      632      630         0      35       9      0.69    -0.18        0        0         0       0       0     24.49     0.74
   77.50       48       47         1       4       3      0.59    -0.16       38       38         0       0       0     26.90     0.77
   80.00      367      344         0      92      14      0.52    -0.13        0        0         0       0       0     29.33     0.79


DTOP                                                       HKEX - DCASS                                          RUN DATE :  03MAR25
                               DAILY TRADING ACTIVITY & OPEN POSITIONS DETAIL - OPTIONS (BY MARKET)              RUN TIME : 19:57:13
                                                                                                                 PAGE     :        4
REPORT DATE     : 03MAR25   
CLEARINGHOUSE   : SEOCH

MARKET          : SOM   - STOCK OPTIONS                   
UNDERLYING      : MIU   
EXPIRATION DATE : 29 APR 25

         < ------------------  CALL OPTIONS  ------------------------ > < -------------------  PUT OPTIONS  ----------------------- >
                             NET                      SETTLE   PRICE                        NET                       SETTLE   PRICE
 STRIKE    GROSS    NET     CHANGE    T/O     DEAL    PRICE    CHANGE    GROSS     NET     CHANGE     T/O    DEAL     PRICE    CHANGE
-------- -------- -------- --------- ------- ------- --------- -------- -------- -------- --------- ------- ------- --------- --------
-------- -------- -------- --------- ------- -------                    -------- -------- --------- ------- -------
TOTAL       37481    32375      1219    6801     836                       40335    29765       198    5629     662

 C+P
 TOTAL      77816    62140      1417   12430    1498




































DTOP                                                       HKEX - DCASS                                          RUN DATE :  03MAR25
                               DAILY TRADING ACTIVITY & OPEN POSITIONS DETAIL - OPTIONS (BY MARKET)              RUN TIME : 19:57:13
                                                                                                                 PAGE     :        5
REPORT DATE     : 03MAR25   
CLEARINGHOUSE   : SEOCH

MARKET          : SOM   - STOCK OPTIONS                   
UNDERLYING      : MIU   
EXPIRATION DATE : 29 MAY 25

         < ------------------  CALL OPTIONS  ------------------------ > < -------------------  PUT OPTIONS  ----------------------- >
                             NET                      SETTLE   PRICE                        NET                       SETTLE   PRICE
 STRIKE    GROSS    NET     CHANGE    T/O     DEAL    PRICE    CHANGE    GROSS     NET     CHANGE     T/O    DEAL     PRICE    CHANGE
-------- -------- -------- --------- ------- ------- --------- -------- -------- -------- --------- ------- ------- --------- --------
   28.00      270      240         0       1       1     23.20    -0.92      280      193         0       0       0      0.01     0.00
   29.00        0        0         0       0       0     22.22    -0.91      132       62         0       0       0      0.01     0.00
   30.00        3        0         0       0       0     21.23    -0.91      532      121         0       1       1      0.01    -0.01
   31.00        0        0         0       0       0     20.25    -0.91      166      130         0      10       1      0.02    -0.01
   32.00        0        0         0       0       0     19.27    -0.92      240      210         0       0       0      0.03    -0.01
   33.00       43       43         0       0       0     18.30    -0.92      514      501         0       0       0      0.05    -0.02
   34.00        0        0         0       0       0     17.34    -0.93      591      585         0       0       0      0.09    -0.02
   35.00        5        5         0       0       0     16.39    -0.94      409      361      -145     170       5      0.13    -0.03
   36.00        2        2         0       0       0     15.46    -0.95      516      461         0       0       0      0.19    -0.04
   37.00        1        1         0       0       0     14.56    -0.94      188       77      -102     104       3      0.28    -0.04
   38.00      178      178         0       0       0     13.68    -0.94      940      781         0       0       0      0.40    -0.04
   39.00      193      193         0       0       0     12.82    -0.95      194      187         0       0       0      0.54    -0.03
   40.00      845      842       -31      61       3     12.27    -0.68    1,837    1,680       335     352      13      0.72    -0.03
   41.00      425      425         0       0       0     11.22    -0.94      651      552         0      45       1      0.93    -0.03
   42.00      834      833       -64     176      13     10.70    -0.72    1,821    1,392        59     112      33      1.18    -0.02
   43.00      933      933         0       0       0      9.76    -0.92    2,273    2,243        65     130      46      1.48     0.00
   44.00      448      286         1       1       1      9.08    -0.91    1,019      915        69     114      27      1.79     0.00
   45.00      772      468         0       2       1      8.46    -0.88    2,032    1,489       103     516      42      2.18     0.04
   46.00      182      124         0       0       0      7.84    -0.85    1,311    1,220       -61     194      23      2.58     0.04
   47.00      349      348         0       0       0      7.38    -0.61      286      147        17     138      10      3.04     0.09
   48.00      470      314       -74     141      37      6.60    -0.78      563      463        68     333      30      3.52     0.09
   49.00      388      190       -20     145      29      6.17    -0.82      482      477        38      76      11      4.01     0.10
   50.00    1,129    1,108        87      95      29      5.67    -0.78      748      529       -15     375      40      4.60     0.20
   52.50    1,023      550       -42     154      26      4.88    -0.59      554      384         4      77      11      5.99     0.15
   55.00    1,773    1,513         5     253      44      3.98    -0.55    1,172    1,161       172     172      57      7.67     0.16
   57.50    1,131      685        15     136      33      3.30    -0.52      834      834         3       3       3      9.52     0.26
   60.00    2,153    1,668        38     120      31      2.76    -0.50      134      134         0       0       0     11.47     0.30
   62.50      797      743        31      44       7      2.33    -0.44        1        1         0       0       0     13.68     0.49
   65.00      599      539        70     237      23      1.98    -0.38       69       69         0       0       0     15.59     0.34
   67.50      540      363       -62     245      43      1.69    -0.35       20       20         0       0       0     17.80     0.52
   70.00      579      486       -11     129      75      1.40    -0.37        1        1         0       0       0     20.06     0.56
   72.50      677      489        -1      31       2      1.28    -0.27        0        0         0       0       0     22.37     0.60
   75.00      162      150         0      30       1      1.11    -0.25        0        0         0       0       0     24.70     0.61
   77.50      108      107         0      44       2      0.98    -0.23        0        0         0       0       0     27.08     0.66
   80.00      516      409        82     124      10      0.81    -0.27        0        0         0       0       0     29.47     0.66
-------- -------- -------- --------- ------- -------                    -------- -------- --------- ------- -------
TOTAL       17528    14235        24    2169     411                       20510    17380       610    2922     357

 C+P
 TOTAL      38038    31615       634    5091     768

DTOP                                                       HKEX - DCASS                                          RUN DATE :  03MAR25
                               DAILY TRADING ACTIVITY & OPEN POSITIONS DETAIL - OPTIONS (BY MARKET)              RUN TIME : 19:57:13
                                                                                                                 PAGE     :        6
REPORT DATE     : 03MAR25   
CLEARINGHOUSE   : SEOCH

MARKET          : SOM   - STOCK OPTIONS                   
UNDERLYING      : MIU   
EXPIRATION DATE : 27 JUN 25

         < ------------------  CALL OPTIONS  ------------------------ > < -------------------  PUT OPTIONS  ----------------------- >
                             NET                      SETTLE   PRICE                        NET                       SETTLE   PRICE
 STRIKE    GROSS    NET     CHANGE    T/O     DEAL    PRICE    CHANGE    GROSS     NET     CHANGE     T/O    DEAL     PRICE    CHANGE
-------- -------- -------- --------- ------- ------- --------- -------- -------- -------- --------- ------- ------- --------- --------
   11.50        0        0         0       0       0     39.59    -0.90      607      600         0       0       0      0.01     0.00
   12.00        0        0         0       0       0     39.09    -0.91       94       90         0       0       0      0.01     0.00
   12.50        0        0         0       0       0     38.60    -0.90      649      649         0       0       0      0.01     0.00
   13.00        0        0         0       0       0     38.11    -0.90      247      247         0       0       0      0.01     0.00
   13.50        0        0         0       0       0     37.61    -0.91      928      822         0       0       0      0.01     0.00
   14.00        0        0         0       0       0     37.12    -0.90    1,095      833         0       0       0      0.01     0.00
   14.50        5        5         0       0       0     36.62    -0.91    1,408    1,408         0       0       0      0.01     0.00
   15.00        0        0         0       0       0     36.13    -0.91    7,949    7,374         0       0       0      0.01     0.00
   15.50       25       10         0       0       0     35.64    -0.90      110      105         0       0       0      0.01     0.00
   16.00       41       34         0       0       0     35.14    -0.91      245      166         0       0       0      0.01     0.00
   16.50      181       60         0       0       0     34.65    -0.90      241      208         0       0       0      0.01     0.00
   17.00      121       57         0       0       0     34.15    -0.91    1,025      933         0       0       0      0.01     0.00
   17.50       10        0         0       0       0     33.66    -0.91    1,418    1,418         0       0       0      0.01     0.00
   18.00    1,535       35         0       0       0     33.17    -0.90      298      201         0       0       0      0.01     0.00
   18.50       16        6         0       0       0     32.67    -0.91      753      753         0       0       0      0.01     0.00
   19.00      168      152         0       0       0     32.18    -0.90      277      270         0       0       0      0.01     0.00
   19.50    2,757      425         0       0       0     31.68    -0.91    3,464    1,112         0      76       4      0.01     0.00
   20.00    3,784    1,446         0       0       0     31.19    -0.91    3,290    1,084         0       0       0      0.01     0.00
   21.00    3,965    3,808       -60      60       2     30.34    -0.77    1,404    1,145         0       0       0      0.01     0.00
   22.00    2,957      785         0       0       0     29.21    -0.91    2,713      330         0       0       0      0.01     0.00
   23.00    1,216      837         0       0       0     28.23    -0.90      574      423         0       0       0      0.01     0.00
   24.00    2,862    2,604         0       0       0     27.24    -0.91      820      819         0       0       0      0.01     0.00
   25.00    3,145      879        -8      13       2     26.25    -0.91    5,592    5,539        39      90       5      0.01     0.00
   26.00      760      680         6       6       2     25.27    -0.91    1,305    1,101         0       0       0      0.01     0.00
   27.00    1,482    1,457         0       0       0     24.28    -0.91    2,289    2,277         0       0       0      0.01     0.00
   28.00      884      824         0       0       0     23.30    -0.91      649      389       -30      32       2      0.01    -0.01
   29.00    1,650    1,412         0       0       0     22.22    -1.01    1,000      992         0       0       0      0.02    -0.01
   30.00    3,296    2,789         0      10       1     21.34    -0.92    2,436    1,394         0      14       5      0.04     0.00
   31.00    1,349    1,275         0       0       0     20.38    -0.92    1,578    1,448         0       0       0      0.06    -0.01
   32.00    1,479    1,389         0       0       0     19.42    -0.92    1,516    1,515        -1       1       1      0.09    -0.01
   33.00    1,237      971         0       2       1     18.47    -0.93    2,236    1,586         0      30       1      0.13    -0.01
   34.00      812      811         0       0       0     17.95    -0.52    1,509    1,386         0       0       0      0.19    -0.02
   35.00    3,331    3,322         0       0       0     16.63    -0.93    3,940    3,427         0       0       0      0.27    -0.02
   36.00    1,156    1,152         0       4       2     15.73    -0.94      394      274       -46      46       8      0.36    -0.02
   37.00    1,602      923         0       0       0     14.87    -0.94      357      342         0       1       1      0.49    -0.02
   38.00    3,524    3,417         0       0       0     14.02    -0.93    1,442    1,033       -69   1,010       4      0.64    -0.02
   39.00    4,994    4,993         0       0       0     13.57    -0.75      613      561         1      11       2      0.82    -0.01
   40.00    4,108    4,082         7       9       4     12.80    -0.54    1,768    1,492        -8       9       6      1.04     0.00
   41.00    3,588    3,097       -35     535       4     11.67    -0.92      944      884       500     530       2      1.28     0.00
   42.00    2,054    2,054         0       0       0     10.96    -0.90    2,160    2,154        99     113       7      1.56     0.01
   43.00      787      622         0       0       0     10.27    -0.89      369      241         0       0       0      1.87     0.01
DTOP                                                       HKEX - DCASS                                          RUN DATE :  03MAR25
                               DAILY TRADING ACTIVITY & OPEN POSITIONS DETAIL - OPTIONS (BY MARKET)              RUN TIME : 19:57:13
                                                                                                                 PAGE     :        7
REPORT DATE     : 03MAR25   
CLEARINGHOUSE   : SEOCH

MARKET          : SOM   - STOCK OPTIONS                   
UNDERLYING      : MIU   
EXPIRATION DATE : 27 JUN 25

         < ------------------  CALL OPTIONS  ------------------------ > < -------------------  PUT OPTIONS  ----------------------- >
                             NET                      SETTLE   PRICE                        NET                       SETTLE   PRICE
 STRIKE    GROSS    NET     CHANGE    T/O     DEAL    PRICE    CHANGE    GROSS     NET     CHANGE     T/O    DEAL     PRICE    CHANGE
-------- -------- -------- --------- ------- ------- --------- -------- -------- -------- --------- ------- ------- --------- --------
   44.00      300      300         0       0       0      9.62    -0.88    1,277      931        27      33       2      2.23     0.05
   45.00    4,387    4,350       -12      12       2      8.94    -0.83      658      527         0      12       3      2.62     0.05
   46.00      970      969        60      60       3      8.60    -0.60    1,105    1,071        -2      57       4      3.03     0.07
   47.00    2,119    2,096        69      71       7      7.92    -0.66    1,047    1,047         0       3       2      3.44     0.03
   48.00    1,595    1,493       -10      30       3      7.39    -0.70    1,172    1,116        62     194      12      3.92     0.07
   49.00      402      382         0       0       0      6.90    -0.54    2,456    2,308        15      58       8      4.48     0.11
   50.00    9,959    8,006       -10     163      33      6.28    -0.77    6,495    5,639         5     236      27      4.94     0.03
   52.50    1,361    1,257        19     164      25      5.44    -0.54      927      570         0      62       7      6.41     0.06
   55.00    1,562    1,272       365     997      55      4.56    -0.55      553      500        40      81      12      7.99    -0.02
   57.50    2,341    2,019        40      61       9      3.92    -0.49      100      100         0       0       0      9.89     0.29
   60.00    2,187    2,108       273   1,059      82      3.30    -0.55       33       33         1       1       1     11.85     0.24
   62.50      629      545      -302     525      32      2.88    -0.45       36       36         0       0       0     13.88     0.28
   65.00    1,237    1,116         0       2       2      2.50    -0.42        0        0         0       0       0     15.89     0.35
   67.50      536      365         0       1       1      2.17    -0.40        0        0         0       0       0     18.07     0.40
   70.00      706      532       177     261      47      1.82    -0.47       30       30         0       0       0     20.29     0.41
   72.50      696      521         0       0       0      1.65    -0.39        0        0         0       0       0     22.57     0.44
   75.00       99       96         0       0       0      1.45    -0.39        0        0         0       0       0     24.89     0.48
   77.50      137      137         0       0       0      1.29    -0.37        0        0         0       0       0     27.23     0.49
   80.00      579      370        70     101       7      1.15    -0.37        0        0         0       0       0     29.61     0.52
-------- -------- -------- --------- ------- -------                    -------- -------- --------- ------- -------
TOTAL       92683    74347       649    4146     326                       77595    62933       633    2700     126

 C+P
 TOTAL     170278   137280      1282    6846     452

















DTOP                                                       HKEX - DCASS                                          RUN DATE :  03MAR25
                               DAILY TRADING ACTIVITY & OPEN POSITIONS DETAIL - OPTIONS (BY MARKET)              RUN TIME : 19:57:13
                                                                                                                 PAGE     :        8
REPORT DATE     : 03MAR25   
CLEARINGHOUSE   : SEOCH

MARKET          : SOM   - STOCK OPTIONS                   
UNDERLYING      : MIU   
EXPIRATION DATE : 29 SEP 25

         < ------------------  CALL OPTIONS  ------------------------ > < -------------------  PUT OPTIONS  ----------------------- >
                             NET                      SETTLE   PRICE                        NET                       SETTLE   PRICE
 STRIKE    GROSS    NET     CHANGE    T/O     DEAL    PRICE    CHANGE    GROSS     NET     CHANGE     T/O    DEAL     PRICE    CHANGE
-------- -------- -------- --------- ------- ------- --------- -------- -------- -------- --------- ------- ------- --------- --------
   14.00        0        0         0       0       0     37.25    -0.91      490      490         0       0       0      0.01     0.00
   14.50       54       49         0       0       0     36.76    -0.91      503      503         0       0       0      0.01     0.00
   15.00        0        0         0       0       0     36.28    -0.90      131      131         0       0       0      0.01     0.00
   15.50        8        8         0       0       0     35.79    -0.90      130      130         0       0       0      0.01     0.00
   16.00        2        2         0       0       0     35.30    -0.90      209      209         0       0       0      0.01     0.00
   16.50        0        0         0       0       0     34.81    -0.90       36       34         0       0       0      0.01     0.00
   17.00        9        9         0       0       0     34.32    -0.90      285      237         0       0       0      0.01     0.00
   17.50        0        0         0       0       0     33.83    -0.90       15       15         0       0       0      0.01     0.00
   18.00        0        0         0       0       0     33.34    -0.91      129      129         0       0       0      0.01     0.00
   18.50        5        0         0       0       0     32.85    -0.91      500      500         0       0       0      0.01     0.00
   19.00       14       10         0       0       0     32.36    -0.91       12       12         0       0       0      0.01     0.00
   19.50        0        0         0       0       0     31.87    -0.91       66       66         0       0       0      0.01     0.00
   20.00      352      286         0       0       0     31.38    -0.91      154      141         0       0       0      0.01     0.00
   21.00      760      760         0       0       0     30.41    -0.90    1,190    1,182         0       0       0      0.01     0.00
   22.00        7        7         0       0       0     29.43    -0.91      779      713         0       0       0      0.01     0.00
   23.00      196      196        30      30       1     28.45    -0.92      102      100         0       0       0      0.01     0.00
   24.00      765       16         0       0       0     27.47    -0.92      950      147         0       0       0      0.01    -0.01
   25.00    2,556    1,806         0       0       0     26.50    -0.93    4,856    4,103         0       0       0      0.01    -0.02
   26.00    1,351    1,171         0       0       0     25.52    -0.94      663      632         0       0       0      0.01    -0.03
   27.00      741      601         0       0       0     24.55    -0.96    1,605    1,353         0      30       1      0.01    -0.06
   28.00      734      651         0       0       0     24.08    -0.60    1,058      956        68     180       6      0.03    -0.07
   29.00      500      500         0       0       0     22.62    -1.00      356      129         0       0       0      0.04    -0.09
   30.00    2,531    2,511         0       0       0     21.67    -1.03    2,649    2,075        60      63       3      0.07    -0.12
   31.00       64       60         0       1       1     20.74    -1.05    1,403    1,400         0       0       0      0.12    -0.14
   32.00      455      445         0       0       0     19.81    -1.08    2,314    2,011         0      90       3      0.18    -0.17
   33.00      512      481         0       0       0     18.91    -1.10    1,877    1,863         0       0       0      0.25    -0.19
   34.00      282      201         0       0       0     18.49    -0.67      629      556        46      90       3      0.35    -0.23
   35.00    3,331    3,214         0       0       0     17.17    -1.15      785      635         0       0       0      0.48    -0.22
   36.00      252      235         0       0       0     16.83    -0.68      370      351        -1       1       1      0.63    -0.27
   37.00      488      483         0       0       0     15.54    -1.18       91       91         0       0       0      0.83    -0.26
   38.00      714      712         0       0       0     14.77    -1.18      169      162        -2       2       1      1.04    -0.29
   39.00    1,153    1,036         0       0       0     14.04    -1.18      647      557         0       0       0      1.30    -0.27
   40.00      365      126         0       0       0     13.33    -1.17    1,066    1,000         0       0       0      1.58    -0.27
   41.00      464      105         0       0       0     12.67    -1.15    1,126      412         0       0       0      1.92    -0.25
   42.00      612      271         0       0       0     12.03    -1.13    1,020      683       391     700      22      2.26    -0.22
   43.00      284      280         0       0       0     11.77    -0.71    4,391    4,238         0       0       0      2.67    -0.20
   44.00      203      179         0       0       0     10.86    -1.07      406      301         0       0       0      3.09    -0.17
   45.00      415      375         0       0       0     10.42    -0.94    1,679    1,488     1,115      58       7      3.55    -0.11
   46.00      585      417         0       0       0      9.86    -0.88      248      160         0      16       1      4.06    -0.07
   47.00      399      398         0       0       0      9.33    -0.87    2,538    2,526       788     799      22      4.54     0.01
   48.00      304      295         0       0       0      8.83    -0.86      266      262         0       0       0      5.13     0.07
DTOP                                                       HKEX - DCASS                                          RUN DATE :  03MAR25
                               DAILY TRADING ACTIVITY & OPEN POSITIONS DETAIL - OPTIONS (BY MARKET)              RUN TIME : 19:57:13
                                                                                                                 PAGE     :        9
REPORT DATE     : 03MAR25   
CLEARINGHOUSE   : SEOCH

MARKET          : SOM   - STOCK OPTIONS                   
UNDERLYING      : MIU   
EXPIRATION DATE : 29 SEP 25

         < ------------------  CALL OPTIONS  ------------------------ > < -------------------  PUT OPTIONS  ----------------------- >
                             NET                      SETTLE   PRICE                        NET                       SETTLE   PRICE
 STRIKE    GROSS    NET     CHANGE    T/O     DEAL    PRICE    CHANGE    GROSS     NET     CHANGE     T/O    DEAL     PRICE    CHANGE
-------- -------- -------- --------- ------- ------- --------- -------- -------- -------- --------- ------- ------- --------- --------
   49.00    5,513    4,910         0       3       1      8.36    -0.84    2,874    2,853       788     840      34      5.53    -0.04
   50.00      762      734        35      65       7      7.85    -0.84      720      674        -3      95       6      6.06    -0.02
   52.50    3,615    2,512        30      32       2      7.00    -0.64    2,889    2,846        -9      51       4      8.00     0.47
   55.00    2,771    1,661       182      62      14      6.07    -0.65      192      189         0       0       0      9.14    -0.03
   57.50    1,046      997        63      65       4      5.28    -0.66       70       69         0       0       0     11.09     0.18
   60.00    1,093      813         9     112      24      4.80    -0.46      120      120         0       0       0     12.95     0.25
   62.50    1,062      435       -30      30       1      4.13    -0.72        0        0         0       0       0     14.92     0.29
   65.00    2,649    2,587         3       6       6      3.55    -0.85        0        0         0       0       0     16.43    -0.20
   67.50    1,911    1,911        86      86       4      3.04    -0.88        0        0         0       0       0     18.44     0.10
   70.00    2,200    2,184       -52      68       5      2.61    -0.90        0        0         0       0       0     20.54     0.11
   72.50       91       89         0       0       0      2.23    -0.91        0        0         0       0       0     22.68     0.11
   75.00      321      250         0       0       0      1.91    -0.92        0        0         0       0       0     24.90     0.12
   77.50      191      191         0       0       0      1.63    -0.92        0        0         0       0       0     27.23     0.23
   80.00      532      513        83     130      12      1.39    -0.92      141      141         0       0       0     29.61    -0.16
-------- -------- -------- --------- ------- -------                    -------- -------- --------- ------- -------
TOTAL       45224    37683       439     690      82                       44899    39575      3241    3015     114

 C+P
 TOTAL      90123    77258      3680    3705     196






















DTOP                                                       HKEX - DCASS                                          RUN DATE :  03MAR25
                               DAILY TRADING ACTIVITY & OPEN POSITIONS DETAIL - OPTIONS (BY MARKET)              RUN TIME : 19:57:13
                                                                                                                 PAGE     :       10
REPORT DATE     : 03MAR25   
CLEARINGHOUSE   : SEOCH

MARKET          : SOM   - STOCK OPTIONS                   
UNDERLYING      : MIU   
EXPIRATION DATE : 30 DEC 25

         < ------------------  CALL OPTIONS  ------------------------ > < -------------------  PUT OPTIONS  ----------------------- >
                             NET                      SETTLE   PRICE                        NET                       SETTLE   PRICE
 STRIKE    GROSS    NET     CHANGE    T/O     DEAL    PRICE    CHANGE    GROSS     NET     CHANGE     T/O    DEAL     PRICE    CHANGE
-------- -------- -------- --------- ------- ------- --------- -------- -------- -------- --------- ------- ------- --------- --------
   19.50       90       53         0       0       0     32.07    -0.90      226      124         0       0       0      0.01     0.00
   20.00        8        6         0       0       0     31.59    -0.90      154      121       -10      10       1      0.02     0.00
   21.00        4        4         0       0       0     30.74    -0.80       77       76        51      51       2      0.03     0.00
   22.00        5        5         0       0       0     29.68    -0.90      336      336         0       0       0      0.05     0.01
   23.00       48       48         0       0       0     28.73    -0.90      878      877         0       0       0      0.07     0.01
   24.00       10       10         0       0       0     27.79    -0.90      494      403         0       0       0      0.10     0.01
   25.00        0        0         0       0       0     26.86    -0.90      217      196         0       0       0      0.14     0.02
   26.00       52       52         0       0       0     25.94    -0.89      419      388         0       0       0      0.18     0.01
   27.00        2        2         0       0       0     25.03    -0.89      938      889       155     290       5      0.25     0.02
   28.00       10       10         0       0       0     24.13    -0.89      275      153         0       0       0      0.31     0.02
   29.00        2        2         0       0       0     23.24    -0.89      343      343         0       0       0      0.40     0.02
   30.00      482      398         0       0       0     22.37    -0.89      365      282         1       1       1      0.50     0.03
   31.00       78       78         0       0       0     21.52    -0.88       59       52         0       0       0      0.62     0.03
   32.00      584        3         0       0       0     20.69    -0.87    1,019      438         0       0       0      0.75     0.03
   33.00      987        6         0       0       0     19.87    -0.88    2,082    1,110         0       1       1      0.91     0.01
   34.00      861       40         0       0       0     19.07    -0.88      884       63        30      30       1      1.08     0.03
   35.00    1,110      145       -10      10       1     18.30    -0.87    1,110       19         0       0       0      1.28     0.05
   36.00    1,603       40         0       0       0     17.54    -0.87    1,583       11         0       0       0      1.51     0.05
   37.00    1,004       65         0       0       0     17.15    -0.52    1,024       21         0       1       1      1.73     0.04
   38.00       63       53         0       0       0     16.10    -0.86      218      218         0       0       0      2.01     0.06
   39.00       10       10        -6       6       1     15.42    -0.85       70       70         0       0       0      2.30     0.05
   40.00      246      229         0       0       0     14.75    -0.85      251      249       135     140       9      2.67     0.13
   41.00      612      597         0       0       0     14.11    -0.85      106        4         0     100       1      3.04     0.08
   42.00      689      198        68      78       4     13.49    -0.85    2,904    1,504         0       0       0      3.38     0.04
   43.00      483      103         0       0       0     12.90    -0.84      620      138        90      90       3      3.75     0.03
   44.00       29       27         0       0       0     12.33    -0.83       42        6         0       0       0      4.17     0.06
   45.00       81       64         5       7       2     11.69    -0.92    1,011    1,007         3       3       2      4.55     0.03
   46.00      228      226         0       0       0     11.16    -0.86       83       63         0       0       0      4.94    -0.03
   47.00       13        1         0       0       0     10.63    -0.86       71       66        33      74       3      5.44     0.00
   48.00      105      101         0       0       0     10.15    -0.92       34       34         0       0       0      5.93     0.00
   49.00      105      105         0       0       0      9.69    -0.83        1        1         0       0       0      6.45     0.01
   50.00    1,729      880        22     255      14      9.37    -0.62      622      620         3      74       3      6.99     0.02
   52.50      947      900         0       3       3      8.36    -0.63      809      807         0       0       0      8.54     0.16
   55.00    1,539    1,106        -2     228       8      7.48    -0.61        1        1         0       0       0     10.17     0.19
   57.50      172      171         2       2       1      6.72    -0.53       75       75         0       0       0     11.92     0.25
   60.00      251      159        65     153       8      6.07    -0.47        2        2         0       0       0     13.76     0.28
   62.50        5        5         0       0       0      5.49    -0.54        0        0         0       0       0     15.68     0.31
   65.00      173      120       -70     101       4      4.88    -0.62        0        0         0       0       0     17.48     0.16
   67.50      120      120         0       0       0      4.53    -0.51        0        0         0       0       0     19.52     0.39
   70.00    1,577    1,551        51      84       9      4.13    -0.43       30       30         0       0       0     21.64     0.43
   72.50       37       36         1       1       1      3.81    -0.49        0        0         0       0       0     23.78     0.45
DTOP                                                       HKEX - DCASS                                          RUN DATE :  03MAR25
                               DAILY TRADING ACTIVITY & OPEN POSITIONS DETAIL - OPTIONS (BY MARKET)              RUN TIME : 19:57:13
                                                                                                                 PAGE     :       11
REPORT DATE     : 03MAR25   
CLEARINGHOUSE   : SEOCH

MARKET          : SOM   - STOCK OPTIONS                   
UNDERLYING      : MIU   
EXPIRATION DATE : 30 DEC 25

         < ------------------  CALL OPTIONS  ------------------------ > < -------------------  PUT OPTIONS  ----------------------- >
                             NET                      SETTLE   PRICE                        NET                       SETTLE   PRICE
 STRIKE    GROSS    NET     CHANGE    T/O     DEAL    PRICE    CHANGE    GROSS     NET     CHANGE     T/O    DEAL     PRICE    CHANGE
-------- -------- -------- --------- ------- ------- --------- -------- -------- -------- --------- ------- ------- --------- --------
   75.00        0        0         0       0       0      3.51    -0.46        0        0         0       0       0     25.98     0.51
   77.50        0        0         0       0       0      3.24    -0.43      107       77        77     107       3     28.23     0.55
   80.00      830      818       201     211      10      2.98    -0.43        1        1         0       0       0     30.49     0.56
-------- -------- -------- --------- ------- -------                    -------- -------- --------- ------- -------
TOTAL       16984     8547       327    1139      66                       19541    10875       568     972      36

 C+P
 TOTAL      36525    19422       895    2111     102

































DTOP                                                       HKEX - DCASS                                          RUN DATE :  03MAR25
                               DAILY TRADING ACTIVITY & OPEN POSITIONS DETAIL - OPTIONS (BY MARKET)              RUN TIME : 19:57:13
                                                                                                                 PAGE     :       12
REPORT DATE     : 03MAR25   
CLEARINGHOUSE   : SEOCH

MARKET          : SOM   - STOCK OPTIONS                   
UNDERLYING      : MIU   
EXPIRATION DATE : 30 MAR 26

         < ------------------  CALL OPTIONS  ------------------------ > < -------------------  PUT OPTIONS  ----------------------- >
                             NET                      SETTLE   PRICE                        NET                       SETTLE   PRICE
 STRIKE    GROSS    NET     CHANGE    T/O     DEAL    PRICE    CHANGE    GROSS     NET     CHANGE     T/O    DEAL     PRICE    CHANGE
-------- -------- -------- --------- ------- ------- --------- -------- -------- -------- --------- ------- ------- --------- --------
   42.00       14       14         0       0       0     14.48    -0.88        0        0         0       0       0      3.93    -0.01
   43.00        0        0         0       0       0     13.92    -0.80        0        0         0       0       0      4.35     0.14
   44.00        0        0         0       0       0     13.38    -0.79        0        0         0       0       0      4.94     0.28
   45.00        0        0         0       0       0     12.82    -0.83        0        0         0       0       0      5.36     0.24
   46.00        0        0         0       0       0     12.28    -0.84        0        0         0       0       0      5.73     0.02
   47.00        0        0         0       0       0     11.79    -0.83        0        0         0       0       0      6.29     0.11
   48.00        0        0         0       0       0     11.32    -0.83        0        0         0       0       0      6.80     0.13
   49.00        0        0         0       0       0     10.87    -0.82        0        0         0       0       0      7.32     0.13
   50.00        5        5         0       0       0     10.45    -0.81       64       64         0       0       0      7.87     0.14
   52.50        0        0         0       0       0      9.48    -0.78       64       64         0       0       0      9.37     0.18
   55.00        0        0         0       0       0      8.63    -0.75       64       64         0       0       0     11.00     0.22
   57.50        0        0         0       0       0      7.87    -0.73        0        0         0       0       0     12.67     0.21
   60.00       35        2         1       1       1      7.19    -0.72        0        0         0       0       0     14.56     0.30
   62.50        0        0         0       0       0      6.60    -0.68        0        0         0       0       0     16.45     0.34
   65.00        0        0         0       0       0      6.18    -0.54        0        0         0       0       0     18.23     0.19
   67.50        0        0         0       0       0      5.71    -0.67        0        0         0       0       0     20.21     0.26
   70.00        0        0         0       0       0      5.15    -0.80        0        0         0       0       0     22.28     0.31
   72.50        0        0         0       0       0      4.77    -0.79        0        0         0       0       0     24.40     0.33
   75.00      101       91        81      91       7      4.65    -0.56        0        0         0       0       0     26.54     0.21
-------- -------- -------- --------- ------- -------                    -------- -------- --------- ------- -------
TOTAL         155      112        82      92       8                         192      192         0       0       0

 C+P
 TOTAL        347      304        82      92       8

















DTOP                                                       HKEX - DCASS                                          RUN DATE :  03MAR25
                               DAILY TRADING ACTIVITY & OPEN POSITIONS DETAIL - OPTIONS (BY MARKET)              RUN TIME : 19:57:13
                                                                                                                 PAGE     :       13
REPORT DATE     : 03MAR25   
CLEARINGHOUSE   : SEOCH

MARKET          : SOM   - STOCK OPTIONS                   
UNDERLYING      : MIU   
EXPIRATION DATE : 30 MAR 26

         < ------------------  CALL OPTIONS  ------------------------ > < -------------------  PUT OPTIONS  ----------------------- >
                             NET                      SETTLE   PRICE                        NET                       SETTLE   PRICE
 STRIKE    GROSS    NET     CHANGE    T/O     DEAL    PRICE    CHANGE    GROSS     NET     CHANGE     T/O    DEAL     PRICE    CHANGE
-------- -------- -------- --------- ------- ------- --------- -------- -------- -------- --------- ------- ------- --------- --------
NOTE:

"GROSS"        = EITHER THE TOTAL NUMBER OF LONG OR THE TOTAL NUMBER OF SHORT POSITIONS IN A CONTRACT HELD BY ALL PARTICIPANTS IN
                    THE MARKET

"NET"          = EITHER THE TOTAL NUMBER OF THE NET LONG OR THE TOTAL NUMBER OF NET SHORT POSITION IN A CONTRACT HELD BY ALL MARKET
                    PARTICIPANTS. IT IS CALCULATED BY NETTING THE LONG AND SHORT POSITIONS IN A PARTICULAR CONTRACT HELD IN ALL ITS
                    ACCOUNTS BY EACH PARTICIPANT AND THEN SUM ALL NET LONG OR NET SHORT ACROSS ALL PARTICIPANTS IN THE MARKET.

"NET CHANGE"   = THE CHANGE OF "NET" BETWEEN THE CURRENT TRADE DAY AND THE PREVIOUS TRADE DAY

"T/O"          = THE NUMBER OF CONTRACTS TRADED IN THE MARKET

"DEAL"         = THE NUMBER OF MATCHED ORDERS IN THE MARKET

"SETTLE PRICE" = THE SETTLEMENT PRICE OF THE SERIES ON THE CURRENT TRADE DAY

"PRICE CHANGE" = THE CHANGE OF SETTLEMENT PRICE BETWEEN THE CURRENT TRADE DAY AND THE PREVIOUS TRADE DAY

* ON THE LAST TRADING DAY, THE UNEXERCISED AND UNASSIGNED AMOUNT WILL BE SHOWN FOR THE "GROSS" AND "NET" OF THE SPOT OPTIONS SERIES.


                                                       ***END OF REPORT***


















