DTOP                                                       HKEX - DCASS                                          RUN DATE :  26AUG25
                               DAILY TRADING ACTIVITY & OPEN POSITIONS DETAIL - OPTIONS (BY MARKET)              RUN TIME : 20:30:29
                                                                                                                 PAGE     :        1
REPORT DATE     : 26AUG25   
CLEARINGHOUSE   : SEOCH

MARKET          : SOM   - STOCK OPTIONS                   
UNDERLYING      : MIU   
EXPIRATION DATE : 28 AUG 25

         < ------------------  CALL OPTIONS  ------------------------ > < -------------------  PUT OPTIONS  ----------------------- >
                             NET                      SETTLE   PRICE                        NET                       SETTLE   PRICE
 STRIKE    GROSS    NET     CHANGE    T/O     DEAL    PRICE    CHANGE    GROSS     NET     CHANGE     T/O    DEAL     PRICE    CHANGE
-------- -------- -------- --------- ------- ------- --------- -------- -------- -------- --------- ------- ------- --------- --------
   35.00        0        0         0       0       0     18.53     0.03        0        0         0       0       0      0.01     0.00
   36.00        0        0         0       0       0     17.61     0.11        0        0         0       0       0      0.01     0.00
   37.00        0        0         0       0       0     16.63     0.13        0        0         0       0       0      0.01     0.00
   38.00    1,703    1,703         0       0       0     15.50    -0.16    1,659    1,556         0       0       0      0.01     0.00
   39.00       43       43         0       0       0     14.50    -0.01      635      352         0       0       0      0.01     0.00
   40.00       35       21         0       0       0     13.58     0.07      783      612         0       0       0      0.01     0.00
   41.00       16        1         0       0       0     12.51     0.01      608      507         0       0       0      0.01     0.00
   42.00       30       30         0       0       0     11.51     0.01      867      635         0       0       0      0.01     0.00
   43.00       51       36         0       0       0     10.67    -0.01    2,112    1,439         0       0       0      0.01     0.00
   44.00        9        9         0       0       0      9.51     0.01    1,634      810         0       0       0      0.01     0.00
   45.00       71       66       -12      12       4      8.51     0.01    2,641    1,636       -10      10       1      0.01     0.00
   46.00       11        6         0       0       0      7.51    -0.15    2,740      897         0       0       0      0.01     0.00
   47.00       97       92         1       1       1      6.51     0.01    2,693    1,998         3      33       2      0.01     0.00
   48.00       42       26        -1       2       1      5.52    -0.02    4,302    3,198         0       0       0      0.01    -0.01
   49.00      470      468         0      10       1      4.51    -0.02    4,170    2,881         0       3       2      0.02    -0.01
   50.00    2,536    2,204         0      55      19      3.60     0.07    8,664    4,718       -56     789      55      0.04    -0.02
   52.50    9,015    8,459      -993   3,755     221      1.25    -0.10    8,072    7,283       962   2,612     145      0.22    -0.13
   55.00   14,518   11,606    -1,131   4,750     259      0.25    -0.06    8,581    7,820    -1,553   1,985      78      1.70    -0.06
   57.50   15,471   10,404      -447   1,100      40      0.05    -0.01    6,025    4,433        99     136      25      4.13     0.06
   60.00   20,557   12,948         9     501      12      0.02     0.00    2,050    1,566      -575     159      16      6.51     0.01
   62.50    9,521    6,307         0       5       1      0.01     0.00      181      181         0       0       0      9.03     0.01
   65.00   13,396    5,858         0       7       2      0.01     0.00        0        0       -25       0       0     11.54     0.04
   67.50    3,405    2,954         0       0       0      0.01     0.00        0        0         0       0       0     14.04     0.02
   70.00    3,154    2,682         0       0       0      0.01     0.00        0        0         0       0       0     16.54    -0.16
   72.50    3,256    2,249         0       0       0      0.01     0.00        0        0         0       0       0     19.00     0.00
   75.00    1,212      986         0       0       0      0.01     0.00        0        0         0       0       0     21.50    -0.04
   77.50    1,218    1,008         0       0       0      0.01     0.00        0        0         0       0       0     24.00    -0.15
   80.00    1,688    1,539         0       0       0      0.01     0.00        0        0         0       0       0     26.54     0.00
   82.50      354      353         0       0       0      0.01     0.00       60       60         0       0       0     29.10     0.10
   85.00      279      279         0       0       0      0.01     0.00        0        0         0       0       0     31.50    -0.02
   87.50       56       44         0       0       0      0.01     0.00        0        0         0       0       0     34.03     0.01
   90.00    1,258    1,257         0       0       0      0.01     0.00        0        0         0       0       0     36.50    -0.04
-------- -------- -------- --------- ------- -------                    -------- -------- --------- ------- -------
TOTAL      103472    73638     -2574   10198     561                       58477    42582     -1155    5727     324

 C+P
 TOTAL     161949   116220     -3729   15925     885




DTOP                                                       HKEX - DCASS                                          RUN DATE :  26AUG25
                               DAILY TRADING ACTIVITY & OPEN POSITIONS DETAIL - OPTIONS (BY MARKET)              RUN TIME : 20:30:29
                                                                                                                 PAGE     :        2
REPORT DATE     : 26AUG25   
CLEARINGHOUSE   : SEOCH

MARKET          : SOM   - STOCK OPTIONS                   
UNDERLYING      : MIU   
EXPIRATION DATE : 29 SEP 25

         < ------------------  CALL OPTIONS  ------------------------ > < -------------------  PUT OPTIONS  ----------------------- >
                             NET                      SETTLE   PRICE                        NET                       SETTLE   PRICE
 STRIKE    GROSS    NET     CHANGE    T/O     DEAL    PRICE    CHANGE    GROSS     NET     CHANGE     T/O    DEAL     PRICE    CHANGE
-------- -------- -------- --------- ------- ------- --------- -------- -------- -------- --------- ------- ------- --------- --------
   14.00   10,000   10,000         0       0       0     39.63     0.11   10,845   10,845         0       0       0      0.01     0.00
   14.50       54       49         0       0       0     39.53     0.41      512      512         0       0       0      0.01     0.00
   15.00        0        0         0       0       0     38.87     0.37      208      208         0       0       0      0.01     0.00
   15.50        8        8         0       0       0     38.39     0.10      201      201         0       0       0      0.01     0.00
   16.00        2        2         0       0       0     37.77     0.25      224      224         0       0       0      0.01     0.00
   16.50       10       10         0       0       0     37.37     0.08      108      106         0       0       0      0.01     0.00
   17.00      109       15         0       0       0     36.53    -0.28      266      240         0       0       0      0.01     0.00
   17.50        0        0         0       0       0     36.00    -0.52       37       37         0       0       0      0.01     0.00
   18.00        0        0         0       0       0     35.86     0.11      172      172         0       0       0      0.01     0.00
   18.50       20        0         0       0       0     35.18    -0.02      574      574         0       0       0      0.01     0.00
   19.00       14       10         0       0       0     34.71     0.01      212      212         0       0       0      0.01     0.00
   19.50        0        0         0       0       0     34.19    -0.03      119      119         0       0       0      0.01     0.00
   20.00      403      311         0       0       0     33.53    -0.21      224      171         0       0       0      0.01     0.00
   21.00    3,306    1,417      -100     100       3     32.84     0.31    1,127      862         0       0       0      0.01     0.00
   22.00        5        3         0       0       0     31.77    -0.02    1,494      482         0       0       0      0.01     0.00
   23.00      191      161         0       0       0     30.81    -0.22      688      626         0       0       0      0.01     0.00
   24.00      763       14         0       0       0     29.66     0.05    1,173      348         0       0       0      0.01     0.00
   25.00    2,555    1,806         0       0       0     29.04     0.27    4,957    4,044         0       0       0      0.01     0.00
   26.00    1,354    1,166         0       0       0     27.54    -0.08      898      633         0       0       0      0.01     0.00
   27.00      741      601         0       0       0     26.54     0.02    2,093    1,408         0       0       0      0.01     0.00
   28.00      726      643         0       0       0     25.81    -0.08    1,664    1,298         0       0       0      0.01     0.00
   29.00      500      500         0       0       0     24.86    -0.11      513      178         0       0       0      0.01     0.00
   30.00    2,527    2,521         0       0       0     23.63     0.08    3,270    2,277         0       0       0      0.01     0.00
   31.00      113       60         0       0       0     22.52    -0.03    1,582    1,355         0       0       0      0.01     0.00
   32.00      406      406         0       0       0     21.55     0.00    2,359    1,966         0       0       0      0.01     0.00
   33.00      532      491         0       0       0     20.75    -0.15    2,679    1,896         0       0       0      0.01     0.00
   34.00      281      201         0       0       0     19.55     0.00    1,922    1,799       -10      10       1      0.01     0.00
   35.00    3,778    3,228         0       0       0     18.99    -0.02    5,117    4,286         0       0       0      0.01     0.00
   36.00      248      232         0       0       0     17.61     0.09    1,949    1,773         0      25       1      0.01     0.00
   37.00      456      448         0       0       0     16.63    -0.21    2,487    1,728         0      10       1      0.01     0.00
   38.00      715      697         0       9       1     15.60    -0.32    2,802    2,283         0       0       0      0.01     0.00
   39.00    1,056    1,030         0       0       0     14.56    -0.02    2,459    2,083         0       0       0      0.01    -0.01
   40.00   10,177   10,012         0       0       0     13.70     0.03   14,279   11,098         0       0       0      0.01    -0.02
   41.00      532      169         0       0       0     12.82     0.12    2,553    1,630         0       0       0      0.01    -0.03
   42.00    2,222    2,217         0       0       0     11.58    -0.39    4,278    3,867       -39      39       2      0.02    -0.04
   43.00    1,095    1,094         0       0       0     10.76     0.08    6,672    6,323         1       3       2      0.04    -0.05
   44.00      690      537         0       0       0      9.78    -0.11    5,438    4,612       -60     115      14      0.07    -0.06
   45.00    1,276    1,084         0       0       0      8.82    -0.07    6,293    3,771        54     127      26      0.10    -0.09
   46.00    2,637    2,370         0       0       0      7.70    -0.28    3,970    2,998       -37      71      12      0.16    -0.10
   47.00      478      458         0       0       0      6.78    -0.32    7,041    4,468      -120     223      30      0.25    -0.10
   48.00      221      202         0      36       1      5.94    -0.13    5,629    4,834       112     683      46      0.38    -0.10
DTOP                                                       HKEX - DCASS                                          RUN DATE :  26AUG25
                               DAILY TRADING ACTIVITY & OPEN POSITIONS DETAIL - OPTIONS (BY MARKET)              RUN TIME : 20:30:29
                                                                                                                 PAGE     :        3
REPORT DATE     : 26AUG25   
CLEARINGHOUSE   : SEOCH

MARKET          : SOM   - STOCK OPTIONS                   
UNDERLYING      : MIU   
EXPIRATION DATE : 29 SEP 25

         < ------------------  CALL OPTIONS  ------------------------ > < -------------------  PUT OPTIONS  ----------------------- >
                             NET                      SETTLE   PRICE                        NET                       SETTLE   PRICE
 STRIKE    GROSS    NET     CHANGE    T/O     DEAL    PRICE    CHANGE    GROSS     NET     CHANGE     T/O    DEAL     PRICE    CHANGE
-------- -------- -------- --------- ------- ------- --------- -------- -------- -------- --------- ------- ------- --------- --------
   49.00    5,397    4,595         0       0       0      5.18    -0.12   11,204    6,834       616   1,454      45      0.54    -0.11
   50.00    7,450    6,372         3      61      28      4.34    -0.05   17,480   11,388       171   1,028      80      0.74    -0.12
   52.50   13,115    9,938      -126     499      68      2.65    -0.14   14,884    8,787       911   2,787     145      1.54    -0.13
   55.00   19,797   16,532       214   2,896     318      1.56    -0.12   12,568    9,350       835   1,379     105      2.91    -0.13
   57.50   10,413    6,287       181   1,811     115      0.90    -0.09    7,675    5,313       -47      67       5      4.68    -0.16
   60.00   20,834   19,612       113   1,033     118      0.49    -0.07    4,946    2,938        14      24       6      6.91    -0.12
   62.50   10,512    9,764        66     340      37      0.27    -0.04      623      617         0       2       1      9.13    -0.03
   65.00   15,473   13,685        30     160      17      0.15    -0.02      136      133         0       0       0     11.59     0.00
   67.50   11,860   11,185       220     220       9      0.08    -0.02      417      318         0       0       0     14.27     0.23
   70.00   10,233    6,617        88     164       6      0.05    -0.01      431      429         0       0       0     16.54    -0.16
   72.50   12,607   11,833         0      23       2      0.03    -0.01        0        0         0       0       0     19.40     0.40
   75.00    3,097    2,110         0       0       0      0.02     0.00       44       44         0       0       0     21.50    -0.04
   77.50   10,795   10,753         0       0       0      0.01     0.00        0        0         0       0       0     24.27     0.12
   80.00    6,201    5,834         0       0       0      0.01     0.00        0        0      -141       0       0     26.81     0.27
   82.50    1,852      917         0       0       0      0.01     0.00        0        0         0       0       0     29.10     0.10
   85.00      570      269         0       0       0      0.01     0.00        0        0         0       0       0     31.50    -0.02
   87.50      373      351         0       0       0      0.01     0.00        0        0         0       0       0     34.39     0.37
   90.00      433      255         0       0       0      0.01     0.00        0        0         0       0       0     36.50    -0.04
   92.50      250       23         0       0       0      0.01     0.00        0        0         0       0       0     39.58     0.58
   95.00      307      207         0       0       0      0.01     0.00        0        0         0       0       0     41.54     0.01
   97.50      405      209         0       0       0      0.01     0.00        0        0         0       0       0     44.41     0.41
  100.00      270      150         0       0       0      0.01     0.00        0        0         0       0       0     46.60     0.10
  102.50      277      174         0       0       0      0.01     0.00        0        0         0       0       0     49.00     0.00
  105.00      449      387         0       0       0      0.01     0.00        0        0         0       0       0     51.50     0.00
  107.50      628      610         0       0       0      0.01     0.00        0        0         0       0       0     54.21     0.21
  110.00    1,418    1,397         0       0       0      0.01     0.00      185      185         0       0       0     56.50     0.00
-------- -------- -------- --------- ------- -------                    -------- -------- --------- ------- -------
TOTAL      215217   184239       689    7352     723                      181681   134883      2260    8047     522

 C+P
 TOTAL     396898   319122      2949   15399    1245










DTOP                                                       HKEX - DCASS                                          RUN DATE :  26AUG25
                               DAILY TRADING ACTIVITY & OPEN POSITIONS DETAIL - OPTIONS (BY MARKET)              RUN TIME : 20:30:29
                                                                                                                 PAGE     :        4
REPORT DATE     : 26AUG25   
CLEARINGHOUSE   : SEOCH

MARKET          : SOM   - STOCK OPTIONS                   
UNDERLYING      : MIU   
EXPIRATION DATE : 30 OCT 25

         < ------------------  CALL OPTIONS  ------------------------ > < -------------------  PUT OPTIONS  ----------------------- >
                             NET                      SETTLE   PRICE                        NET                       SETTLE   PRICE
 STRIKE    GROSS    NET     CHANGE    T/O     DEAL    PRICE    CHANGE    GROSS     NET     CHANGE     T/O    DEAL     PRICE    CHANGE
-------- -------- -------- --------- ------- ------- --------- -------- -------- -------- --------- ------- ------- --------- --------
   35.00        0        0         0       0       0     18.99    -0.02       71       71        71      71       3      0.01    -0.02
   36.00        0        0         0       0       0     17.61    -0.31       12       12         2       2       1      0.01    -0.04
   37.00        0        0         0       0       0     17.05     0.00       32       32        32      32       3      0.02    -0.04
   38.00        0        0         0       0       0     15.91    -0.14       35       20         0       0       0      0.03    -0.06
   39.00        0        0         0       0       0     15.08     0.13      135      125         0       0       0      0.04    -0.08
   40.00        0        0         0       0       0     14.09     0.31      397      375         0       5       1      0.07    -0.09
   41.00        1        1         0       0       0     12.82    -0.39      395      252         0       0       0      0.10    -0.10
   42.00        0        0         0       0       0     11.69    -0.37      206      147         0       0       0      0.14    -0.12
   43.00        5        5         0       0       0     10.76    -0.47    1,232    1,232         0      30       2      0.21    -0.13
   44.00        0        0         0       0       0     10.16    -0.22    1,856    1,023       -15      19       3      0.29    -0.14
   45.00      589      343         0       2       1      9.29    -0.02    6,439    6,073       -30     139       5      0.40    -0.15
   46.00      186      186         0       0       0      8.40    -0.20    3,000    1,660         1      46       5      0.54    -0.15
   47.00      109      108         0       0       0      7.38    -0.37    2,778    2,295        25     131       4      0.70    -0.16
   48.00      422      422         0       0       0      6.37    -0.37    3,267    1,373        15     414       8      0.89    -0.18
   49.00      454      454         0       0       0      5.74    -0.42    2,848    1,854       -38     348      12      1.13    -0.17
   50.00    4,395    2,331       -11      11       2      5.23     0.00    7,334    4,063       255     331       8      1.43    -0.14
   52.50    2,165    1,261         0      25       5      3.64    -0.09    4,935    4,604       -25     169       9      2.39    -0.07
   55.00    2,907    2,349        32     202      24      2.52    -0.13    2,073    1,579         1      15       4      3.73    -0.13
   57.50    2,428    2,129        -9     148       8      1.76    -0.09    2,810    2,276         0       0       0      5.49    -0.16
   60.00    6,757    4,585         9      43      15      1.18    -0.09    1,182    1,023         0       0       0      7.71     0.35
   62.50    8,107    8,077        -2       2       2      0.79    -0.08      509      322         0       0       0      9.45    -0.23
   65.00    1,377    1,009       -77      85       5      0.53    -0.07        7        7         0       0       0     11.59    -0.44
   67.50    1,444      874        -2     204       4      0.36    -0.05        0        0         0       0       0     14.27     0.23
   70.00    7,869    7,159       -12      24       6      0.24    -0.05       92       91         0       0       0     17.05     0.29
   72.50    9,749    9,741         0       4       1      0.16    -0.04        7        7         0       0       0     19.40     0.38
   75.00      770      462         0       0       0      0.12    -0.02        0        0         0       0       0     21.87     0.33
   77.50      302      147         0       0       0      0.08    -0.02        0        0         0       0       0     24.27     0.12
   80.00      208       73         0       0       0      0.06    -0.02        0        0         0       0       0     26.81     0.27
   82.50      216       80         0       0       0      0.04    -0.02        0        0         0       0       0     29.10     0.08
   85.00      102      102         0       0       0      0.03    -0.02        0        0         0       0       0     31.50    -0.02
   87.50        8        8         0       0       0      0.02    -0.02        0        0         0       0       0     34.39     0.37
   90.00      184      184         0       3       1      0.01    -0.02        0        0         0       0       0     36.50    -0.04
   92.50        2        2         0       0       0      0.01    -0.01        0        0         0       0       0     39.58     0.58
   95.00      133      129         0       0       0      0.01     0.00        0        0         0       0       0     41.54     0.01
   97.50      105      103         0       0       0      0.01     0.00        0        0         0       0       0     44.41     0.41
  100.00      215      213         0       0       0      0.01     0.00        0        0         0       0       0     46.60     0.10
-------- -------- -------- --------- ------- -------                    -------- -------- --------- ------- -------
TOTAL       51209    42537       -72     753      74                       41652    30516       294    1752      68

 C+P
 TOTAL      92861    73053       222    2505     142
DTOP                                                       HKEX - DCASS                                          RUN DATE :  26AUG25
                               DAILY TRADING ACTIVITY & OPEN POSITIONS DETAIL - OPTIONS (BY MARKET)              RUN TIME : 20:30:29
                                                                                                                 PAGE     :        5
REPORT DATE     : 26AUG25   
CLEARINGHOUSE   : SEOCH

MARKET          : SOM   - STOCK OPTIONS                   
UNDERLYING      : MIU   
EXPIRATION DATE : 27 NOV 25

         < ------------------  CALL OPTIONS  ------------------------ > < -------------------  PUT OPTIONS  ----------------------- >
                             NET                      SETTLE   PRICE                        NET                       SETTLE   PRICE
 STRIKE    GROSS    NET     CHANGE    T/O     DEAL    PRICE    CHANGE    GROSS     NET     CHANGE     T/O    DEAL     PRICE    CHANGE
-------- -------- -------- --------- ------- ------- --------- -------- -------- -------- --------- ------- ------- --------- --------
   35.00        0        0         0       0       0     19.24     0.17       51       51         0       0       0      0.04     0.00
   36.00        0        0         0       0       0     17.68    -0.55       76        1         0       0       0      0.06     0.01
   37.00        0        0         0       0       0     17.05    -0.07      254      209         4      49       2      0.08     0.00
   38.00        0        0         0       0       0     16.18    -0.06      185      185         0       0       0      0.12     0.01
   39.00        0        0         0       0       0     15.08    -0.18       86       86        11      11       2      0.16     0.01
   40.00        1        1         1       1       1     14.30     0.01        7        7         0       0       0      0.22     0.01
   41.00        2        2         0       0       0     13.35     0.14       38       38       -13      16       2      0.30     0.01
   42.00        3        3         0       0       0     12.41     0.28      848      290         0       0       0      0.39     0.00
   43.00        0        0         0       0       0     11.51     0.13    1,464      900         0       0       0      0.48    -0.02
   44.00        0        0         0       0       0     10.46    -0.16    1,289      757       -15      15       1      0.61    -0.01
   45.00       22       22         2       2       1      9.77     0.00    1,485      943       -75     255       5      0.78     0.00
   46.00        0        0         0       0       0      8.94     0.17      962      733         0     115       2      0.96    -0.01
   47.00        0        0         0       0       0      8.07    -0.05    1,678    1,418         0      31       1      1.19    -0.02
   48.00        0        0         0       0       0      7.39    -0.03    2,837    2,662         6      14       2      1.43    -0.03
   49.00        0        0         0       0       0      6.33    -0.23    2,060    2,055       -13     253      20      1.74    -0.03
   50.00      120      120        10      23       3      5.91     0.00    1,768    1,747         9      29       3      2.06    -0.05
   52.50      654      548        -1       1       1      4.49    -0.05    1,649    1,218         0       0       0      3.07    -0.07
   55.00      853      578       160     202      17      3.42    -0.06      626      345        92     342      21      4.48    -0.12
   57.50      751      536       -11      21       3      2.59    -0.06      141      124         0       0       0      6.18    -0.13
   60.00    2,116    1,995         0       0       0      1.97    -0.04       20       20         0       0       0      8.00    -0.21
   62.50    3,007    2,844         0     101       2      1.50    -0.03        0        0         0       0       0      9.95    -0.04
   65.00    1,162      814         0       2       1      1.15    -0.02        0        0         0       0       0     12.71     0.65
   67.50      603      289         0       0       0      0.89    -0.01        0        0         0       0       0     14.53     0.26
   70.00      588      550         0       0       0      0.69    -0.01        0        0         0       0       0     17.05     0.29
   72.50      115       15         0       0       0      0.55     0.01        0        0         0       0       0     19.81     0.68
   75.00      123      112         1       1       1      0.44     0.01        0        0         0       0       0     22.20     0.64
   77.50      277      177         0       0       0      0.35     0.00        0        0         0       0       0     24.27     0.11
-------- -------- -------- --------- ------- -------                    -------- -------- --------- ------- -------
TOTAL       10397     8606       162     354      30                       17524    13789         6    1130      61

 C+P
 TOTAL      27921    22395       168    1484      91









DTOP                                                       HKEX - DCASS                                          RUN DATE :  26AUG25
                               DAILY TRADING ACTIVITY & OPEN POSITIONS DETAIL - OPTIONS (BY MARKET)              RUN TIME : 20:30:29
                                                                                                                 PAGE     :        6
REPORT DATE     : 26AUG25   
CLEARINGHOUSE   : SEOCH

MARKET          : SOM   - STOCK OPTIONS                   
UNDERLYING      : MIU   
EXPIRATION DATE : 30 DEC 25

         < ------------------  CALL OPTIONS  ------------------------ > < -------------------  PUT OPTIONS  ----------------------- >
                             NET                      SETTLE   PRICE                        NET                       SETTLE   PRICE
 STRIKE    GROSS    NET     CHANGE    T/O     DEAL    PRICE    CHANGE    GROSS     NET     CHANGE     T/O    DEAL     PRICE    CHANGE
-------- -------- -------- --------- ------- ------- --------- -------- -------- -------- --------- ------- ------- --------- --------
   19.50   12,135   12,096        -1       1       1     34.32    -0.13   12,638   12,630         0       0       0      0.01     0.00
   20.00    1,514    1,510         0       0       0     34.25     0.24    1,850    1,746         1       1       1      0.01     0.00
   21.00        8        8         0       0       0     32.84    -0.07      108      108         0       0       0      0.01     0.00
   22.00        6        6         0       0       0     32.19    -0.06      336      336         0       0       0      0.01     0.00
   23.00       78       78         0       0       0     31.32     0.29    1,056    1,045         0       0       0      0.01     0.00
   24.00       25       25         0       0       0     29.87    -0.02      710      453         0       0       0      0.01     0.00
   25.00        0        0         0       0       0     29.04    -0.21      496      496         0       0       0      0.01     0.00
   26.00       51       51         0       0       0     28.44     0.53      756      620         0       0       0      0.01     0.00
   27.00        2        1         0       0       0     26.63    -0.28    1,041      711         0       0       0      0.01     0.00
   28.00       10       10         0       0       0     26.09    -0.08      674      494         0       0       0      0.01     0.00
   29.00        2        2         0       0       0     24.97    -0.12      287      224         0       0       0      0.01     0.00
   30.00      468      395         0       0       0     24.39     0.36    1,129      908         0       0       0      0.01     0.00
   31.00   12,091   12,089         0       0       0     22.69    -0.35   12,625   12,405       -18      18       1      0.02     0.01
   32.00      584        2         0       0       0     21.68    -0.54    1,860    1,055         0       0       0      0.03     0.02
   33.00      987        6         0       0       0     21.24    -0.08    2,401    1,420         0       0       0      0.04     0.02
   34.00      902       81         0       0       0     20.13    -0.15    2,523    1,702         0       0       0      0.05     0.02
   35.00    1,093      184         0       0       0     19.33     0.22    3,042    1,822         0       1       1      0.08     0.04
   36.00    1,617       54         0       0       0     17.89    -0.41    2,861    1,275         0       0       0      0.11     0.04
   37.00    1,419      417         0       0       0     17.36     0.05    2,933    1,670        75     233       3      0.15     0.05
   38.00       26       16         0       0       0     16.39     0.15      699      687         0       0       0      0.21     0.06
   39.00      496      494         0       0       0     15.08    -0.18    2,525    2,520         0       0       0      0.29     0.08
   40.00    1,200    1,163         0       0       0     14.51     0.08    5,832    5,267         0       0       0      0.37     0.08
   41.00      670      597         0       0       0     13.45    -0.01    4,911    4,592         0       0       0      0.49     0.09
   42.00      683      201         0       0       0     12.71     0.09    9,480    3,924         0       0       0      0.59     0.06
   43.00      482      104         0       0       0     11.85     0.15    1,352      692         0       6       2      0.74     0.05
   44.00    1,687    1,510         0       0       0     11.01     0.09    4,045    3,802         0     115       2      0.92     0.04
   45.00      503       51         0       0       0     10.18     0.06   28,090   17,671         0      41       4      1.12     0.03
   46.00    2,507    1,078         0       0       0      9.43     0.08    5,321    4,200         0      16       2      1.37     0.07
   47.00    1,889      227         0       0       0      8.70     0.07   16,625   14,757         0       0       0      1.63     0.06
   48.00    8,088    7,109         0       0       0      7.99     0.05   18,337   15,196         0       0       0      1.95     0.05
   49.00      183      148         0       0       0      7.33     0.08    3,327    2,231        -1       1       1      2.28     0.04
   50.00    8,650    7,801         0       7       4      6.33    -0.30   14,239   11,707        -2     188       9      2.67     0.02
   52.50    6,762    5,726        -6      12       5      5.21    -0.03    6,757    4,162         0       0       0      3.76    -0.04
   55.00   16,937   12,299        87      89       4      4.11    -0.11    9,209    4,337        13     106       8      5.06    -0.10
   57.50    8,146    8,135         8       8       3      3.29    -0.06    3,673    3,219         0       0       0      6.78    -0.01
   60.00   12,548   10,301       241     281      15      2.65    -0.01      732      729         8      30      10      8.59    -0.22
   62.50    6,357    6,156        -3       3       1      2.14     0.02      123      123         0       0       0     10.67     0.14
   65.00   12,260   11,918         1      62       2      1.75     0.06    3,510    3,509         0       0       0     13.30     0.63
   67.50    1,982    1,868         3      18       3      1.44     0.08        6        6         0       0       0     14.67    -0.06
   70.00    4,545    3,929         0       0       0      1.20     0.10      833      831         0       0       0     17.36     0.39
   72.50   10,060    8,619         0       1       1      1.01     0.12        0        0         0       0       0     19.81     0.46
DTOP                                                       HKEX - DCASS                                          RUN DATE :  26AUG25
                               DAILY TRADING ACTIVITY & OPEN POSITIONS DETAIL - OPTIONS (BY MARKET)              RUN TIME : 20:30:29
                                                                                                                 PAGE     :        7
REPORT DATE     : 26AUG25   
CLEARINGHOUSE   : SEOCH

MARKET          : SOM   - STOCK OPTIONS                   
UNDERLYING      : MIU   
EXPIRATION DATE : 30 DEC 25

         < ------------------  CALL OPTIONS  ------------------------ > < -------------------  PUT OPTIONS  ----------------------- >
                             NET                      SETTLE   PRICE                        NET                       SETTLE   PRICE
 STRIKE    GROSS    NET     CHANGE    T/O     DEAL    PRICE    CHANGE    GROSS     NET     CHANGE     T/O    DEAL     PRICE    CHANGE
-------- -------- -------- --------- ------- ------- --------- -------- -------- -------- --------- ------- ------- --------- --------
   75.00    3,678    3,168         0       1       1      0.86     0.13        0        0         0       0       0     22.20     0.42
   77.50    1,246      466         0       0       0      0.74     0.14      107       77         0       0       0     24.63     0.47
   80.00   11,612   11,127         0     106       3      0.61     0.11        0        0         0       0       0     27.06     0.31
   82.50      629      598         0       3       1      0.55     0.13        0        0         0       0       0     29.30    -0.04
   85.00      103       59         0       0       0      0.47     0.11        0        0         0       0       0     31.74     0.22
   87.50      122       15         0       0       0      0.43     0.12        0        0         0       0       0     34.39     0.31
   90.00      803      789         2       2       1      0.38     0.12        0        0         0       0       0     36.66     0.10
   92.50       60       57         0       0       0      0.35     0.12        0        0         0       0       0     39.58     0.54
   95.00      122      110         0       0       0      0.32     0.12        4        1         0       0       0     41.60     0.07
   97.50       34       28         0       0       0      0.30     0.12        0        0         0       0       0     44.41     0.33
  100.00    1,134      902         0       0       0      0.28     0.12        0        0         0       0       0     46.70     0.20
  102.50       13       12         0       0       0      0.26     0.12        0        0         0       0       0     49.06     0.06
  105.00    1,553    1,550         0       0       0      0.25     0.12    1,500    1,500         0       0       0     51.55     0.05
  107.50        9        9         0       0       0      0.24     0.12        0        0         0       0       0     54.21     0.21
  110.00      986      648        -1       1       1      0.23     0.12        0        0         0       0       0     56.51     0.01
-------- -------- -------- --------- ------- -------                    -------- -------- --------- ------- -------
TOTAL      161757   136003       331     595      46                      190563   146860        76     756      44

 C+P
 TOTAL     352320   282863       407    1351      90





















DTOP                                                       HKEX - DCASS                                          RUN DATE :  26AUG25
                               DAILY TRADING ACTIVITY & OPEN POSITIONS DETAIL - OPTIONS (BY MARKET)              RUN TIME : 20:30:29
                                                                                                                 PAGE     :        8
REPORT DATE     : 26AUG25   
CLEARINGHOUSE   : SEOCH

MARKET          : SOM   - STOCK OPTIONS                   
UNDERLYING      : MIU   
EXPIRATION DATE : 30 MAR 26

         < ------------------  CALL OPTIONS  ------------------------ > < -------------------  PUT OPTIONS  ----------------------- >
                             NET                      SETTLE   PRICE                        NET                       SETTLE   PRICE
 STRIKE    GROSS    NET     CHANGE    T/O     DEAL    PRICE    CHANGE    GROSS     NET     CHANGE     T/O    DEAL     PRICE    CHANGE
-------- -------- -------- --------- ------- ------- --------- -------- -------- -------- --------- ------- ------- --------- --------
   25.00      230      150         0       0       0     29.04    -0.48      317      203         0       0       0      0.01     0.00
   26.00        3        3         0       0       0     28.44     0.25      110      102         0       0       0      0.01    -0.01
   27.00       11        6         0       0       0     27.54     0.16      110      110         0       0       0      0.02    -0.01
   28.00       72       66         0       0       0     26.47    -0.11      168       66         0       0       0      0.03    -0.01
   29.00        1        1         0       0       0     25.56     0.28      101      101         0       0       0      0.04    -0.01
   30.00        4        4         0       0       0     24.56     0.20      328      164         0       0       0      0.06    -0.02
   31.00        0        0         0       0       0     23.42    -0.08       18       12         0       0       0      0.09    -0.02
   32.00       32        0         0       0       0     22.19    -0.42      143      143         0       0       0      0.12    -0.02
   33.00        1        1         0       0       0     21.56     0.05    6,005    6,005         0       0       0      0.17    -0.03
   34.00        0        0         0       0       0     20.21    -0.47      111      111         0       0       0      0.22    -0.03
   35.00    3,944    1,452         0       0       0     19.45    -0.12    2,343    2,332         0       0       0      0.30    -0.04
   36.00    7,753    7,752         0       0       0     18.56    -0.14      307      197         0       0       0      0.38    -0.04
   37.00    5,870    5,605         0       0       0     17.85     0.01    2,315    2,306         0       0       0      0.49    -0.05
   38.00      361       30         0       0       0     16.95     0.41    1,497      766         1       1       1      0.61    -0.05
   39.00      832       20         0       1       1     16.08    -0.06    1,465      458         0       0       0      0.76    -0.04
   40.00    3,264    3,048         0       0       0     15.23     0.38    6,929    6,303         0       0       0      0.89    -0.05
   41.00    2,437    2,381         0       0       0     14.40    -0.07    1,342    1,135        -1       1       1      1.06    -0.07
   42.00    3,245    1,980         0       0       0     13.60    -0.08      441      328         5       5       3      1.27    -0.07
   43.00      398       97         0       0       0     12.82    -0.09    1,610    1,324         0       0       0      1.50    -0.08
   44.00      303        5         0       0       0     12.08     0.00    3,726    2,784         0       0       0      1.77    -0.08
   45.00      929      425         0       0       0     11.26     0.17    3,671    1,612         0       0       0      2.05    -0.08
   46.00       40        9         0       0       0     10.67    -0.10      836      585         0       0       0      2.37    -0.09
   47.00      437      136         0       0       0     10.02    -0.04    3,005    2,284         1       1       1      2.72    -0.08
   48.00    7,821    4,654         0       0       0      9.26    -0.17    7,948    6,376         0     129       2      3.08    -0.09
   49.00    2,755    2,755         0       0       0      8.79    -0.10    6,682    6,680       106     106       3      3.49    -0.09
   50.00    2,788    2,756         3       5       3      7.93    -0.39    8,634    8,306       174     439      16      3.91    -0.09
   52.50    2,608    2,558         0       0       0      6.93    -0.09    4,724    4,046        90      90       1      5.11    -0.09
   55.00    4,493    3,444         9      15       5      5.80    -0.09    1,981    1,964         0       0       0      6.47    -0.08
   57.50    5,542    5,303         0       0       0      4.92    -0.06    3,285    2,929         0       1       1      8.05    -0.06
   60.00    7,493    5,361       125     208      10      4.18    -0.04    3,221    3,120         0       0       0     10.02     0.20
   62.50    2,683    2,063       443     523      19      3.56    -0.02      241      156         0       0       0     11.61    -0.14
   65.00    3,973    3,427         0       0       0      3.04     0.00       31       11         0       0       0     13.53    -0.17
   67.50    1,168    1,168         0       0       0      2.61     0.03        2        2         0       0       0     15.95     0.14
   70.00    5,847    5,729         0     200       7      2.25     0.04       21        6         0       0       0     17.64    -0.13
   72.50    1,893    1,049         0       0       0      1.94     0.05        0        0         0       0       0     20.04     0.27
   75.00    2,281    1,668         0     100       1      1.69     0.06        3        3         0       0       0     22.71     0.43
   77.50      518      336         0       0       0      1.48     0.07        0        0         0       0       0     24.63     0.14
   80.00      688      544         0       0       0      1.30     0.08       31       31         1       1       1     27.40     0.49
   82.50      396      366         0       0       0      1.15     0.09        0        0         0       0       0     29.58     0.24
   85.00       49       49       -30      30       1      1.02     0.09        0        0         0       0       0     32.15     0.18
   87.50        6        6         0       0       0      0.92     0.10        0        0         0       0       0     34.49     0.14
DTOP                                                       HKEX - DCASS                                          RUN DATE :  26AUG25
                               DAILY TRADING ACTIVITY & OPEN POSITIONS DETAIL - OPTIONS (BY MARKET)              RUN TIME : 20:30:29
                                                                                                                 PAGE     :        9
REPORT DATE     : 26AUG25   
CLEARINGHOUSE   : SEOCH

MARKET          : SOM   - STOCK OPTIONS                   
UNDERLYING      : MIU   
EXPIRATION DATE : 30 MAR 26

         < ------------------  CALL OPTIONS  ------------------------ > < -------------------  PUT OPTIONS  ----------------------- >
                             NET                      SETTLE   PRICE                        NET                       SETTLE   PRICE
 STRIKE    GROSS    NET     CHANGE    T/O     DEAL    PRICE    CHANGE    GROSS     NET     CHANGE     T/O    DEAL     PRICE    CHANGE
-------- -------- -------- --------- ------- ------- --------- -------- -------- -------- --------- ------- ------- --------- --------
   90.00      623      563         0       0       0      0.82     0.10        1        1         0       0       0     36.66    -0.11
   92.50      505      500         0       0       0      0.74     0.10        0        0         0       0       0     39.58     0.38
   95.00      103      100         0       0       0      0.68     0.11        0        0         0       0       0     41.79     0.20
   97.50      131      131         0       0       0      0.62     0.11        0        0         0       0       0     44.41     0.30
  100.00      169      154         0       0       0      0.57     0.11        0        0         0       0       0     46.70     0.17
  102.50       10        9         0       0       0      0.52     0.10        0        0         0       0       0     49.11     0.06
  105.00        4        4         0       0       0      0.48     0.10        0        0         0       0       0     51.58     0.05
  107.50        4        4         0       0       0      0.45     0.10        0        0         0       0       0     54.37     0.35
  110.00    1,447    1,444         0       0       0      0.42     0.10        0        0         0       0       0     56.55     0.04
-------- -------- -------- --------- ------- -------                    -------- -------- --------- ------- -------
TOTAL       86165    69316       550    1082      47                       73703    63062       377     774      30

 C+P
 TOTAL     159868   132378       927    1856      77



























DTOP                                                       HKEX - DCASS                                          RUN DATE :  26AUG25
                               DAILY TRADING ACTIVITY & OPEN POSITIONS DETAIL - OPTIONS (BY MARKET)              RUN TIME : 20:30:29
                                                                                                                 PAGE     :       10
REPORT DATE     : 26AUG25   
CLEARINGHOUSE   : SEOCH

MARKET          : SOM   - STOCK OPTIONS                   
UNDERLYING      : MIU   
EXPIRATION DATE : 29 JUN 26

         < ------------------  CALL OPTIONS  ------------------------ > < -------------------  PUT OPTIONS  ----------------------- >
                             NET                      SETTLE   PRICE                        NET                       SETTLE   PRICE
 STRIKE    GROSS    NET     CHANGE    T/O     DEAL    PRICE    CHANGE    GROSS     NET     CHANGE     T/O    DEAL     PRICE    CHANGE
-------- -------- -------- --------- ------- ------- --------- -------- -------- -------- --------- ------- ------- --------- --------
   25.00        0        0         0       0       0     29.75     0.22        0        0         0       0       0      0.05    -0.02
   26.00        0        0         0       0       0     28.47    -0.31        0        0         0       0       0      0.06    -0.04
   27.00        0        0         0       0       0     27.76     0.08        0        0         0       0       0      0.09    -0.04
   28.00        0        0         0       0       0     26.77    -0.06        0        0         0       0       0      0.12    -0.05
   29.00        0        0         0       0       0     25.80    -0.06        0        0         0       0       0      0.16    -0.06
   30.00        1        1         0       0       0     24.83     0.07        0        0         0       0       0      0.21    -0.07
   31.00        0        0         0       0       0     23.88    -0.08        0        0         0       0       0      0.27    -0.08
   32.00        0        0         0       0       0     22.94    -0.09        2        2         0       0       0      0.35    -0.09
   33.00        0        0         0       0       0     22.01    -0.10      201      201         0       0       0      0.44    -0.09
   34.00        0        0         0       0       0     21.10     0.28      400      400         0       0       0      0.54    -0.07
   35.00        0        0         0       0       0     20.20    -0.12        3        2         2       3       2      0.67    -0.06
   36.00        0        0         0       0       0     19.33    -0.03        4        4         0       0       0      0.80    -0.08
   37.00        0        0         0       0       0     18.47    -0.05        0        0         0       0       0      0.97    -0.06
   38.00        0        0         0       0       0     17.64    -0.13       16       16         0       0       0      1.10    -0.10
   39.00        0        0         0       0       0     16.79    -0.17      477      477         0       0       0      1.28    -0.13
   40.00        0        0         0       0       0     16.03    -0.14    2,013    2,013         0       0       0      1.49    -0.12
   41.00       28       28         0       0       0     15.26    -0.01    1,893    1,880       -14      14       2      1.71    -0.14
   42.00       27       20         0       0       0     14.17    -0.44      151      151         0       0       0      1.99    -0.12
   43.00       57       57         0       0       0     13.80    -0.08      176      173         0       0       0      2.26    -0.12
   44.00      102       92         0       0       0     13.09     0.02       45       45         0       0       0      2.56    -0.12
   45.00       73       67         0       1       1     12.43     0.24    2,884    2,715         0       0       0      2.90    -0.11
   46.00        0        0         0       0       0     11.78    -0.11      268      255         0       0       0      3.25    -0.09
   47.00        3        3         0       0       0     11.16    -0.05      209      176         0       0       0      3.61    -0.10
   48.00        5        4         0       0       0     10.57    -0.08    1,737    1,654     1,500   1,500       2      4.03    -0.08
   49.00      100      100         0       0       0      9.99    -0.08      474      472        10      10       1      4.45    -0.07
   50.00      240      218         0       0       0      9.34    -0.17    1,234    1,092         0       0       0      4.87    -0.06
   52.50      902      706         0       0       0      8.18    -0.02    1,716    1,676         0       0       0      6.11    -0.02
   55.00      360      340         0       0       0      7.06     0.02      265      265         0       0       0      7.47     0.02
   57.50      421      410         0       0       0      6.17    -0.01      126      108         0       0       0      9.01    -0.01
   60.00      360      308        10      10       1      5.39    -0.05      445      424         0       0       0     10.71    -0.05
   62.50       89       86         0       0       0      4.72    -0.09      404      384         0       0       0     12.50    -0.07
   65.00    2,123    1,523         2       2       1      4.14    -0.13    1,500    1,500         0       0       0     14.37    -0.11
   67.50       33       33         0       0       0      3.64    -0.16        0        0         0       0       0     16.48    -0.34
   70.00      624      228         0       0       0      3.22    -0.18        4        4         0       0       0     18.50    -0.05
   72.50      598      598       100     100       1      2.85    -0.21        2        2         0       0       0     20.48    -0.34
   75.00      141      132         0       0       0      2.53    -0.23        0        0         0       0       0     23.47     0.72
   77.50      100        0         0       0       0      2.26    -0.25        0        0         0       0       0     25.56     0.56
   80.00       71       67         0       0       0      2.02    -0.24        0        0         0       0       0     27.81     0.67
   82.50      237      128         0       0       0      1.82    -0.23        0        0         0       0       0     29.58     0.09
   85.00      551      539        -2      10       1      1.64    -0.24        0        0         0       0       0     32.33     0.36
   87.50        0        0         0       0       0      1.48    -0.24        0        0         0       0       0     34.87     0.52
DTOP                                                       HKEX - DCASS                                          RUN DATE :  26AUG25
                               DAILY TRADING ACTIVITY & OPEN POSITIONS DETAIL - OPTIONS (BY MARKET)              RUN TIME : 20:30:29
                                                                                                                 PAGE     :       11
REPORT DATE     : 26AUG25   
CLEARINGHOUSE   : SEOCH

MARKET          : SOM   - STOCK OPTIONS                   
UNDERLYING      : MIU   
EXPIRATION DATE : 29 JUN 26

         < ------------------  CALL OPTIONS  ------------------------ > < -------------------  PUT OPTIONS  ----------------------- >
                             NET                      SETTLE   PRICE                        NET                       SETTLE   PRICE
 STRIKE    GROSS    NET     CHANGE    T/O     DEAL    PRICE    CHANGE    GROSS     NET     CHANGE     T/O    DEAL     PRICE    CHANGE
-------- -------- -------- --------- ------- ------- --------- -------- -------- -------- --------- ------- ------- --------- --------
   90.00        0        0         0       0       0      1.35    -0.23        0        0         0       0       0     36.80     0.03
   92.50        0        0         0       0       0      1.23    -0.22        0        0         0       0       0     39.73     0.53
   95.00        0        0         0       0       0      1.13    -0.23        0        0         0       0       0     41.95    -0.24
   97.50        0        0         0       0       0      1.04    -0.26        0        0         0       0       0     44.41    -0.19
  100.00        2        2         0       0       0      0.96    -0.25        0        0         0       0       0     46.89    -0.13
  102.50        0        0         0       0       0      0.88    -0.26        0        0         0       0       0     49.23     0.18
  105.00        0        0         0       0       0      0.82    -0.27        0        0         0       0       0     51.68    -0.24
  107.50        3        3         0       0       0      0.77    -0.27        0        0         0       0       0     54.37    -0.01
  110.00        8        4         0       0       0      0.72    -0.27        0        0         0       0       0     56.62    -0.21
-------- -------- -------- --------- ------- -------                    -------- -------- --------- ------- -------
TOTAL        7259     5697       110     123       5                       16649    16091      1498    1527       7

 C+P
 TOTAL      23908    21788      1608    1650      12



NOTE:

"GROSS"        = EITHER THE TOTAL NUMBER OF LONG OR THE TOTAL NUMBER OF SHORT POSITIONS IN A CONTRACT HELD BY ALL PARTICIPANTS IN
                    THE MARKET

"NET"          = EITHER THE TOTAL NUMBER OF THE NET LONG OR THE TOTAL NUMBER OF NET SHORT POSITION IN A CONTRACT HELD BY ALL MARKET
                    PARTICIPANTS. IT IS CALCULATED BY NETTING THE LONG AND SHORT POSITIONS IN A PARTICULAR CONTRACT HELD IN ALL ITS
                    ACCOUNTS BY EACH PARTICIPANT AND THEN SUM ALL NET LONG OR NET SHORT ACROSS ALL PARTICIPANTS IN THE MARKET.

"NET CHANGE"   = THE CHANGE OF "NET" BETWEEN THE CURRENT TRADE DAY AND THE PREVIOUS TRADE DAY

"T/O"          = THE NUMBER OF CONTRACTS TRADED IN THE MARKET

"DEAL"         = THE NUMBER OF MATCHED ORDERS IN THE MARKET

"SETTLE PRICE" = THE SETTLEMENT PRICE OF THE SERIES ON THE CURRENT TRADE DAY

"PRICE CHANGE" = THE CHANGE OF SETTLEMENT PRICE BETWEEN THE CURRENT TRADE DAY AND THE PREVIOUS TRADE DAY

* ON THE LAST TRADING DAY, THE UNEXERCISED AND UNASSIGNED AMOUNT WILL BE SHOWN FOR THE "GROSS" AND "NET" OF THE SPOT OPTIONS SERIES.


                                                       ***END OF REPORT***

