DTOP                                                       HKEX - DCASS                                          RUN DATE :  07JUN21
                               DAILY TRADING ACTIVITY & OPEN POSITIONS DETAIL - OPTIONS (BY MARKET)              RUN TIME : 19:13:47
                                                                                                                 PAGE     :        1
REPORT DATE     : 07JUN21   
CLEARINGHOUSE   : SEOCH

MARKET          : SOM   - STOCK OPTIONS                   
UNDERLYING      : MIU   
EXPIRATION DATE : 29 JUN 21

         < ------------------  CALL OPTIONS  ------------------------ > < -------------------  PUT OPTIONS  ----------------------- >
                             NET                      SETTLE   PRICE                        NET                       SETTLE   PRICE
 STRIKE    GROSS    NET     CHANGE    T/O     DEAL    PRICE    CHANGE    GROSS     NET     CHANGE     T/O    DEAL     PRICE    CHANGE
-------- -------- -------- --------- ------- ------- --------- -------- -------- -------- --------- ------- ------- --------- --------
    8.75      252      200         0       0       0     19.60    -1.20   10,540       10         0       0       0      0.01     0.00
    9.00        0        0         0       0       0     19.35    -1.20    5,300      300         0       0       0      0.01     0.00
    9.25        0        0         0       0       0     19.10    -1.20        0        0         0       0       0      0.01     0.00
    9.50        0        0         0       0       0     18.85    -1.20      150      150         0       0       0      0.01     0.00
    9.75        0        0         0       0       0     18.60    -1.20        5        5         0       0       0      0.01     0.00
   10.00        2        2         0       0       0     18.35    -1.20      120       30         0       0       0      0.01     0.00
   10.50       32        0         0       0       0     17.85    -1.20      876      769         0       0       0      0.01     0.00
   11.00       30        0         0       0       0     17.35    -1.20    2,181    1,824         0       0       0      0.01     0.00
   11.50        0        0         0       0       0     16.89    -1.16      160       85         0       0       0      0.01     0.00
   12.00        0        0         0       0       0     16.35    -1.20      284       50         0       0       0      0.01     0.00
   12.50       18        1         0       0       0     15.85    -1.20      487       70         0       0       0      0.01     0.00
   13.00       25        0         0       0       0     15.39    -1.16      227      178         0       0       0      0.01     0.00
   13.50      500      500         0       0       0     14.90    -1.15      769      648         0       0       0      0.01     0.00
   14.00      127       75         0       0       0     14.40    -1.15      233      130         0       0       0      0.01     0.00
   14.50    1,034    1,034         0      38       2     13.90    -1.15    2,206    2,206         0       0       0      0.01     0.00
   15.00      334       63         0       0       0     13.39    -1.16    1,426    1,423         0       0       0      0.01     0.00
   15.50      155       30         0       0       0     12.89    -1.16      386      341         0       0       0      0.01     0.00
   16.00      156       94         0       0       0     12.39    -1.16    1,994    1,651         0       0       0      0.01     0.00
   16.50      130       90         0       0       0     11.89    -1.16      984      713         0       0       0      0.01     0.00
   17.00      322      166         0       0       0     11.39    -1.16      204       59         0       0       0      0.01     0.00
   17.50      873      873         0       0       0     10.91    -1.14      387      387         0       0       0      0.01     0.00
   18.00      586      504         0       0       0     10.41    -1.14    1,089      572         0       0       0      0.01     0.00
   18.50      320      290         0       0       0      9.90    -1.15    1,111      912         0       0       0      0.01     0.00
   19.00      493      450         0       0       0      9.40    -1.15    1,897    1,774         0       1       1      0.01     0.00
   19.50      142      121         0       0       0      8.90    -1.15    5,891    5,807        20     270       5      0.01     0.00
   20.00    1,425    1,269         0       0       0      8.42    -1.13    6,209    5,825       -15      19       2      0.01     0.00
   21.00    1,615    1,576       997   1,000      23      7.42    -1.13    5,822    4,223       -10     130       3      0.01     0.00
   22.00    1,767    1,425     1,179   1,320      18      6.44    -1.11   11,227    9,818        30     150       5      0.01     0.00
   23.00      859      282         0       1       1      5.47    -1.09   11,799    9,933      -123     260      17      0.02     0.01
   24.00    3,170    3,027         0       0       0      4.51    -1.06   11,163    9,110       144     507      52      0.05     0.02
   25.00    8,192    7,158         0      11       2      3.57    -1.04   15,036   10,745       370   1,233      75      0.12     0.05
   26.00   11,718   11,346        17      70       8      2.69    -0.90   26,572   25,197    14,001  16,120     357      0.27     0.12
   27.00    6,510    4,641        19      66      17      1.92    -0.88    7,244    6,524       -50   1,841     174      0.53     0.22
   28.00   16,617   15,537       321   1,619     113      1.28    -0.77   14,881   12,841    -8,973  13,114     410      0.89     0.31
   29.00   10,517    9,495     1,506   3,465     142      0.82    -0.63    9,136    8,472        25     469      77      1.42     0.45
   30.00   17,811   15,291       588   3,554     204      0.49    -0.49    4,579    4,111        31      43      15      2.10     0.60
   31.00   16,137   15,516       121     675      65      0.28    -0.35    5,904    5,570         0      21       3      2.94     0.78
   32.00   27,272   24,171        83     720      64      0.15    -0.25    3,468    3,210       -35      37       4      3.76     0.83
   33.00   10,528    9,055       900   1,549      63      0.08    -0.16      403      227         0       3       3      4.75     0.96
   34.00    5,025    3,296        87     591      46      0.04    -0.09      660      383         0       0       0      5.70     0.99
   35.00   10,278    8,575        53     389      20      0.02    -0.05      483      141         0       2       1      6.68     1.01
DTOP                                                       HKEX - DCASS                                          RUN DATE :  07JUN21
                               DAILY TRADING ACTIVITY & OPEN POSITIONS DETAIL - OPTIONS (BY MARKET)              RUN TIME : 19:13:47
                                                                                                                 PAGE     :        2
REPORT DATE     : 07JUN21   
CLEARINGHOUSE   : SEOCH

MARKET          : SOM   - STOCK OPTIONS                   
UNDERLYING      : MIU   
EXPIRATION DATE : 29 JUN 21

         < ------------------  CALL OPTIONS  ------------------------ > < -------------------  PUT OPTIONS  ----------------------- >
                             NET                      SETTLE   PRICE                        NET                       SETTLE   PRICE
 STRIKE    GROSS    NET     CHANGE    T/O     DEAL    PRICE    CHANGE    GROSS     NET     CHANGE     T/O    DEAL     PRICE    CHANGE
-------- -------- -------- --------- ------- ------- --------- -------- -------- -------- --------- ------- ------- --------- --------
   36.00   11,345   10,454        59     308      11      0.01    -0.03      192      181         0       0       0      7.66     1.02
   37.00    3,509    3,377         0     120       1      0.01    -0.01       50        0         0       0       0      8.65     1.04
   38.00    2,861    2,375       -50      50       2      0.01     0.00       10        0         0       0       0      9.65     1.05
   39.00    2,401    2,366         0       0       0      0.01     0.00       50        0         0       0       0     10.65     1.07
   40.00    2,927    2,337       100     100       1      0.01     0.00      101      100         0       0       0     11.65     1.07
   41.00    1,355      668         0       0       0      0.01     0.00      130      100         0       0       0     12.65     1.08
   42.00    1,576      415         0       0       0      0.01     0.00      146       80         0      14       1     13.65     1.08
   43.00    4,215      776         0       0       0      0.01     0.00        0        0         0       0       0     14.65     1.09
   44.00    6,102      931         0       0       0      0.01     0.00      400      400         0       0       0     15.65     1.09
   45.00   15,420    6,780         0       0       0      0.01     0.00      534      534        34      94       2     16.65     1.09
-------- -------- -------- --------- ------- -------                    -------- -------- --------- ------- -------
TOTAL      206683   166632      5980   15646     803                      175106   137819      5449   34328    1207

 C+P
 TOTAL     381789   304451     11429   49974    2010


























DTOP                                                       HKEX - DCASS                                          RUN DATE :  07JUN21
                               DAILY TRADING ACTIVITY & OPEN POSITIONS DETAIL - OPTIONS (BY MARKET)              RUN TIME : 19:13:47
                                                                                                                 PAGE     :        3
REPORT DATE     : 07JUN21   
CLEARINGHOUSE   : SEOCH

MARKET          : SOM   - STOCK OPTIONS                   
UNDERLYING      : MIU   
EXPIRATION DATE : 29 JUL 21

         < ------------------  CALL OPTIONS  ------------------------ > < -------------------  PUT OPTIONS  ----------------------- >
                             NET                      SETTLE   PRICE                        NET                       SETTLE   PRICE
 STRIKE    GROSS    NET     CHANGE    T/O     DEAL    PRICE    CHANGE    GROSS     NET     CHANGE     T/O    DEAL     PRICE    CHANGE
-------- -------- -------- --------- ------- ------- --------- -------- -------- -------- --------- ------- ------- --------- --------
   17.50        0        0         0       0       0     10.92    -1.13      313       50        30      30       1      0.01     0.00
   18.00        0        0         0       0       0     10.44    -1.11       30       17         0       0       0      0.01     0.00
   18.50        0        0         0       0       0      9.93    -1.12      384       10         0       0       0      0.01     0.00
   19.00        0        0         0       0       0      9.44    -1.11      163        3         0       0       0      0.01     0.00
   19.50        3        0         0       0       0      8.95    -1.11      293       73         0       0       0      0.01     0.00
   20.00      159      159         0       0       0      8.46    -1.10      191       70         0       0       0      0.01     0.00
   21.00      204      144         0       0       0      7.51    -1.06      431      230       100     100       1      0.03     0.01
   22.00       82        0         0       0       0      6.55    -1.01    3,768    3,536        93     479      17      0.06     0.02
   23.00       75       14        -1       1       1      5.61    -1.01    2,224    1,318        18     192       7      0.13     0.05
   24.00       65       35         0       0       0      4.72    -0.97    5,227    2,386        60     142      17      0.24     0.08
   25.00    1,985    1,933         1       4       2      3.87    -0.82    4,523    3,261     1,171   1,592      39      0.42     0.13
   26.00    3,467    2,100       200     204       4      3.10    -0.85    4,916    4,382       652     726      54      0.68     0.20
   27.00    2,107    1,432       119     177      14      2.43    -0.78    2,244    1,938       336     685      49      1.04     0.30
   28.00    2,263    1,946        98     122      12      1.84    -0.76    1,122      923       197     912      29      1.42     0.32
   29.00    4,554    4,295       -67     546      22      1.39    -0.60    3,041    2,813       -16     247      13      1.97     0.42
   30.00    1,625      888        52     180      40      1.01    -0.54      674      307       112     117       7      2.60     0.54
   31.00      781      465        31     128      21      0.72    -0.48      483      460         0       0       0      3.39     0.67
   32.00    1,330    1,046       171     288      21      0.50    -0.40      399      174         0       0       0      4.20     0.77
   33.00      918      544        37     198      19      0.34    -0.32      150      126         0       0       0      5.05     0.84
   34.00      551      414       -67     119       6      0.23    -0.24        5        5         0       0       0      5.94     0.89
   35.00    1,097    1,046       124     198      11      0.15    -0.18        9        9         0       0       0      6.86     0.92
   36.00      644      629         0      38       2      0.10    -0.13        0        0         0       0       0      7.80     0.93
   37.00      790      446         0       0       0      0.06    -0.10       50       50         0       0       0      8.76     0.96
   38.00      263      263        99     101       2      0.04    -0.07        4        4         0       0       0      9.73     0.98
   39.00       63       30        10      13       2      0.03    -0.04        0        0         0       0       0     10.70     0.99
-------- -------- -------- --------- ------- -------                    -------- -------- --------- ------- -------
TOTAL       23026    17829       807    2317     179                       30644    22145      2753    5222     234

 C+P
 TOTAL      53670    39974      3560    7539     413











DTOP                                                       HKEX - DCASS                                          RUN DATE :  07JUN21
                               DAILY TRADING ACTIVITY & OPEN POSITIONS DETAIL - OPTIONS (BY MARKET)              RUN TIME : 19:13:47
                                                                                                                 PAGE     :        4
REPORT DATE     : 07JUN21   
CLEARINGHOUSE   : SEOCH

MARKET          : SOM   - STOCK OPTIONS                   
UNDERLYING      : MIU   
EXPIRATION DATE : 30 AUG 21

         < ------------------  CALL OPTIONS  ------------------------ > < -------------------  PUT OPTIONS  ----------------------- >
                             NET                      SETTLE   PRICE                        NET                       SETTLE   PRICE
 STRIKE    GROSS    NET     CHANGE    T/O     DEAL    PRICE    CHANGE    GROSS     NET     CHANGE     T/O    DEAL     PRICE    CHANGE
-------- -------- -------- --------- ------- ------- --------- -------- -------- -------- --------- ------- ------- --------- --------
   17.50        0        0         0       0       0     10.97    -1.09      607       10         0       0       0      0.01     0.00
   18.00        0        0         0       0       0     10.48    -1.08        0        0         0       0       0      0.01     0.00
   18.50        0        0         0       0       0      9.99    -1.06       27       10         0       0       0      0.02     0.01
   19.00        0        0         0       0       0      9.51    -1.05      215      215         0       0       0      0.03     0.01
   19.50        0        0         0       0       0      9.02    -1.05        0        0         0       0       0      0.04     0.01
   20.00        0        0         0       0       0      8.54    -1.05      212       87         1       1       1      0.05     0.01
   21.00       30        0         0       0       0      7.60    -1.03       53       41         3      33       4      0.10     0.03
   22.00      160       50        20      20       2      6.68    -1.01      894      676        29      51       2      0.18     0.06
   23.00       90        1         0       0       0      5.79    -0.99      999      884        25      28       4      0.31     0.09
   24.00        4        0         0       0       0      4.95    -0.94    1,998    1,280       -30     113      10      0.50     0.15
   25.00    3,834    3,675         0       0       0      4.17    -0.81    4,931    4,436       173     396      13      0.74     0.20
   26.00    3,187    2,171         0       0       0      3.46    -0.84    3,615    2,283       461     595      24      1.03     0.23
   27.00      682      673        -2      81       2      2.81    -0.79    1,041      964       537     573      32      1.39     0.27
   28.00      174       48         1       1       1      2.29    -0.70      669      614       299     489      17      1.87     0.37
   29.00      855      440        79     143       7      1.85    -0.62      430      381        78     124       2      2.42     0.45
   30.00    2,093    1,907       238     367      14      1.47    -0.50      664      633         0     139       4      3.07     0.55
   31.00      526      509        39      81       3      1.14    -0.53      125      105         0       4       1      3.79     0.63
   32.00      664      642        18      84       5      0.88    -0.44      392      388       109     113       2      4.56     0.71
   33.00      847      845       699     885       9      0.67    -0.38        0        0         0       0       0      5.38     0.79
   34.00      196       71         1       2       2      0.51    -0.30      352        0         0       0       0      6.22     0.83
   35.00      346      166         0       1       1      0.38    -0.25        0        0         0       0       0      7.11     0.87
   36.00      501      345         0       0       0      0.28    -0.20        0        0         0       0       0      8.01     0.89
   37.00      371      310         0       0       0      0.21    -0.15        0        0         0       0       0      8.94     0.91
   38.00       42       26         0       0       0      0.15    -0.12        2        2         0       0       0      9.88     0.92
   39.00      163        0         0      42       2      0.11    -0.10        0        0         0       0       0     10.82     0.93
-------- -------- -------- --------- ------- -------                    -------- -------- --------- ------- -------
TOTAL       14765    11879      1093    1707      48                       17226    13009      1685    2659     116

 C+P
 TOTAL      31991    24888      2778    4366     164











DTOP                                                       HKEX - DCASS                                          RUN DATE :  07JUN21
                               DAILY TRADING ACTIVITY & OPEN POSITIONS DETAIL - OPTIONS (BY MARKET)              RUN TIME : 19:13:47
                                                                                                                 PAGE     :        5
REPORT DATE     : 07JUN21   
CLEARINGHOUSE   : SEOCH

MARKET          : SOM   - STOCK OPTIONS                   
UNDERLYING      : MIU   
EXPIRATION DATE : 29 SEP 21

         < ------------------  CALL OPTIONS  ------------------------ > < -------------------  PUT OPTIONS  ----------------------- >
                             NET                      SETTLE   PRICE                        NET                       SETTLE   PRICE
 STRIKE    GROSS    NET     CHANGE    T/O     DEAL    PRICE    CHANGE    GROSS     NET     CHANGE     T/O    DEAL     PRICE    CHANGE
-------- -------- -------- --------- ------- ------- --------- -------- -------- -------- --------- ------- ------- --------- --------
   15.00      100       30         0       0       0     13.47    -1.09    1,022      138         0       0       0      0.01     0.00
   15.50       21       21         0       0       0     12.98    -1.08      590       95         0       0       0      0.01     0.00
   16.00       23       23         0       0       0     12.49    -1.06      512       32         0       0       0      0.01     0.00
   16.50       10        0         0       0       0     12.00    -1.06      501       29         0       0       0      0.01     0.00
   17.00    7,000    7,000         0       0       0     11.51    -1.06    7,088    7,086         0       0       0      0.01     0.00
   17.50       10        0         0       0       0     11.03    -1.05      279        2         0       0       0      0.02     0.01
   18.00       16       10         0       0       0     10.54    -1.06      558      148         0       0       0      0.03     0.01
   18.50        2        1         0       0       0     10.06    -1.06      444      112         0       0       0      0.04     0.01
   19.00       30        0         0       0       0      9.59    -1.05    1,534    1,282         0       0       0      0.06     0.02
   19.50      287      287         0       0       0      9.11    -1.05    2,827    2,827         0      15       3      0.08     0.02
   20.00    1,042      359        23      75       1      8.64    -1.04    4,004    3,172         5      27       3      0.10     0.02
   21.00      606      153         0       0       0      7.73    -1.01    4,775    3,041         0       0       0      0.18     0.04
   22.00    4,034    4,034         0       0       0      6.82    -1.01    9,617    7,768         0       5       1      0.29     0.06
   23.00    6,368    6,030         0       0       0      5.96    -0.98   14,435   11,064        -1       1       1      0.46     0.10
   24.00    2,259    1,566         0       3       1      5.16    -0.94    7,394    6,641        -1       7       1      0.68     0.14
   25.00    5,033    4,645         0       4       2      4.41    -0.89    6,127    3,509        36      36       3      0.97     0.20
   26.00    9,001    4,702         0       0       0      3.72    -0.84    6,142    4,370       374     374      10      1.28     0.21
   27.00    3,228    3,079         0       3       1      3.15    -0.75    3,216    2,225       522     525      19      1.67     0.28
   28.00    7,436    6,559         0      16       5      2.56    -0.76    5,292    4,420       -14      22       4      2.17     0.37
   29.00    1,927    1,878         0       1       1      2.16    -0.65    3,703    3,353        20      30       2      2.74     0.49
   30.00    3,494    2,678        -2      36       7      1.76    -0.57    2,400    2,284         0       1       1      3.37     0.51
   31.00    2,274    2,234         1       1       1      1.42    -0.58      575      482         0       0       0      4.08     0.59
   32.00    1,434    1,016       198     200       3      1.14    -0.54    1,570    1,570         0       0       0      4.84     0.66
   33.00    2,189    2,088         0      14       3      0.91    -0.46      314        4         0       0       0      5.64     0.72
   34.00      433      174        -3       3       1      0.72    -0.40      145       50         0       0       0      6.47     0.78
   35.00    1,023      920       -14      16       2      0.57    -0.33      234       38         0       0       0      7.33     0.82
   36.00      348      340         0       0       0      0.44    -0.29      680      680         0       0       0      8.21     0.84
   37.00      510      235         0       9       3      0.34    -0.24      127       30         0       0       0      9.11     0.86
   38.00      402      401         0      99       1      0.26    -0.20      110       10         0       0       0     10.03     0.88
   39.00      796      236         0       0       0      0.20    -0.17      170       30         0       0       0     10.97     0.91
   40.00      857      828        10      10       1      0.16    -0.13      372      140         0       0       0     11.92     0.93
   41.00      161       35         0       0       0      0.12    -0.11      133      100         0       0       0     12.87     0.94
   42.00       45       16         0       0       0      0.09    -0.09       50        0         0       0       0     13.83     0.95
   43.00      319        0         0      20       1      0.07    -0.07      100      100         0       0       0     14.80     0.97
   44.00      182       73         0       0       0      0.05    -0.06      289        0         0       0       0     15.77     0.97
   45.00      765      575         1      48       2      0.04    -0.05      276        0         0       0       0     16.75     0.99
-------- -------- -------- --------- ------- -------                    -------- -------- --------- ------- -------
TOTAL       63665    52226       214     558      36                       87605    66832       941    1043      48

 C+P
 TOTAL     151270   119058      1155    1601      84
DTOP                                                       HKEX - DCASS                                          RUN DATE :  07JUN21
                               DAILY TRADING ACTIVITY & OPEN POSITIONS DETAIL - OPTIONS (BY MARKET)              RUN TIME : 19:13:47
                                                                                                                 PAGE     :        6
REPORT DATE     : 07JUN21   
CLEARINGHOUSE   : SEOCH

MARKET          : SOM   - STOCK OPTIONS                   
UNDERLYING      : MIU   
EXPIRATION DATE : 30 DEC 21

         < ------------------  CALL OPTIONS  ------------------------ > < -------------------  PUT OPTIONS  ----------------------- >
                             NET                      SETTLE   PRICE                        NET                       SETTLE   PRICE
 STRIKE    GROSS    NET     CHANGE    T/O     DEAL    PRICE    CHANGE    GROSS     NET     CHANGE     T/O    DEAL     PRICE    CHANGE
-------- -------- -------- --------- ------- ------- --------- -------- -------- -------- --------- ------- ------- --------- --------
   16.50      100       10         0       0       0     12.15    -1.07      376        5         0       0       0      0.07     0.01
   17.00        0        0         0       0       0     11.68    -1.06       16       14         0       0       0      0.09     0.01
   17.50        1        1         0       0       0     11.21    -1.06      170       51         0       0       0      0.12     0.03
   18.00        5        5         0       0       0     10.74    -1.06      260       77         0       0       0      0.15     0.03
   18.50        0        0         0       0       0     10.28    -1.06    1,061      900         0       0       0      0.20     0.05
   19.00       36       10         0       0       0      9.82    -1.06      784      751       -10      10       2      0.24     0.04
   19.50        0        0         0       0       0      9.38    -1.04    1,000    1,000         0       0       0      0.30     0.06
   20.00      137      101         0       0       0      8.93    -1.04      631      560         0       0       0      0.37     0.07
   21.00       77       21         0       0       0      8.07    -1.02    1,177    1,070         0       0       0      0.53     0.10
   22.00      609      401         0      10       1      7.25    -0.99    2,081    1,901         0      30       2      0.75     0.14
   23.00      762      274         0       0       0      6.46    -0.97    2,875    2,414         0       6       2      0.97     0.14
   24.00      888      888         0       0       0      5.73    -0.93    6,691    6,487        16     284       6      1.23     0.15
   25.00    5,779    5,778         0       0       0      5.08    -0.87    5,439    4,799        42      42       3      1.58     0.22
   26.00    2,645    2,490         0       0       0      4.46    -0.83    3,866    3,509        30      31       4      1.98     0.28
   27.00    7,251    7,244        -5       5       1      3.92    -0.78    4,855    4,855       625     724      32      2.43     0.33
   28.00    6,164    5,045         0       0       0      3.46    -0.70    1,347    1,028        -3      13       4      2.93     0.37
   29.00   10,553   10,042      -140     241       5      3.02    -0.66    1,828    1,695         1       5       2      3.52     0.43
   30.00    9,081    9,054        63      71      11      2.62    -0.58    6,720    6,719         0       0       0      4.16     0.47
   31.00    4,451    4,397         0       0       0      2.27    -0.63      599      599         0       0       0      4.86     0.55
   32.00    1,034    1,033         6      12       7      1.95    -0.59      351      351         0       0       0      5.59     0.60
   33.00      833      440         0       0       0      1.68    -0.53      375      250         0       0       0      6.35     0.64
   34.00      862      646         0      15       3      1.44    -0.48      415      300         0       0       0      7.14     0.67
   35.00    1,256    1,249         0      10       2      1.23    -0.43       82        1         0       0       0      7.95     0.70
   36.00    1,786    1,720         0      15       3      1.05    -0.39      287       53         0       0       0      8.80     0.74
   37.00      890      560        10      10       3      0.89    -0.35       34        0         0       0       0      9.66     0.76
   38.00    1,123    1,025         0       0       0      0.76    -0.31       87        4         0       0       0     10.54     0.79
   39.00      942      744         0       0       0      0.64    -0.28        5        0         0       0       0     11.44     0.82
   40.00    1,038    1,020         0       0       0      0.54    -0.25       10        7         0       0       0     12.35     0.84
   41.00      574      563         0      10       1      0.46    -0.21       74       50         0       0       0     13.27     0.86
   42.00      260      245         0       0       0      0.39    -0.19        0        0         0       0       0     14.21     0.88
   43.00       75       47         0       0       0      0.33    -0.16        5        5         0       0       0     15.15     0.89
   44.00      832      782         0       0       0      0.27    -0.15        0        0         0       0       0     16.09     0.90
   45.00    1,781    1,541         0       0       0      0.23    -0.13       56        0         0       0       0     17.05     0.92
-------- -------- -------- --------- ------- -------                    -------- -------- --------- ------- -------
TOTAL       61825    57376       -66     399      37                       43557    39455       701    1145      57

 C+P
 TOTAL     105382    96831       635    1544      94



DTOP                                                       HKEX - DCASS                                          RUN DATE :  07JUN21
                               DAILY TRADING ACTIVITY & OPEN POSITIONS DETAIL - OPTIONS (BY MARKET)              RUN TIME : 19:13:47
                                                                                                                 PAGE     :        7
REPORT DATE     : 07JUN21   
CLEARINGHOUSE   : SEOCH

MARKET          : SOM   - STOCK OPTIONS                   
UNDERLYING      : MIU   
EXPIRATION DATE : 30 MAR 22

         < ------------------  CALL OPTIONS  ------------------------ > < -------------------  PUT OPTIONS  ----------------------- >
                             NET                      SETTLE   PRICE                        NET                       SETTLE   PRICE
 STRIKE    GROSS    NET     CHANGE    T/O     DEAL    PRICE    CHANGE    GROSS     NET     CHANGE     T/O    DEAL     PRICE    CHANGE
-------- -------- -------- --------- ------- ------- --------- -------- -------- -------- --------- ------- ------- --------- --------
   16.50      195       71         0       0       0     12.32    -1.07      396       14         0       0       0      0.18     0.02
   17.00        3        3         0       0       0     11.86    -1.07       33        0         0       0       0      0.23     0.03
   17.50        3        1         0       0       0     11.41    -1.06        2        0         0       0       0      0.27     0.03
   18.00       12        6         0       0       0     10.96    -0.99       44       25         0       0       0      0.34     0.05
   18.50        0        0         0       0       0     10.52    -1.05      402      400         0       0       0      0.40     0.05
   19.00        2        1         0       0       0     10.08    -1.05      366      337         0       0       0      0.48     0.06
   19.50        0        0         0       0       0      9.66    -1.04      402      402         0       0       0      0.57     0.08
   20.00       64       64         0       0       0      9.24    -1.03      495      280         0       0       0      0.66     0.08
   21.00      554      500         0       0       0      8.43    -1.00      841      164         0       0       0      0.88     0.10
   22.00    1,000      806         0       1       1      7.66    -0.98    1,208      489         0       0       0      1.11     0.10
   23.00      528      450         0       0       0      6.93    -0.95      925      905        10      15       3      1.38     0.12
   24.00      183       79         0       0       0      6.26    -0.91      224      209         0       0       0      1.73     0.20
   25.00      229      229         0       0       0      5.64    -0.87      559      351         0       0       0      2.11     0.22
   26.00      628      555         0       0       0      5.07    -0.81      628      627         0       0       0      2.55     0.28
   27.00    1,650    1,600         0       0       0      4.56    -0.79      388      388        10     110       1      3.02     0.31
   28.00    2,040    2,038         0       0       0      4.11    -0.73      361      352         0       0       0      3.54     0.35
   29.00    3,081    3,081         0       0       0      3.69    -0.70      420      420        20      20       1      4.13     0.40
   30.00    3,298    3,298        37      38       5      3.29    -0.70      126       50         0       0       0      4.77     0.45
   31.00    1,239      710         0       0       0      2.93    -0.69      377      103         0       0       0      5.46     0.51
   32.00      579       89         0       1       1      2.60    -0.68       60        0         0       0       0      6.18     0.55
   33.00      210       30         0       0       0      2.31    -0.63      140        0         0       0       0      6.93     0.59
   34.00      185       40         0      15       2      2.05    -0.58        0        0         0       0       0      7.71     0.61
   35.00      525      154        -9      11       2      1.81    -0.54        1        1         0       0       0      8.52     0.65
   36.00    1,758    1,740         0       0       0      1.60    -0.50        0        0         0       0       0      9.35     0.68
   37.00      161      155         0       0       0      1.41    -0.47        0        0         0       0       0     10.20     0.71
   38.00        0        0         0       0       0      1.25    -0.42        0        0         0       0       0     11.07     0.74
   39.00       67        2         2      67       8      1.10    -0.39        0        0         0       0       0     11.95     0.76
-------- -------- -------- --------- ------- -------                    -------- -------- --------- ------- -------
TOTAL       18194    15702        30     133      19                        8398     5517        40     145       5

 C+P
 TOTAL      26592    21219        70     278      24









DTOP                                                       HKEX - DCASS                                          RUN DATE :  07JUN21
                               DAILY TRADING ACTIVITY & OPEN POSITIONS DETAIL - OPTIONS (BY MARKET)              RUN TIME : 19:13:47
                                                                                                                 PAGE     :        8
REPORT DATE     : 07JUN21   
CLEARINGHOUSE   : SEOCH

MARKET          : SOM   - STOCK OPTIONS                   
UNDERLYING      : MIU   
EXPIRATION DATE : 29 JUN 22

         < ------------------  CALL OPTIONS  ------------------------ > < -------------------  PUT OPTIONS  ----------------------- >
                             NET                      SETTLE   PRICE                        NET                       SETTLE   PRICE
 STRIKE    GROSS    NET     CHANGE    T/O     DEAL    PRICE    CHANGE    GROSS     NET     CHANGE     T/O    DEAL     PRICE    CHANGE
-------- -------- -------- --------- ------- ------- --------- -------- -------- -------- --------- ------- ------- --------- --------
   20.00        0        0         0       0       0      9.56    -0.99        8        8         0       0       0      0.97     0.10
   21.00       77        0         0       0       0      8.79    -0.97        1        1         0       0       0      1.20     0.09
   22.00        0        0         0       0       0      8.07    -0.94        9        9         5       5       1      1.46     0.12
   23.00        0        0         0       0       0      7.38    -0.92        0        0         0       0       0      1.80     0.17
   24.00        0        0         0       0       0      6.76    -0.87        0        0         0       0       0      2.17     0.19
   25.00        0        0         0       0       0      6.16    -0.85        0        0         0       0       0      2.60     0.25
   26.00        0        0         0       0       0      5.63    -0.81      710      710         0       0       0      3.04     0.25
   27.00        0        0         0       0       0      5.14    -0.77        0        0         0       0       0      3.55     0.32
   28.00        0        0         0       0       0      4.70    -0.73        1        1         0       0       0      4.07     0.33
   29.00        1        1         0       0       0      4.27    -0.72        0        0         0       0       0      4.65     0.35
   30.00       16       16         0       0       0      3.88    -0.72       10       10         0       0       0      5.30     0.40
   31.00        0        0         0       0       0      3.51    -0.73      700        0         0       0       0      5.97     0.44
   32.00        0        0         0       0       0      3.18    -0.72        0        0         0       0       0      6.70     0.49
   33.00        0        0         0       0       0      2.88    -0.68        0        0         0       0       0      7.44     0.52
   34.00        0        0         0       0       0      2.61    -0.63        0        0         0       0       0      8.21     0.56
   35.00        1        1         0       0       0      2.35    -0.61        0        0         0       0       0      9.00     0.58
   36.00        3        3         1       1       1      2.13    -0.56        0        0         0       0       0      9.82     0.61
   37.00       10       10        10      14       4      1.92    -0.53        0        0         0       0       0     10.66     0.64
   38.00       21       18         6      20       3      1.73    -0.50        0        0         0       0       0     11.51     0.67
   39.00        2        2         2       2       1      1.56    -0.47        0        0         0       0       0     12.38     0.69
-------- -------- -------- --------- ------- -------                    -------- -------- --------- ------- -------
TOTAL         131       51        19      37       9                        1439      739         5       5       1

 C+P
 TOTAL       1570      790        24      42      10
















DTOP                                                       HKEX - DCASS                                          RUN DATE :  07JUN21
                               DAILY TRADING ACTIVITY & OPEN POSITIONS DETAIL - OPTIONS (BY MARKET)              RUN TIME : 19:13:47
                                                                                                                 PAGE     :        9
REPORT DATE     : 07JUN21   
CLEARINGHOUSE   : SEOCH

MARKET          : SOM   - STOCK OPTIONS                   
UNDERLYING      : MIU   
EXPIRATION DATE : 29 JUN 22

         < ------------------  CALL OPTIONS  ------------------------ > < -------------------  PUT OPTIONS  ----------------------- >
                             NET                      SETTLE   PRICE                        NET                       SETTLE   PRICE
 STRIKE    GROSS    NET     CHANGE    T/O     DEAL    PRICE    CHANGE    GROSS     NET     CHANGE     T/O    DEAL     PRICE    CHANGE
-------- -------- -------- --------- ------- ------- --------- -------- -------- -------- --------- ------- ------- --------- --------
NOTE:

"GROSS"        = EITHER THE TOTAL NUMBER OF LONG OR THE TOTAL NUMBER OF SHORT POSITIONS IN A CONTRACT HELD BY ALL PARTICIPANTS IN
                    THE MARKET

"NET"          = EITHER THE TOTAL NUMBER OF THE NET LONG OR THE TOTAL NUMBER OF NET SHORT POSITION IN A CONTRACT HELD BY ALL MARKET
                    PARTICIPANTS. IT IS CALCULATED BY NETTING THE LONG AND SHORT POSITIONS IN A PARTICULAR CONTRACT HELD IN ALL ITS
                    ACCOUNTS BY EACH PARTICIPANT AND THEN SUM ALL NET LONG OR NET SHORT ACROSS ALL PARTICIPANTS IN THE MARKET.

"NET CHANGE"   = THE CHANGE OF "NET" BETWEEN THE CURRENT TRADE DAY AND THE PREVIOUS TRADE DAY

"T/O"          = THE NUMBER OF CONTRACTS TRADED IN THE MARKET

"DEAL"         = THE NUMBER OF MATCHED ORDERS IN THE MARKET

"SETTLE PRICE" = THE SETTLEMENT PRICE OF THE SERIES ON THE CURRENT TRADE DAY

"PRICE CHANGE" = THE CHANGE OF SETTLEMENT PRICE BETWEEN THE CURRENT TRADE DAY AND THE PREVIOUS TRADE DAY

* ON THE LAST TRADING DAY, THE UNEXERCISED AND UNASSIGNED AMOUNT WILL BE SHOWN FOR THE "GROSS" AND "NET" OF THE SPOT OPTIONS SERIES.


                                                       ***END OF REPORT***


















