DTOP                                                       HKEX - DCASS                                          RUN DATE :  20MAY21
                               DAILY TRADING ACTIVITY & OPEN POSITIONS DETAIL - OPTIONS (BY MARKET)              RUN TIME : 19:11:57
                                                                                                                 PAGE     :        1
REPORT DATE     : 20MAY21   
CLEARINGHOUSE   : SEOCH

MARKET          : SOM   - STOCK OPTIONS                   
UNDERLYING      : MIU   
EXPIRATION DATE : 28 MAY 21

         < ------------------  CALL OPTIONS  ------------------------ > < -------------------  PUT OPTIONS  ----------------------- >
                             NET                      SETTLE   PRICE                        NET                       SETTLE   PRICE
 STRIKE    GROSS    NET     CHANGE    T/O     DEAL    PRICE    CHANGE    GROSS     NET     CHANGE     T/O    DEAL     PRICE    CHANGE
-------- -------- -------- --------- ------- ------- --------- -------- -------- -------- --------- ------- ------- --------- --------
   16.50       81       81         0       0       0     10.85     0.75      868      732         0       0       0      0.01     0.00
   17.00        0        0         0       0       0     10.35     0.75      420      137         0       0       0      0.01     0.00
   17.50      360      360         0       0       0      9.85     0.75      231       91         0       0       0      0.01     0.00
   18.00      207       56         0       0       0      9.35     0.75      398      236         0       0       0      0.01     0.00
   18.50      358       95         0       0       0      8.85     0.75      386      252         0       0       0      0.01     0.00
   19.00       12        3       -11      14       4      8.35     0.75      480      263         0       0       0      0.01     0.00
   19.50      255      149         0       0       0      7.85     0.75      759      420         0       0       0      0.01     0.00
   20.00      275      106         0      11       1      7.43     0.83    4,485    1,727         0       0       0      0.01     0.00
   21.00       57       27         0      20       1      6.35     0.75    4,608    3,749        -8      26       2      0.01     0.00
   22.00    1,719    1,461       -31      42       4      5.45     0.85   12,218   11,233        12      51       6      0.01     0.00
   23.00    1,747    1,377         9      85      16      4.45     0.82   10,722    8,309         2      57      23      0.01    -0.02
   24.00    4,413    3,598        -7      45       9      3.47     0.83    8,806    6,907       -55     104      36      0.02    -0.07
   25.00    7,729    5,142        51     336      37      2.43     0.65   12,745    9,967       -20   1,143     120      0.08    -0.16
   26.00   10,675    9,875      -295     399      68      1.64     0.53    7,658    6,266       703   1,350      90      0.24    -0.29
   27.00    9,484    6,069      -403   3,839     244      0.96     0.34    6,191    5,895     1,288   5,398     160      0.56    -0.51
   28.00   22,872   21,208     2,761  32,111     277      0.49     0.16    5,302    5,000     1,568   2,352      81      1.13    -0.64
   29.00   15,594   15,147        -8   1,447      96      0.22     0.07      664      603       396     443      11      1.90    -0.72
   30.00   15,163   11,345      -180   2,208      87      0.09     0.03      444      334       -93     122       7      2.77    -0.79
   31.00   10,851    8,879      -554     926      57      0.03     0.01      392      346         0      31       2      3.69    -0.86
   32.00    4,100    3,797       120     163      19      0.01     0.00      860      167         0      14       4      4.66    -0.89
   33.00    6,126    4,401        -1      15       3      0.01     0.00       63        0         0       0       0      5.65    -0.75
   34.00    4,316    4,260         2       9       7      0.01     0.00       13        3         0       0       0      6.65    -0.75
   35.00    4,065    2,290         1       1       1      0.01     0.00    1,414    1,294         0       0       0      7.65    -0.75
   36.00    1,331      397         0       1       1      0.01     0.00      240        0         0       0       0      8.65    -0.75
   37.00    1,076      629         0       0       0      0.01     0.00       69        0         0       0       0      9.65    -0.75
   38.00    4,781    3,636       200     200       4      0.01     0.00      100      100         0       0       0     10.65    -0.75
   39.00    9,422    4,402       -20     120       2      0.01     0.00        0        0         0       0       0     11.65    -0.75
   40.00   15,424    7,836     1,250   1,365       3      0.01     0.00    1,400    1,400      -100     100       1     12.65    -0.75
-------- -------- -------- --------- ------- -------                    -------- -------- --------- ------- -------
TOTAL      152493   116626      2884   43357     941                       81936    65431      3693   11191     543

 C+P
 TOTAL     234429   182057      6577   54548    1484








DTOP                                                       HKEX - DCASS                                          RUN DATE :  20MAY21
                               DAILY TRADING ACTIVITY & OPEN POSITIONS DETAIL - OPTIONS (BY MARKET)              RUN TIME : 19:11:57
                                                                                                                 PAGE     :        2
REPORT DATE     : 20MAY21   
CLEARINGHOUSE   : SEOCH

MARKET          : SOM   - STOCK OPTIONS                   
UNDERLYING      : MIU   
EXPIRATION DATE : 29 JUN 21

         < ------------------  CALL OPTIONS  ------------------------ > < -------------------  PUT OPTIONS  ----------------------- >
                             NET                      SETTLE   PRICE                        NET                       SETTLE   PRICE
 STRIKE    GROSS    NET     CHANGE    T/O     DEAL    PRICE    CHANGE    GROSS     NET     CHANGE     T/O    DEAL     PRICE    CHANGE
-------- -------- -------- --------- ------- ------- --------- -------- -------- -------- --------- ------- ------- --------- --------
    8.75        2        0         0       0       0     18.60     0.75    6,540       10         0       0       0      0.01     0.00
    9.00        0        0         0       0       0     18.35     0.75    5,300      300         0       0       0      0.01     0.00
    9.25        0        0         0       0       0     18.10     0.75        0        0         0       0       0      0.01     0.00
    9.50        0        0         0       0       0     17.85     0.75      150      150         0       0       0      0.01     0.00
    9.75        0        0         0       0       0     17.60     0.75        5        5         0       0       0      0.01     0.00
   10.00        2        2         0       0       0     17.35     0.75      120       30         0       0       0      0.01     0.00
   10.50       32        0         0       0       0     16.85     0.75      876      769         0       0       0      0.01     0.00
   11.00       30        0         0       0       0     16.35     0.75    2,181    1,824         0       0       0      0.01     0.00
   11.50        0        0         0       0       0     15.85     0.75      160       85         0       0       0      0.01     0.00
   12.00       30       30         0       0       0     15.35     0.75      284       50         0       0       0      0.01     0.00
   12.50       18        1         0       0       0     14.85     0.75      487       70         0       0       0      0.01     0.00
   13.00       25        0         0       0       0     14.35     0.75      227      178         0       0       0      0.01     0.00
   13.50      530      530         0       0       0     13.85     0.75      769      648         0       0       0      0.01     0.00
   14.00      127       75         0       0       0     13.35     0.75      233      130         0       0       0      0.01     0.00
   14.50    1,034    1,034         0       0       0     12.85     0.75    2,206    2,206         0       0       0      0.01     0.00
   15.00      334       63         0       0       0     12.35     0.75    1,426    1,423         0       0       0      0.01     0.00
   15.50      155       30         0       0       0     11.85     0.75      386      341         0       0       0      0.01     0.00
   16.00      142      111         0       0       0     11.35     0.75    1,994    1,651         0       0       0      0.01     0.00
   16.50      890      890       800     800      17     10.85     0.75      951      680        40      40       2      0.01     0.00
   17.00      363      363       300     300       6     10.35     0.75      204       59         0       0       0      0.01     0.00
   17.50      613      531         0       0       0      9.85     0.75      367      367         0       0       0      0.01     0.00
   18.00      586      504         0       0       0      9.35     0.75    1,089      572         0       0       0      0.01     0.00
   18.50      320      290       -10     150       1      8.85     0.75    1,111      912         0       0       0      0.01     0.00
   19.00      450      450         0       0       0      8.35     0.74    1,898    1,723         0       0       0      0.01     0.00
   19.50      142      121         0       0       0      7.86     0.75    5,891    5,787         0       0       0      0.01     0.00
   20.00    1,425    1,269         0       4       3      7.43     0.81    6,207    5,678         1      25       4      0.01    -0.01
   21.00      736      730         0       0       0      6.38     0.73    5,938    3,850       -11      13       3      0.03    -0.02
   22.00      948      245         0       2       2      5.56     0.85   11,289    9,815        55     204      11      0.07    -0.04
   23.00      858      273         0      14       8      4.60     0.76   11,936   10,204        97     489      41      0.14    -0.10
   24.00    3,173    3,035         0      26       8      3.73     0.71   12,092    9,616      -561     619      35      0.28    -0.14
   25.00    8,550    7,479        30      84      23      2.93     0.67   14,246   11,679        -8     219      44      0.48    -0.21
   26.00   12,004   11,688        81     349      31      2.21     0.53   12,481   10,945       119   1,299      92      0.78    -0.34
   27.00    7,249    5,709     1,206   2,203      84      1.63     0.40    4,738    4,671      -282     931      63      1.20    -0.43
   28.00   17,978   17,170       829   4,003     140      1.17     0.29    5,485    5,408       455     674      17      1.76    -0.56
   29.00    4,300    3,227      -117   1,282      62      0.80     0.21    2,755    2,414        -4     192       5      2.45    -0.61
   30.00   11,213    9,367      -558   1,939      83      0.54     0.16    1,927    1,635       505     533       6      3.22    -0.67
   31.00   12,732   12,550       103     293      44      0.35     0.11    5,530    5,185         0       0       0      4.07    -0.70
   32.00   27,903    7,222         5  20,185      24      0.22     0.07    3,647    3,461        20      20       1      4.91    -0.80
   33.00    8,379    7,225        50     108       8      0.13     0.04      450      277         0       3       1      5.86    -0.82
   34.00    4,029    2,398         2     106       7      0.08     0.02      760      330         0       0       0      6.79    -0.84
   35.00   10,228    9,836      -546     597      20      0.05     0.02      345       50         0       0       0      7.75    -0.84
DTOP                                                       HKEX - DCASS                                          RUN DATE :  20MAY21
                               DAILY TRADING ACTIVITY & OPEN POSITIONS DETAIL - OPTIONS (BY MARKET)              RUN TIME : 19:11:57
                                                                                                                 PAGE     :        3
REPORT DATE     : 20MAY21   
CLEARINGHOUSE   : SEOCH

MARKET          : SOM   - STOCK OPTIONS                   
UNDERLYING      : MIU   
EXPIRATION DATE : 29 JUN 21

         < ------------------  CALL OPTIONS  ------------------------ > < -------------------  PUT OPTIONS  ----------------------- >
                             NET                      SETTLE   PRICE                        NET                       SETTLE   PRICE
 STRIKE    GROSS    NET     CHANGE    T/O     DEAL    PRICE    CHANGE    GROSS     NET     CHANGE     T/O    DEAL     PRICE    CHANGE
-------- -------- -------- --------- ------- ------- --------- -------- -------- -------- --------- ------- ------- --------- --------
   36.00   11,218   10,421         1      14       5      0.03     0.01      170      170         0       0       0      8.72    -0.87
   37.00    3,460    3,394        -1      61       3      0.02     0.01       50        0         0       0       0      9.66    -0.75
   38.00    2,854    2,392        -3       3       1      0.01     0.00       10        0         0       0       0     10.66    -0.74
   39.00    2,406    2,363         0       0       0      0.01     0.00       50        0         0       0       0     11.65    -0.75
   40.00    3,723    3,221         0       1       1      0.01     0.00      101      100         0       0       0     12.65    -0.75
   41.00    1,356      668         0       0       0      0.01     0.00      130      100         0       0       0     13.65    -0.75
   42.00    1,044      383         0       0       0      0.01     0.00      110       80         0       0       0     14.65    -0.75
   43.00    1,715      776         0       0       0      0.01     0.00        0        0         0       0       0     15.65    -0.75
   44.00    1,097      926         0       0       0      0.01     0.00        0        0         0       0       0     16.65    -0.75
   45.00    6,850    6,669         0     980       7      0.01     0.00      500      500         0       0       0     17.65    -0.75
-------- -------- -------- --------- ------- -------                    -------- -------- --------- ------- -------
TOTAL      173253   135661      2172   33504     588                      135802   106138       426    5261     325

 C+P
 TOTAL     309055   241799      2598   38765     913


























DTOP                                                       HKEX - DCASS                                          RUN DATE :  20MAY21
                               DAILY TRADING ACTIVITY & OPEN POSITIONS DETAIL - OPTIONS (BY MARKET)              RUN TIME : 19:11:57
                                                                                                                 PAGE     :        4
REPORT DATE     : 20MAY21   
CLEARINGHOUSE   : SEOCH

MARKET          : SOM   - STOCK OPTIONS                   
UNDERLYING      : MIU   
EXPIRATION DATE : 29 JUL 21

         < ------------------  CALL OPTIONS  ------------------------ > < -------------------  PUT OPTIONS  ----------------------- >
                             NET                      SETTLE   PRICE                        NET                       SETTLE   PRICE
 STRIKE    GROSS    NET     CHANGE    T/O     DEAL    PRICE    CHANGE    GROSS     NET     CHANGE     T/O    DEAL     PRICE    CHANGE
-------- -------- -------- --------- ------- ------- --------- -------- -------- -------- --------- ------- ------- --------- --------
   17.50        0        0         0       0       0      9.86     0.75      304        0         0       0       0      0.01     0.00
   18.00        0        0         0       0       0      9.36     0.74       30       17         0       0       0      0.01    -0.01
   18.50        0        0         0       0       0      8.87     0.74      434       10         0       0       0      0.02    -0.01
   19.00        0        0         0       0       0      8.38     0.74      163        3         0       0       0      0.03    -0.02
   19.50        3        0         0       0       0      7.89     0.73      323       72         0       0       0      0.04    -0.02
   20.00        1        1         0       0       0      7.43     0.74      143       72         0       0       0      0.06    -0.03
   21.00      204      145         0       0       0      6.46     0.69      115      106        -5       5       1      0.11    -0.06
   22.00       82        0         0       0       0      5.69     0.76    3,166    2,957       125     188      13      0.21    -0.10
   23.00       73        0         0       0       0      4.82     0.71    2,172    1,263      -288     498      22      0.36    -0.12
   24.00       38        8         0       0       0      4.02     0.67    4,431    2,001       -21     141      10      0.55    -0.18
   25.00    1,981    1,929        -1      61       3      3.29     0.62    2,516    1,393      -178     322      29      0.83    -0.25
   26.00    3,770    1,906         6     165       6      2.64     0.53    1,369    1,270       -51     199      15      1.19    -0.32
   27.00    1,689    1,280         1     245       8      2.10     0.39      498      460        70     433      39      1.64    -0.41
   28.00    1,423    1,084        18     358      15      1.63     0.31      374      370         0      11      11      2.20    -0.51
   29.00      811      417        95     214      17      1.25     0.25      440      436       100     100       1      2.85    -0.60
   30.00    1,488    1,278        31      78       7      0.94     0.19      175      174       174     175       3      3.58    -0.66
   31.00      257      201        45     190       9      0.70     0.15       46       30        30      30       1      4.39    -0.68
   32.00      327      146         0      14       6      0.51     0.12      321        2         0       0       0      5.23    -0.72
   33.00      295      210         0      50       4      0.37     0.09        5        5         0       0       0      6.11    -0.76
   34.00      111      111        88     111       6      0.26     0.06        7        7         0       0       0      7.00    -0.79
   35.00      660      383         0      30       4      0.18     0.04        9        9         0       0       0      7.91    -0.82
   36.00      131       90         0      25       3      0.13     0.03        0        0         0       0       0      8.87    -0.81
-------- -------- -------- --------- ------- -------                    -------- -------- --------- ------- -------
TOTAL       13344     9189       283    1541      88                       17041    10657       -44    2102     145

 C+P
 TOTAL      30385    19846       239    3643     233














DTOP                                                       HKEX - DCASS                                          RUN DATE :  20MAY21
                               DAILY TRADING ACTIVITY & OPEN POSITIONS DETAIL - OPTIONS (BY MARKET)              RUN TIME : 19:11:57
                                                                                                                 PAGE     :        5
REPORT DATE     : 20MAY21   
CLEARINGHOUSE   : SEOCH

MARKET          : SOM   - STOCK OPTIONS                   
UNDERLYING      : MIU   
EXPIRATION DATE : 30 AUG 21

         < ------------------  CALL OPTIONS  ------------------------ > < -------------------  PUT OPTIONS  ----------------------- >
                             NET                      SETTLE   PRICE                        NET                       SETTLE   PRICE
 STRIKE    GROSS    NET     CHANGE    T/O     DEAL    PRICE    CHANGE    GROSS     NET     CHANGE     T/O    DEAL     PRICE    CHANGE
-------- -------- -------- --------- ------- ------- --------- -------- -------- -------- --------- ------- ------- --------- --------
   17.50        0        0         0       0       0      9.88     0.74      121        0         0     121       1      0.03    -0.01
   18.00        0        0         0       0       0      9.39     0.73        0        0         0       0       0      0.04    -0.02
   18.50        0        0         0       0       0      8.91     0.73       23        3         2       2       1      0.06    -0.02
   19.00        0        0         0       0       0      8.43     0.72        0        0         0       0       0      0.08    -0.03
   19.50        0        0         0       0       0      7.96     0.71        0        0         0       0       0      0.11    -0.04
   20.00        0        0         0       0       0      7.50     0.70      211       85         0       0       0      0.15    -0.05
   21.00       30        0         0       0       0      6.78     0.80       45       33        -1       1       1      0.25    -0.08
   22.00      116        6         0       0       0      5.90     0.76      864      628         0       1       1      0.40    -0.11
   23.00       89        0         0       0       0      5.08     0.71      901      756       -49      51       2      0.59    -0.14
   24.00        4        0         0       0       0      4.32     0.68      847      677      -251     251       3      0.83    -0.20
   25.00    3,834    3,175         0       0       0      3.64     0.61    3,762    3,262         5       7       2      1.16    -0.24
   26.00    3,175    2,171         0       0       0      3.03     0.54    1,636      466       259     261      23      1.56    -0.29
   27.00      680      679         0       5       2      2.51     0.45        4        2         0       0       0      2.03    -0.39
   28.00       67        6         1      55       4      2.05     0.36        3        2         2       2       1      2.59    -0.48
   29.00      115       96        65      73       6      1.66     0.31        4        0         0       0       0      3.24    -0.55
   30.00    1,156    1,156        10     127       7      1.33     0.26        0        0         0       0       0      3.95    -0.61
   31.00       51       32         0       0       0      1.05     0.21        0        0         0       0       0      4.73    -0.63
   32.00      355      334         0       0       0      0.83     0.18        0        0         0       0       0      5.53    -0.68
   33.00      110       55         0       0       0      0.65     0.15        0        0         0       0       0      6.37    -0.71
   34.00      118       68        36      75       6      0.50     0.12        0        0         0       0       0      7.26    -0.74
   35.00       64       15         5       5       1      0.39     0.10        0        0         0       0       0      8.15    -0.78
   36.00       15       15         -      15       2      0.30        -        0        0         -       0       0      9.07        -
-------- -------- -------- --------- ------- -------                    -------- -------- --------- ------- -------
TOTAL        9979     7808       117     355      28                        8421     5914       -33     697      35

 C+P
 TOTAL      18400    13722        84    1052      63














DTOP                                                       HKEX - DCASS                                          RUN DATE :  20MAY21
                               DAILY TRADING ACTIVITY & OPEN POSITIONS DETAIL - OPTIONS (BY MARKET)              RUN TIME : 19:11:57
                                                                                                                 PAGE     :        6
REPORT DATE     : 20MAY21   
CLEARINGHOUSE   : SEOCH

MARKET          : SOM   - STOCK OPTIONS                   
UNDERLYING      : MIU   
EXPIRATION DATE : 29 SEP 21

         < ------------------  CALL OPTIONS  ------------------------ > < -------------------  PUT OPTIONS  ----------------------- >
                             NET                      SETTLE   PRICE                        NET                       SETTLE   PRICE
 STRIKE    GROSS    NET     CHANGE    T/O     DEAL    PRICE    CHANGE    GROSS     NET     CHANGE     T/O    DEAL     PRICE    CHANGE
-------- -------- -------- --------- ------- ------- --------- -------- -------- -------- --------- ------- ------- --------- --------
   15.00      100       30         0       0       0     12.36     0.74    1,022      138         0       0       0      0.01     0.00
   15.50       21       21         0       0       0     11.87     0.75      590       95         0       0       0      0.01    -0.01
   16.00       23       23         0       0       0     11.38     0.75      512       32         0       0       0      0.02    -0.01
   16.50       10        0         0       0       0     10.88     0.73      501       29         0       0       0      0.03    -0.01
   17.00    7,000    7,000         0       0       0     10.40     0.74    7,088    7,086         0       0       0      0.04    -0.02
   17.50       10        0         0       0       0      9.91     0.73      279        2         0       0       0      0.06    -0.02
   18.00       16       10         0       0       0      9.44     0.73      558      148         0      27       1      0.08    -0.03
   18.50        2        1         0       0       0      8.96     0.71      444      112         0       0       0      0.11    -0.04
   19.00       30        0         0       0       0      8.50     0.71    1,420    1,282         0       0       0      0.15    -0.04
   19.50      287      287         0       0       0      8.04     0.70    2,827    2,727         0       2       1      0.19    -0.05
   20.00      987      336       -15      15       1      7.59     0.59    3,550    3,087         0       1       1      0.24    -0.07
   21.00      606      153         0       0       0      6.91     0.77    4,805    3,041         0      31       2      0.38    -0.09
   22.00    4,041    4,041         0       0       0      6.07     0.75   11,004    8,285        -6      26       8      0.57    -0.12
   23.00    6,368    6,030         0       0       0      5.27     0.68   14,391   11,104       -15      15       3      0.78    -0.15
   24.00    2,248    1,566         0       2       2      4.56     0.53    7,385    6,627        -1     304      16      1.06    -0.20
   25.00    5,052    4,645         0       0       0      3.91     0.49    6,106    3,541        -8     166       4      1.41    -0.25
   26.00    9,047    4,702        -3      16       4      3.29     0.41    5,708    3,976        -2       6       4      1.82    -0.31
   27.00    3,228    3,079        -5      17       4      2.81     0.45    2,511    1,538        10      10       4      2.31    -0.39
   28.00    6,198    5,294         1       4       2      2.36     0.37    3,518    3,060         0       0       0      2.88    -0.47
   29.00    1,526    1,480         0       9       3      1.96     0.32    1,877    1,873         0       0       0      3.53    -0.52
   30.00    3,409    2,588         0       1       1      1.62     0.28    2,367    2,313         0       0       0      4.24    -0.57
   31.00    1,942    1,939         0       0       0      1.33     0.24      553      470         0       0       0      4.99    -0.62
   32.00    1,273      853         0       2       2      1.08     0.20    1,570    1,570         0       0       0      5.80    -0.63
   33.00    2,158    2,083         0       8       2      0.88     0.17      314        5         5       5       1      6.61    -0.68
   34.00      440      195         0       2       1      0.71     0.14      145       50         0       0       0      7.48    -0.70
   35.00      849      728        -4      59      13      0.57     0.12      234       38         0       0       0      8.34    -0.75
   36.00      339      336       121     300       6      0.46     0.10      680      680         0       0       0      9.24    -0.76
   37.00      457       72         0       0       0      0.36     0.08      127       30         0       0       0     10.16    -0.77
   38.00      205       36         0       1       1      0.29     0.07      110       10         0       0       0     11.08    -0.79
   39.00      775      209         1       1       1      0.23     0.06      170       30         0       0       0     12.02    -0.79
   40.00      937      925         0       0       0      0.18     0.04      372      140         0       0       0     12.96    -0.81
   41.00      161       30         0       0       0      0.14     0.03      133      100         0       0       0     13.91    -0.82
   42.00       27       10         0       0       0      0.11     0.02       50        0         0       0       0     14.88    -0.81
   43.00      299      101         0       0       0      0.09     0.02      100      100         0       0       0     15.84    -0.83
   44.00      154       73         0       0       0      0.07     0.02      289        0         0       0       0     16.81    -0.83
   45.00      752      604         0       0       0      0.06     0.02      276        0         0       0       0     17.78    -0.83
-------- -------- -------- --------- ------- -------                    -------- -------- --------- ------- -------
TOTAL       60977    49480        96     437      43                       83586    63319       -17     593      45

 C+P
 TOTAL     144563   112799        79    1030      88
DTOP                                                       HKEX - DCASS                                          RUN DATE :  20MAY21
                               DAILY TRADING ACTIVITY & OPEN POSITIONS DETAIL - OPTIONS (BY MARKET)              RUN TIME : 19:11:57
                                                                                                                 PAGE     :        7
REPORT DATE     : 20MAY21   
CLEARINGHOUSE   : SEOCH

MARKET          : SOM   - STOCK OPTIONS                   
UNDERLYING      : MIU   
EXPIRATION DATE : 30 DEC 21

         < ------------------  CALL OPTIONS  ------------------------ > < -------------------  PUT OPTIONS  ----------------------- >
                             NET                      SETTLE   PRICE                        NET                       SETTLE   PRICE
 STRIKE    GROSS    NET     CHANGE    T/O     DEAL    PRICE    CHANGE    GROSS     NET     CHANGE     T/O    DEAL     PRICE    CHANGE
-------- -------- -------- --------- ------- ------- --------- -------- -------- -------- --------- ------- ------- --------- --------
   16.50       10       10         0       0       0     10.99     0.72      376        5         0       0       0      0.14    -0.02
   17.00        0        0         0       0       0     10.53     0.72       16       14         0       0       0      0.18    -0.03
   17.50        1        1         0       0       0     10.08     0.71      170       51         0       0       0      0.22    -0.04
   18.00        5        5         0       0       0      9.63     0.70      260       73         0       0       0      0.28    -0.05
   18.50        0        0         0       0       0      9.19     0.55    1,061      900         0       0       0      0.34    -0.05
   19.00       36       25         0       0       0      9.01     0.80      794      757         0       0       0      0.41    -0.07
   19.50        0        0         0       0       0      8.58     0.79    1,005    1,005         0       0       0      0.50    -0.07
   20.00      138      104         0       0       0      8.16     0.78      626      626         0       0       0      0.58    -0.09
   21.00       77       33         0       0       0      7.35     0.76    1,169    1,085         0       3       1      0.79    -0.08
   22.00      599      401         0       0       0      6.58     0.72    2,072    1,901         0       0       0      1.02    -0.13
   23.00      812      371         0       0       0      5.87     0.66    3,059    2,414         0      81       2      1.32    -0.18
   24.00      888      888         0       6       3      5.22     0.64    6,430    6,430      -205     682      16      1.68    -0.20
   25.00    5,779    5,778         1       3       3      4.63     0.60    5,097    4,683        30      30       5      2.09    -0.22
   26.00    2,649    2,490         0       4       2      4.00     0.47    3,812    3,462        10      10       2      2.54    -0.28
   27.00    6,328    6,324        -6   1,256       3      3.61     0.50    3,052    3,052     1,260   1,260       3      3.04    -0.37
   28.00    5,669    4,529       -17      17       3      3.16     0.41      477      427         0       0       0      3.63    -0.42
   29.00   10,574   10,049        -8       8       2      2.76     0.38    1,728    1,564         0       0       0      4.27    -0.48
   30.00    9,256    9,232        -3       5       4      2.41     0.35    6,720    6,719         0       1       1      4.97    -0.53
   31.00    4,451    4,399         0       0       0      2.09     0.31      587      584        -7       7       2      5.70    -0.60
   32.00    1,023    1,023         0      10       1      1.81     0.28      351      351         0       1       1      6.49    -0.58
   33.00      835      446        -4       4       1      1.57     0.25      375      250         0     161       5      7.29    -0.61
   34.00      778      603        -6       6       2      1.35     0.22      415      300         0       1       1      8.11    -0.61
   35.00    1,244    1,236       -21      21       2      1.17     0.21       82        1         0       0       0      8.96    -0.64
   36.00    1,619    1,568         2       2       1      1.00     0.18      287       53         0       0       0      9.82    -0.66
   37.00      779      250         0       0       0      0.86     0.16       34        0         0       0       0     10.69    -0.70
   38.00    1,123    1,025         0       3       1      0.74     0.14       87        4         0       0       0     11.58    -0.72
   39.00      802      539         0       0       0      0.63     0.12        5        0         0       0       0     12.49    -0.73
   40.00      980      971        10      10       1      0.54     0.11        4        1         0       0       0     13.40    -0.74
   41.00      522      512         0       0       0      0.46     0.09       74       50         0       0       0     14.33    -0.75
   42.00       81       17         0       0       0      0.39     0.08        0        0         0       0       0     15.26    -0.76
   43.00       60       52         0       0       0      0.34     0.08        5        5         0       0       0     16.20    -0.77
   44.00      832      782         0       0       0      0.29     0.07        0        0         0       0       0     17.15    -0.77
   45.00    1,811    1,534         3       8       2      0.24     0.05       56        0         0       0       0     18.10    -0.78
-------- -------- -------- --------- ------- -------                    -------- -------- --------- ------- -------
TOTAL       59761    55197       -49    1363      31                       40286    36767      1088    2237      39

 C+P
 TOTAL     100047    91964      1039    3600      70



DTOP                                                       HKEX - DCASS                                          RUN DATE :  20MAY21
                               DAILY TRADING ACTIVITY & OPEN POSITIONS DETAIL - OPTIONS (BY MARKET)              RUN TIME : 19:11:57
                                                                                                                 PAGE     :        8
REPORT DATE     : 20MAY21   
CLEARINGHOUSE   : SEOCH

MARKET          : SOM   - STOCK OPTIONS                   
UNDERLYING      : MIU   
EXPIRATION DATE : 30 MAR 22

         < ------------------  CALL OPTIONS  ------------------------ > < -------------------  PUT OPTIONS  ----------------------- >
                             NET                      SETTLE   PRICE                        NET                       SETTLE   PRICE
 STRIKE    GROSS    NET     CHANGE    T/O     DEAL    PRICE    CHANGE    GROSS     NET     CHANGE     T/O    DEAL     PRICE    CHANGE
-------- -------- -------- --------- ------- ------- --------- -------- -------- -------- --------- ------- ------- --------- --------
   16.50       11       11         0       0       0     11.16     0.71      396       14         0       0       0      0.31    -0.04
   17.00        3        3         0       0       0     10.73     0.71       33        0         0       0       0      0.37    -0.05
   17.50        3        3         0       0       0     10.30     0.51        2        0        -2       2       1      0.44    -0.06
   18.00       12        8         0       0       0     10.08     0.62       42       25         0       0       0      0.53    -0.06
   18.50        0        0         0       0       0      9.74     0.79      400      400         0       0       0      0.62    -0.06
   19.00        2        2         0       0       0      9.32     0.77      366      337         0       0       0      0.70    -0.07
   19.50        0        0         0       0       0      8.92     0.77      402      402         0       0       0      0.79    -0.08
   20.00       63       63         0       0       0      8.52     0.75      496      283         1       1       1      0.91    -0.09
   21.00      554      500         0       0       0      7.77     0.74      841      164         0       0       0      1.18    -0.11
   22.00      996      801         0       0       0      7.06     0.71    1,066      489         1       1       1      1.47    -0.16
   23.00      481      451         0       4       2      6.40     0.71      875      873         0       0       0      1.84    -0.15
   24.00      184       81        -1       1       1      5.81     0.54      191      153      -130     130       3      2.23    -0.20
   25.00      305      305        -5       5       1      5.25     0.58      854      853         0       0       0      2.67    -0.22
   26.00      629      564         0       0       0      4.74     0.53      443      382         0       0       0      3.16    -0.25
   27.00    1,650    1,600         0      27       4      4.28     0.49      265      265         0       0       0      3.67    -0.31
   28.00    2,023    2,023         0       0       0      3.84     0.44      175       60         0       0       0      4.24    -0.38
   29.00    3,050    3,050         0       0       0      3.45     0.42      400      400         0       0       0      4.87    -0.45
   30.00    3,282    3,282        25      40       5      3.09     0.39      120       50         0       0       0      5.56    -0.50
   31.00    1,239      710         0       0       0      2.76     0.36      274        0         0     100       1      6.28    -0.52
   32.00      794      130        27     129       4      2.47     0.33       60        0         0       0       0      7.05    -0.54
   33.00      212       32         0       1       1      2.20     0.30      140        0         0     100       1      7.83    -0.58
   34.00      192       40         0       0       0      1.97     0.29        0        0         0       0       0      8.66    -0.58
   35.00      432      141         0       0       0      1.75     0.26        1        1         0       0       0      9.49    -0.61
   36.00    1,759    1,741        -3       3       1      1.56     0.24        0        0         0       0       0     10.34    -0.63
-------- -------- -------- --------- ------- -------                    -------- -------- --------- ------- -------
TOTAL       17876    15541        43     210      19                        7842     5151      -130     334       8

 C+P
 TOTAL      25718    20692       -87     544      27












DTOP                                                       HKEX - DCASS                                          RUN DATE :  20MAY21
                               DAILY TRADING ACTIVITY & OPEN POSITIONS DETAIL - OPTIONS (BY MARKET)              RUN TIME : 19:11:57
                                                                                                                 PAGE     :        9
REPORT DATE     : 20MAY21   
CLEARINGHOUSE   : SEOCH

MARKET          : SOM   - STOCK OPTIONS                   
UNDERLYING      : MIU   
EXPIRATION DATE : 30 MAR 22

         < ------------------  CALL OPTIONS  ------------------------ > < -------------------  PUT OPTIONS  ----------------------- >
                             NET                      SETTLE   PRICE                        NET                       SETTLE   PRICE
 STRIKE    GROSS    NET     CHANGE    T/O     DEAL    PRICE    CHANGE    GROSS     NET     CHANGE     T/O    DEAL     PRICE    CHANGE
-------- -------- -------- --------- ------- ------- --------- -------- -------- -------- --------- ------- ------- --------- --------
NOTE:

"GROSS"        = EITHER THE TOTAL NUMBER OF LONG OR THE TOTAL NUMBER OF SHORT POSITIONS IN A CONTRACT HELD BY ALL PARTICIPANTS IN
                    THE MARKET

"NET"          = EITHER THE TOTAL NUMBER OF THE NET LONG OR THE TOTAL NUMBER OF NET SHORT POSITION IN A CONTRACT HELD BY ALL MARKET
                    PARTICIPANTS. IT IS CALCULATED BY NETTING THE LONG AND SHORT POSITIONS IN A PARTICULAR CONTRACT HELD IN ALL ITS
                    ACCOUNTS BY EACH PARTICIPANT AND THEN SUM ALL NET LONG OR NET SHORT ACROSS ALL PARTICIPANTS IN THE MARKET.

"NET CHANGE"   = THE CHANGE OF "NET" BETWEEN THE CURRENT TRADE DAY AND THE PREVIOUS TRADE DAY

"T/O"          = THE NUMBER OF CONTRACTS TRADED IN THE MARKET

"DEAL"         = THE NUMBER OF MATCHED ORDERS IN THE MARKET

"SETTLE PRICE" = THE SETTLEMENT PRICE OF THE SERIES ON THE CURRENT TRADE DAY

"PRICE CHANGE" = THE CHANGE OF SETTLEMENT PRICE BETWEEN THE CURRENT TRADE DAY AND THE PREVIOUS TRADE DAY

* ON THE LAST TRADING DAY, THE UNEXERCISED AND UNASSIGNED AMOUNT WILL BE SHOWN FOR THE "GROSS" AND "NET" OF THE SPOT OPTIONS SERIES.


                                                       ***END OF REPORT***


















