DTOP                                                       HKEX - DCASS                                          RUN DATE :  21AUG26
                               DAILY TRADING ACTIVITY & OPEN POSITIONS DETAIL - OPTIONS (BY MARKET)              RUN TIME : 19:59:35
                                                                                                                 PAGE     :        1
REPORT DATE     : 21AUG26   
CLEARINGHOUSE   : SEOCH

MARKET          : SOM   - STOCK OPTIONS                   
UNDERLYING      : WXA   
EXPIRATION DATE : 28 AUG 26

         < ------------------  CALL OPTIONS  ------------------------ > < -------------------  PUT OPTIONS  ----------------------- >
                             NET                      SETTLE   PRICE                        NET                       SETTLE   PRICE
 STRIKE    GROSS    NET     CHANGE    T/O     DEAL    PRICE    CHANGE    GROSS     NET     CHANGE     T/O    DEAL     PRICE    CHANGE
-------- -------- -------- --------- ------- ------- --------- -------- -------- -------- --------- ------- ------- --------- --------
   95.00        0        0         0       0       0    110.85    -0.81        0        0         0       0       0      0.01     0.00
   97.50        0        0         0       0       0    108.35    -0.81        2        0         0       0       0      0.01     0.00
  100.00        0        0         0       0       0    105.86    -0.80        2        2         0       0       0      0.01     0.00
  102.50        0        0         0       0       0    103.36    -0.81        0        0         0       0       0      0.01     0.00
  105.00        0        0         0       0       0    100.86    -0.81        0        0         0       0       0      0.01     0.00
  107.50        0        0         0       0       0     98.36    -0.81       45       45         0       0       0      0.01     0.00
  110.00        0        0         0       0       0     95.86    -0.81       30       30         0       0       0      0.01     0.00
  112.50        0        0         0       0       0     93.36    -0.81       15       15         0       0       0      0.01     0.00
  115.00        0        0         0       0       0     90.86    -0.81       52       52         0       0       0      0.01     0.00
  117.50        0        0         0       0       0     88.37    -0.81       52       31         0       0       0      0.01     0.00
  120.00        0        0         0       0       0     85.87    -0.81       85       54         0       0       0      0.01     0.00
  122.50        0        0         0       0       0     83.37    -0.81      138       77         0       0       0      0.01     0.00
  125.00        0        0         0       0       0     80.87    -0.81      119      101         0       0       0      0.01     0.00
  127.50        0        0         0       0       0     78.37    -0.81      114      114         0       0       0      0.01     0.00
  130.00        0        0         0       0       0     75.87    -0.81       65       64         0       0       0      0.01     0.00
  132.50        0        0         0       0       0     73.37    -0.82       73       73         0       0       0      0.01     0.00
  135.00        0        0         0       0       0     70.88    -0.81       28        2         0       0       0      0.01     0.00
  137.50        0        0         0       0       0     68.38    -0.81       64       59         0       0       0      0.01     0.00
  140.00        0        0         0       0       0     65.88    -0.81       34       24         0       0       0      0.01     0.00
  142.50        0        0         0       0       0     63.38    -0.81       59       29         0       0       0      0.01     0.00
  145.00        0        0         0       0       0     60.88    -0.81       57       17         0       0       0      0.01     0.00
  147.50        0        0         0       0       0     58.38    -0.81       47       47         0       0       0      0.01     0.00
  150.00        0        0         0       0       0     55.88    -0.82       90       63         0       0       0      0.01     0.00
  152.50        0        0         0       0       0     53.39    -0.81       59       50         0       0       0      0.01     0.00
  155.00        0        0         0       0       0     50.89    -0.81      183      125         0       0       0      0.01     0.00
  157.50        0        0         0       0       0     48.39    -0.81       83       82         0       0       0      0.01     0.00
  160.00        0        0         0       0       0     45.89    -0.81       11        9         0       0       0      0.01     0.00
  162.50        0        0         0       0       0     43.39    -0.82       76       68         0       0       0      0.01     0.00
  165.00        6        4         0       0       0     40.89    -0.82       86       31         0       0       0      0.01     0.00
  167.50        0        0         0       0       0     38.39    -0.83       58       11         0       0       0      0.01     0.00
  170.00        1        1         0       0       0     35.90    -0.83       22       22         0       0       0      0.01    -0.01
  172.50       16        5         0       0       0     33.40    -0.84       64       20         0       0       0      0.01    -0.02
  175.00       46       32         0       0       0     30.91    -0.86       20        2         1       3       1      0.01    -0.05
  177.50       29       29         0       0       0     28.42    -0.90       22       15         0       0       0      0.03    -0.08
  180.00       74       74         0       1       1     25.95    -0.94      177       52         0       0       0      0.05    -0.12
  182.50       19       14         0       0       0     23.50    -0.99       43       34         0       0       0      0.10    -0.18
  185.00      447      408         0       0       0     21.08    -1.73       66       24         0       0       0      0.18    -0.24
  187.50       45       45         0       1       1     18.70    -1.16       43       40         0       0       0      0.31    -0.31
  190.00       64       64         0       0       0     16.40    -1.25       32       24         0       2       1      0.51    -0.39
  192.50      122       49         0       0       0     14.19    -1.35       57       57         0       0       0      0.81    -0.47
  195.00      104      104         0       0       0     12.10    -1.44       74       66         7      26       5      1.23    -0.53
DTOP                                                       HKEX - DCASS                                          RUN DATE :  21AUG26
                               DAILY TRADING ACTIVITY & OPEN POSITIONS DETAIL - OPTIONS (BY MARKET)              RUN TIME : 19:59:35
                                                                                                                 PAGE     :        2
REPORT DATE     : 21AUG26   
CLEARINGHOUSE   : SEOCH

MARKET          : SOM   - STOCK OPTIONS                   
UNDERLYING      : WXA   
EXPIRATION DATE : 28 AUG 26

         < ------------------  CALL OPTIONS  ------------------------ > < -------------------  PUT OPTIONS  ----------------------- >
                             NET                      SETTLE   PRICE                        NET                       SETTLE   PRICE
 STRIKE    GROSS    NET     CHANGE    T/O     DEAL    PRICE    CHANGE    GROSS     NET     CHANGE     T/O    DEAL     PRICE    CHANGE
-------- -------- -------- --------- ------- ------- --------- -------- -------- -------- --------- ------- ------- --------- --------
  197.50       90       52         0       0       0     10.15    -1.52      110       88        16     154      17      1.80    -0.57
  200.00       58       48         0       0       0      8.37    -1.58      145      101        -1       6       6      2.55    -0.58
  205.00      113      113         1       1       1      5.22    -1.97       58       58         0       4       3      4.62    -0.49
  210.00      166      144        -1      16       2      3.20    -1.59       23       21         1       2       1      7.52    -0.16
  215.00       65       24         4      10       7      1.80    -1.23        0        0         0       0       0     10.85    -0.38
  220.00      128       80        -4       6       3      0.90    -0.92        0        0         0       0       0     14.98    -0.07
  225.00       67       42       -14      35       5      0.41    -0.62        0        0         0       0       0     19.52     0.23
  230.00       67       65        33      35       1      0.17    -0.38        0        0         0       0       0     24.30     0.46
  235.00       48       46         1       1       1      0.07    -0.21        0        0         0       0       0     29.21     0.62
  240.00       16       16         0       0       0      0.03    -0.11        0        0         0       0       0     34.20     0.74
  245.00        1        1         0       0       0      0.01    -0.06        0        0         0       0       0     39.20     0.79
  250.00        0        0         0       0       0      0.01    -0.02        0        0         0       0       0     44.20     0.80
-------- -------- -------- --------- ------- -------                    -------- -------- --------- ------- -------
TOTAL        1792     1460        20     106      22                        2683     1899        24     197      34

 C+P
 TOTAL       4475     3359        44     303      56
























DTOP                                                       HKEX - DCASS                                          RUN DATE :  21AUG26
                               DAILY TRADING ACTIVITY & OPEN POSITIONS DETAIL - OPTIONS (BY MARKET)              RUN TIME : 19:59:35
                                                                                                                 PAGE     :        3
REPORT DATE     : 21AUG26   
CLEARINGHOUSE   : SEOCH

MARKET          : SOM   - STOCK OPTIONS                   
UNDERLYING      : WXA   
EXPIRATION DATE : 29 SEP 26

         < ------------------  CALL OPTIONS  ------------------------ > < -------------------  PUT OPTIONS  ----------------------- >
                             NET                      SETTLE   PRICE                        NET                       SETTLE   PRICE
 STRIKE    GROSS    NET     CHANGE    T/O     DEAL    PRICE    CHANGE    GROSS     NET     CHANGE     T/O    DEAL     PRICE    CHANGE
-------- -------- -------- --------- ------- ------- --------- -------- -------- -------- --------- ------- ------- --------- --------
   80.00        0        0         0       0       0    126.05    -0.81        0        0         0       0       0      0.01     0.00
   82.50        0        0         0       0       0    123.56    -0.80        0        0         0       0       0      0.01     0.00
   85.00        0        0         0       0       0    121.07    -0.80       15       15         0       0       0      0.01     0.00
   87.50        0        0         0       0       0    118.57    -0.81        0        0         0       0       0      0.01     0.00
   90.00        0        0         0       0       0    116.08    -0.81    1,000    1,000         0       0       0      0.01     0.00
   92.50        0        0         0       0       0    113.59    -0.81        0        0         0       0       0      0.01     0.00
   95.00        0        0         0       0       0    111.10    -0.80        0        0         0       0       0      0.01     0.00
   97.50        0        0         0       0       0    108.60    -0.81        0        0         0       0       0      0.01     0.00
  100.00        0        0         0       0       0    106.11    -0.81       52       52         0       0       0      0.01     0.00
  102.50        0        0         0       0       0    103.62    -0.81       15       15         0       0       0      0.01     0.00
  105.00        0        0         0       0       0    101.13    -0.81       15       15         0       0       0      0.01     0.00
  107.50        0        0         0       0       0     98.64    -0.80       22        3         0       0       0      0.01     0.00
  110.00        0        0         0       0       0     96.14    -0.81       20        9         0       0       0      0.01     0.00
  112.50        0        0         0       0       0     93.65    -0.81    1,030    1,000         0       0       0      0.01     0.00
  115.00        0        0         0       0       0     91.16    -0.81       99       54         0       0       0      0.01     0.00
  117.50       69       69         0       0       0     88.67    -0.81       60        0         0       0       0      0.01     0.00
  120.00       73       72         0       0       0     86.18    -0.81      159      108         0       0       0      0.01     0.00
  122.50       73       73         0       0       0     83.69    -0.81       81       51         0       0       0      0.01     0.00
  125.00       68       68         0       0       0     81.20    -0.81       38       32         0       0       0      0.01     0.00
  127.50       54       42         0       0       0     78.71    -0.81      556      541         0       0       0      0.01     0.00
  130.00       37       37         0       0       0     76.22    -0.82       15       15         0       0       0      0.01    -0.01
  132.50       15        0         0       0       0     73.73    -0.83       27        0         0       0       0      0.02    -0.01
  135.00      203       25         0       0       0     71.06    -2.34      315       32         0       0       0      0.03    -0.02
  137.50      610      130         0       0       0     69.22    -0.80      376        3         0       0       0      0.04    -0.02
  140.00    1,482    1,090         0       0       0     66.62    -0.94      233       57         0       0       0      0.06    -0.03
  142.50        0        0         0       0       0     63.83    -0.86       36       30         0       0       0      0.08    -0.05
  145.00       30       30         0       0       0     61.37    -0.87       19       17         0       0       0      0.12    -0.06
  147.50       45       30         0       0       0     58.92    -0.88        0        0         0       0       0      0.16    -0.07
  150.00       75       75         0       0       0     56.48    -2.49      469      465         0       0       0      0.22    -0.09
  152.50       60       30         0       0       0     54.06    -0.92       16       16         0       0       0      0.30    -0.09
  155.00      127       99         0       0       0     51.66    -2.04        2        2         0       0       0      0.37    -0.14
  157.50      115      115         0       0       0     49.28    -2.48       40        3         0       0       0      0.49    -0.15
  160.00       60       32         0       0       0     46.93    -2.42      316      306         0       0       0      0.62    -0.19
  162.50       62       47         0       0       0     44.07    -1.56       16       15         0       0       0      0.83    -0.20
  165.00      126      124         0       0       0     41.98    -1.87       19        3         0       0       0      1.02    -0.26
  167.50       27       27         0       0       0     40.49    -1.52       30        0         0       0       0      1.29    -0.27
  170.00       61       38         0       0       0     38.29    -1.51       17        2         0       0       0      1.57    -0.21
  172.50       50       15         0       0       0     36.14    -0.71       18       15         0       0       0      1.93    -0.24
  175.00      458      435         0       0       0     32.59    -3.19       50       21         0       0       0      2.32    -0.26
  177.50       20       10         0       0       0     31.55    -1.20       15       15         0       0       0      2.79    -0.23
  180.00      177      132         0       0       0     29.56    -2.15      147      131       -15      25       2      3.30    -0.20
DTOP                                                       HKEX - DCASS                                          RUN DATE :  21AUG26
                               DAILY TRADING ACTIVITY & OPEN POSITIONS DETAIL - OPTIONS (BY MARKET)              RUN TIME : 19:59:35
                                                                                                                 PAGE     :        4
REPORT DATE     : 21AUG26   
CLEARINGHOUSE   : SEOCH

MARKET          : SOM   - STOCK OPTIONS                   
UNDERLYING      : WXA   
EXPIRATION DATE : 29 SEP 26

         < ------------------  CALL OPTIONS  ------------------------ > < -------------------  PUT OPTIONS  ----------------------- >
                             NET                      SETTLE   PRICE                        NET                       SETTLE   PRICE
 STRIKE    GROSS    NET     CHANGE    T/O     DEAL    PRICE    CHANGE    GROSS     NET     CHANGE     T/O    DEAL     PRICE    CHANGE
-------- -------- -------- --------- ------- ------- --------- -------- -------- -------- --------- ------- ------- --------- --------
  182.50       19       18         0       0       0     27.63    -1.26       55       45         0       0       0      3.87    -0.23
  185.00       35       35         0       0       0     25.77    -1.28       42       36         0       0       0      4.49    -0.25
  187.50       19       18         0       0       0     23.98    -1.31    1,125    1,119         0       0       0      5.10    -0.32
  190.00       17       10         0       0       0     22.27    -1.32       46       38         0       0       0      5.81    -0.42
  192.50        0        0         0       0       0     20.63    -1.33       37       22         4       8       1      6.54    -0.56
  195.00        8        8         0       0       0     19.07    -1.33       27       21         1       1       1      7.67    -0.36
  197.50       34       31         0       0       0     17.58    -1.34       38       20         0       0       0      8.59    -0.44
  200.00       75       68         0       0       0     16.08    -1.43       84       70        -2       4       3      9.95    -0.16
  205.00       48       34         0       0       0     13.42    -1.66       17        4         2       2       1     12.36    -0.17
  210.00       27        8         0       1       1     11.37    -1.44       60       60         0       0       0     15.12     0.06
  215.00       14        8         0       0       0      9.55    -1.18        0        0        -1       1       1     18.33     0.13
  220.00       50        9         0       2       1      7.87    -1.14        0        0         0       0       0     21.23    -0.36
  225.00        4        1        -2       2       1      6.39    -1.09        0        0         0       0       0     24.80     0.09
  230.00       44        6         0       0       0      5.14    -1.00        0        0         0       0       0     28.61     0.73
  235.00        6        6       -46      54       3      4.10    -0.90        0        0         0       0       0     32.60     0.94
  240.00       29       25         6      10       1      3.24    -0.81        0        0         0       0       0     37.81     1.21
  245.00        3        3         0       0       0      2.55    -0.70        0        0         0       0       0     41.70     0.74
  250.00       24       14         0       0       0      1.99    -0.61        0        0         0       0       0     46.18     0.77
-------- -------- -------- --------- ------- -------                    -------- -------- --------- ------- -------
TOTAL        4633     3147       -42      69       7                        6869     5478       -11      41       9

 C+P
 TOTAL      11502     8625       -53     110      16


















DTOP                                                       HKEX - DCASS                                          RUN DATE :  21AUG26
                               DAILY TRADING ACTIVITY & OPEN POSITIONS DETAIL - OPTIONS (BY MARKET)              RUN TIME : 19:59:35
                                                                                                                 PAGE     :        5
REPORT DATE     : 21AUG26   
CLEARINGHOUSE   : SEOCH

MARKET          : SOM   - STOCK OPTIONS                   
UNDERLYING      : WXA   
EXPIRATION DATE : 29 OCT 26

         < ------------------  CALL OPTIONS  ------------------------ > < -------------------  PUT OPTIONS  ----------------------- >
                             NET                      SETTLE   PRICE                        NET                       SETTLE   PRICE
 STRIKE    GROSS    NET     CHANGE    T/O     DEAL    PRICE    CHANGE    GROSS     NET     CHANGE     T/O    DEAL     PRICE    CHANGE
-------- -------- -------- --------- ------- ------- --------- -------- -------- -------- --------- ------- ------- --------- --------
  125.00        0        0         0       0       0     81.62    -0.82        5        5         0       0       0      0.13    -0.01
  127.50        0        0         0       0       0     79.18    -0.82        0        0         0       0       0      0.17    -0.01
  130.00        0        0         0       0       0     76.74    -0.82        0        0         0       0       0      0.22    -0.01
  132.50        0        0         0       0       0     74.32    -0.82        0        0         0       0       0      0.28    -0.01
  135.00        0        0         0       0       0     71.91    -1.49       30       30         0       0       0      0.36    -0.02
  137.50        0        0         0       0       0     69.51    -0.83        0        0         0       0       0      0.45    -0.01
  140.00        0        0         0       0       0     67.14    -0.83      154      154         0       0       0      0.56    -0.02
  142.50        0        0         0       0       0     64.78    -0.83       16       15         0       0       0      0.69    -0.02
  145.00        0        0         0       0       0     62.45    -0.83       15        0         0       0       0      0.83    -0.03
  147.50        0        0         0       0       0     60.14    -0.83       15        0         0       0       0      1.03    -0.02
  150.00       20       20         0       0       0     57.86    -1.11       10       10         0       0       0      1.22    -0.03
  152.50       15       15         0       0       0     55.60    -0.84       30       15         0       0       0      1.46    -0.03
  155.00       23       15         0       0       0     53.39    -0.84       31       30         0       0       0      1.74    -0.03
  157.50       45       45         0       0       0     51.20    -0.84       30       30         0       0       0      2.02    -0.03
  160.00       15       15         0       0       0     49.06    -0.84        8        8         0       0       0      2.39    -0.03
  162.50        0        0         0       0       0     46.95    -0.84        0        0         0       0       0      2.77    -0.03
  165.00       30       30         0       0       0     44.89    -0.84        1        1         0       0       0      3.16    -0.03
  167.50       30       30         0       0       0     42.87    -0.84        0        0         0       0       0      3.67    -0.03
  170.00      106      105         0       0       0     40.90    -0.84        1        1         0       0       0      4.19    -0.02
  172.50       15       15         0       0       0     38.77    -1.84      105       75         0       0       0      4.71    -0.02
  175.00      194      168         0       0       0     36.96    -1.24       45       15         0       0       0      5.38    -0.01
  177.50       24        9         0       0       0     35.52    -1.30       30        0         0       0       0      6.05    -0.01
  180.00       37        0         0       0       0     33.52    -0.82       22       22         0       0       0      6.72    -0.02
  182.50       68        2         0       0       0     31.80    -0.82       50       19         0       0       0      7.55     0.01
  185.00       47        2         0       0       0     30.15    -0.80       40       40         0       0       0      8.17     0.04
  187.50       34        3         0       0       0     28.55    -0.79       30       15         0       0       0      8.96     0.01
  190.00       19        0         0       0       0     27.00    -0.79       15        0         0       0       0     10.12     0.26
  192.50        0        0         0       0       0     25.52    -0.77        0        0         0       0       0     11.16     0.30
  195.00        0        0         0       0       0     24.09    -1.51       17       17         5       5       1     12.26     0.39
  197.50       15       15         0       0       0     22.71    -0.76       50       50         0       0       0     13.03     0.15
  200.00       15       10         0       0       0     21.28    -1.27       85       37         0       0       0     14.28     0.20
  205.00       58        4         0       0       0     18.84    -1.10       30       21         0       0       0     17.16     0.40
  210.00        1        1         0       0       0     16.63    -1.17        0        0         0       0       0     20.02     0.50
  215.00        2        2         0       0       0     14.72    -1.04        0        0         0       0       0     22.93     0.67
  220.00        8        8         0       0       0     13.05    -0.78        0        0         0       0       0     25.99     0.50
  225.00       30       30         0       0       0     11.52    -0.58        0        0         0       0       0     29.11    -0.04
  230.00       40       15         0       0       0     10.01    -0.55        0        0         0       0       0     32.87     0.63
  235.00       15       15         0       0       0      8.67    -0.51        0        0         0       0       0     36.47    -0.02
  240.00       25        0         0       0       0      7.49    -0.47        0        0         0       0       0     40.47     1.30
  245.00        2        2         0       0       0      6.45    -0.43        0        0         0       0       0     44.54     0.24
  250.00        3        3         0       0       0      5.37    -0.38        0        0         0       0       0     48.71     0.36
DTOP                                                       HKEX - DCASS                                          RUN DATE :  21AUG26
                               DAILY TRADING ACTIVITY & OPEN POSITIONS DETAIL - OPTIONS (BY MARKET)              RUN TIME : 19:59:35
                                                                                                                 PAGE     :        6
REPORT DATE     : 21AUG26   
CLEARINGHOUSE   : SEOCH

MARKET          : SOM   - STOCK OPTIONS                   
UNDERLYING      : WXA   
EXPIRATION DATE : 29 OCT 26

         < ------------------  CALL OPTIONS  ------------------------ > < -------------------  PUT OPTIONS  ----------------------- >
                             NET                      SETTLE   PRICE                        NET                       SETTLE   PRICE
 STRIKE    GROSS    NET     CHANGE    T/O     DEAL    PRICE    CHANGE    GROSS     NET     CHANGE     T/O    DEAL     PRICE    CHANGE
-------- -------- -------- --------- ------- ------- --------- -------- -------- -------- --------- ------- ------- --------- --------
-------- -------- -------- --------- ------- -------                    -------- -------- --------- ------- -------
TOTAL         936      579         0       0       0                         865      610         5       5       1

 C+P
 TOTAL       1801     1189         5       5       1




































DTOP                                                       HKEX - DCASS                                          RUN DATE :  21AUG26
                               DAILY TRADING ACTIVITY & OPEN POSITIONS DETAIL - OPTIONS (BY MARKET)              RUN TIME : 19:59:35
                                                                                                                 PAGE     :        7
REPORT DATE     : 21AUG26   
CLEARINGHOUSE   : SEOCH

MARKET          : SOM   - STOCK OPTIONS                   
UNDERLYING      : WXA   
EXPIRATION DATE : 27 NOV 26

         < ------------------  CALL OPTIONS  ------------------------ > < -------------------  PUT OPTIONS  ----------------------- >
                             NET                      SETTLE   PRICE                        NET                       SETTLE   PRICE
 STRIKE    GROSS    NET     CHANGE    T/O     DEAL    PRICE    CHANGE    GROSS     NET     CHANGE     T/O    DEAL     PRICE    CHANGE
-------- -------- -------- --------- ------- ------- --------- -------- -------- -------- --------- ------- ------- --------- --------
  135.00        0        0         0       0       0     72.80    -0.82        0        0         0       0       0      0.92    -0.01
  137.50        0        0         0       0       0     70.49    -0.82        0        0         0       0       0      1.12    -0.01
  140.00        0        0         0       0       0     68.21    -0.82        0        0         0       0       0      1.32    -0.01
  142.50        0        0         0       0       0     65.96    -0.82        0        0         0       0       0      1.53    -0.01
  145.00        0        0         0       0       0     63.74    -0.82        5        4         0       0       0      1.82     0.00
  147.50        0        0         0       0       0     61.55    -0.82        0        0         0       0       0      2.10    -0.01
  150.00        0        0         0       0       0     59.39    -0.81        0        0         0       0       0      2.39    -0.01
  152.50        0        0         0       0       0     57.26    -0.82        0        0         0       0       0      2.78    -0.01
  155.00        0        0         0       0       0     55.17    -0.81        0        0         0       0       0      3.18     0.00
  157.50        0        0         0       0       0     53.12    -0.81        0        0         0       0       0      3.58     0.00
  160.00        0        0         0       0       0     51.10    -0.81        0        0         0       0       0      4.07     0.01
  162.50        0        0         0       0       0     49.13    -0.81        0        0         0       0       0      4.60     0.01
  165.00        0        0         0       0       0     47.20    -0.80        0        0         0       0       0      5.13     0.01
  167.50        0        0         0       0       0     45.31    -0.80        0        0         0       0       0      5.71     0.02
  170.00        0        0         0       0       0     43.47    -0.79        0        0         0       0       0      6.40     0.03
  172.50        0        0         0       0       0     41.67    -0.79        7        0         0       0       0      7.08     0.02
  175.00       30       30         0       0       0     40.23    -0.47       15        0         0       0       0      7.77     0.03
  177.50        0        0         0       0       0     38.45    -0.54       15        0         0       0       0      8.58     0.05
  180.00        0        0         0       0       0     36.80    -0.53       15        0         0       0       0      9.44     0.05
  182.50        0        0         0       0       0     34.96    -1.14        2        2         0       0       0     10.30     0.05
  185.00       26       20         0       0       0     33.40    -1.77        0        0         0       0       0     11.04     0.26
  187.50        0        0         0       0       0     31.88    -1.72        0        0         0       0       0     11.93     0.18
  190.00        0        0         0       0       0     30.42    -1.66        0        0         0       0       0     12.99     0.22
  192.50        0        0         0       0       0     29.01    -1.61       17        3         1       1       1     14.10     0.31
  195.00       15        0         0       0       0     27.75    -1.45       15       15         0       0       0     15.27     0.32
  197.50       45       45         0       0       0     26.32    -1.51        0        0         0       0       0     16.49     0.36
  200.00       15       15         0       0       0     25.05    -1.46        0        0         0       0       0     17.72     0.39
  205.00       21        3         0       0       0     22.48    -1.22        0        0         0       0       0     20.40     0.80
  210.00       90       90         0       0       0     20.37    -1.15        0        0         0       0       0     23.28     0.51
  215.00       60       60         0       0       0     18.45    -1.01        0        0         0       0       0     26.59     0.87
  220.00       10       10         0       0       0     16.71    -0.90        0        0         0       0       0     28.94     0.55
  225.00        0        0         0       0       0     15.11    -0.70        0        0         0       0       0     32.23     0.61
  230.00       16       15         0       0       0     13.64    -0.53        0        0         0       0       0     35.80     0.54
  235.00        0        0         0       0       0     12.18    -0.50        0        0         0       0       0     39.41     0.57
  240.00        0        0         0       0       0     10.85    -0.47        0        0         0       0       0     43.32     0.34
  245.00        1        0         0       0       0      9.38    -0.42        0        0         0       0       0     47.32     0.56
  250.00        0        0         0       0       0      8.33    -0.40        0        0         0       0       0     51.32     0.70




DTOP                                                       HKEX - DCASS                                          RUN DATE :  21AUG26
                               DAILY TRADING ACTIVITY & OPEN POSITIONS DETAIL - OPTIONS (BY MARKET)              RUN TIME : 19:59:35
                                                                                                                 PAGE     :        8
REPORT DATE     : 21AUG26   
CLEARINGHOUSE   : SEOCH

MARKET          : SOM   - STOCK OPTIONS                   
UNDERLYING      : WXA   
EXPIRATION DATE : 27 NOV 26

         < ------------------  CALL OPTIONS  ------------------------ > < -------------------  PUT OPTIONS  ----------------------- >
                             NET                      SETTLE   PRICE                        NET                       SETTLE   PRICE
 STRIKE    GROSS    NET     CHANGE    T/O     DEAL    PRICE    CHANGE    GROSS     NET     CHANGE     T/O    DEAL     PRICE    CHANGE
-------- -------- -------- --------- ------- ------- --------- -------- -------- -------- --------- ------- ------- --------- --------
-------- -------- -------- --------- ------- -------                    -------- -------- --------- ------- -------
TOTAL         329      288         0       0       0                          91       24         1       1       1

 C+P
 TOTAL        420      312         1       1       1




































DTOP                                                       HKEX - DCASS                                          RUN DATE :  21AUG26
                               DAILY TRADING ACTIVITY & OPEN POSITIONS DETAIL - OPTIONS (BY MARKET)              RUN TIME : 19:59:35
                                                                                                                 PAGE     :        9
REPORT DATE     : 21AUG26   
CLEARINGHOUSE   : SEOCH

MARKET          : SOM   - STOCK OPTIONS                   
UNDERLYING      : WXA   
EXPIRATION DATE : 30 DEC 26

         < ------------------  CALL OPTIONS  ------------------------ > < -------------------  PUT OPTIONS  ----------------------- >
                             NET                      SETTLE   PRICE                        NET                       SETTLE   PRICE
 STRIKE    GROSS    NET     CHANGE    T/O     DEAL    PRICE    CHANGE    GROSS     NET     CHANGE     T/O    DEAL     PRICE    CHANGE
-------- -------- -------- --------- ------- ------- --------- -------- -------- -------- --------- ------- ------- --------- --------
   80.00        0        0         0       0       0    126.65    -0.80       51       51         0       0       0      0.01     0.00
   82.50        0        0         0       0       0    124.18    -0.80        0        0         0       0       0      0.01     0.00
   85.00        0        0         0       0       0    121.71    -0.80       15       15         0       0       0      0.01     0.00
   87.50        0        0         0       0       0    119.24    -0.81        0        0         0       0       0      0.02     0.00
   90.00        0        0         0       0       0    116.78    -0.80        5        5         0       0       0      0.03     0.00
   92.50        0        0         0       0       0    114.32    -0.80       32       15         0       0       0      0.05     0.01
   95.00        0        0         0       0       0    111.86    -0.80       53        1         0       0       0      0.06     0.00
   97.50        0        0         0       0       0    109.41    -0.80       47       15         0       0       0      0.08     0.00
  100.00        0        0         0       0       0    106.96    -0.80       52       52         0       0       0      0.11     0.01
  102.50        0        0         0       0       0    104.52    -0.80       30        0         0       0       0      0.15     0.01
  105.00        0        0         0       0       0    102.09    -0.80        0        0         0       0       0      0.18     0.01
  107.50        0        0         0       0       0     99.66    -0.80       10       10         0       0       0      0.24     0.02
  110.00        0        0         0       0       0     97.25    -0.79        8        8         0       0       0      0.29     0.01
  112.50        0        0         0       0       0     94.84    -0.80        0        0         0       0       0      0.36     0.02
  115.00        3        2         0       0       0     92.45    -0.79       76       76         0       0       0      0.45     0.02
  117.50        0        0         0       0       0     90.07    -0.79        0        0         0       0       0      0.54     0.02
  120.00        2        2         0       0       0     87.71    -0.79       39       37         0       0       0      0.65     0.03
  122.50        0        0         0       0       0     85.37    -0.78        1        1         0       0       0      0.79     0.03
  125.00       81        0         0       0       0     83.04    -0.78       90        9         0       0       0      0.93     0.03
  127.50       80        0         0       0       0     80.74    -0.77      327      217         0       0       0      1.10     0.05
  130.00       20       20         0       0       0     78.46    -0.76        0        0         0       0       0      1.31     0.05
  132.50        0        0         0       0       0     76.20    -0.75        0        0         0       0       0      1.51     0.05
  135.00        0        0         0       0       0     73.96    -0.75       81       81         0       0       0      1.74     0.07
  137.50        2        0         0       0       0     71.75    -0.75        0        0         0       0       0      2.03     0.07
  140.00       22       20         0       0       0     69.58    -0.73       19        0         0       0       0      2.33     0.08
  142.50       18        6         0       0       0     67.43    -0.72       11        6         0       0       0      2.62     0.07
  145.00        0        0         0       0       0     65.31    -0.72        9        0         0       0       0      3.01     0.10
  147.50        0        0         0       0       0     63.22    -0.71       15        0         0       0       0      3.42     0.11
  150.00        0        0         0       0       0     61.17    -0.70        0        0         0       0       0      3.82     0.10
  152.50      215       15         0       0       0     57.52    -3.25      205        5         0       1       1      4.26     0.14
  155.00      200        0         0       0       0     57.18    -1.42      280       75         0       0       0      4.80     0.14
  157.50       10       10         0       0       0     55.24    -0.67       67       67         0       0       0      5.34     0.14
  160.00       25       10         0       0       0     53.33    -0.66       59       59         0       0       0      5.88     0.14
  162.50       20       20         0       0       0     51.47    -0.65       10       10         0       0       0      6.50     0.19
  165.00       90       90         0       0       0     49.65    -0.63       23       23         0       0       0      7.19     0.19
  167.50       74       74         0       0       0     47.86    -0.63        0        0         0       0       0      7.89     0.19
  170.00        3        3         0       0       0     46.12    -0.61        0        0         0       0       0      8.59     0.19
  172.50        0        0         0       0       0     44.42    -0.60        0        0         0       0       0      9.36     0.24
  175.00       44       42         0       0       0     42.77    -0.58        0        0         0       0       0     10.23     0.24
  177.50       66       51         0       0       0     41.15    -0.57       15       15         0       0       0     11.11     0.25
  180.00       15        0         0       0       0     39.58    -1.24      774       24         0       0       0     11.98     0.59
DTOP                                                       HKEX - DCASS                                          RUN DATE :  21AUG26
                               DAILY TRADING ACTIVITY & OPEN POSITIONS DETAIL - OPTIONS (BY MARKET)              RUN TIME : 19:59:35
                                                                                                                 PAGE     :       10
REPORT DATE     : 21AUG26   
CLEARINGHOUSE   : SEOCH

MARKET          : SOM   - STOCK OPTIONS                   
UNDERLYING      : WXA   
EXPIRATION DATE : 30 DEC 26

         < ------------------  CALL OPTIONS  ------------------------ > < -------------------  PUT OPTIONS  ----------------------- >
                             NET                      SETTLE   PRICE                        NET                       SETTLE   PRICE
 STRIKE    GROSS    NET     CHANGE    T/O     DEAL    PRICE    CHANGE    GROSS     NET     CHANGE     T/O    DEAL     PRICE    CHANGE
-------- -------- -------- --------- ------- ------- --------- -------- -------- -------- --------- ------- ------- --------- --------
  182.50        0        0         0       0       0     38.05    -0.77        9        9         0       0       0     12.89     0.65
  185.00       15        0         0       0       0     36.57    -1.22       56       56         0       0       0     13.53     0.29
  187.50        0        0         0       0       0     34.81    -1.51        0        0         0       0       0     14.56     0.29
  190.00        0        0         0       0       0     33.48    -1.61       23       15         0       0       0     15.59     0.29
  192.50        0        0         0       0       0     32.17    -1.67        0        0         0       0       0     16.63     0.29
  195.00        0        0         0       0       0     31.05    -1.13        0        0         0       0       0     17.77     0.35
  197.50        0        0         0       0       0     29.77    -1.24        0        0         0       0       0     19.00     0.36
  200.00        1        1         0       0       0     28.54    -1.31        0        0         0       0       0     20.22     0.35
  205.00        1        1         0       0       0     26.19    -1.18        0        0         0       0       0     22.95     0.53
  210.00       84       83         0       0       0     23.96    -1.17        0        0         0       0       0     25.85     0.60
  215.00        0        0         0       0       0     21.65    -1.13        0        0         0       0       0     28.92     0.68
  220.00        0        0         0       0       0     19.74    -1.29        0        0         0       0       0     32.34     0.41
  225.00        0        0         0       0       0     18.28    -0.92        0        0         0       0       0     34.80    -0.42
  230.00        0        0         0       0       0     16.79    -0.72        0        0         0       0       0     38.33     0.60
  235.00       15       15         0       0       0     15.48    -0.47        0        0         0       0       0     42.29     0.70
  240.00        2        1         0       0       0     13.96    -0.55        0        0         0       0       0     45.74     0.53
  245.00        0        0         0       0       0     12.81    -0.38        0        0         0       0       0     49.59     0.83
  250.00        1        1         0       0       0     11.40    -0.57        0        0         0       0       0     53.56     0.90
-------- -------- -------- --------- ------- -------                    -------- -------- --------- ------- -------
TOTAL        1109      467         0       0       0                        2492      957         0       1       1

 C+P
 TOTAL       3601     1424         0       1       1


















DTOP                                                       HKEX - DCASS                                          RUN DATE :  21AUG26
                               DAILY TRADING ACTIVITY & OPEN POSITIONS DETAIL - OPTIONS (BY MARKET)              RUN TIME : 19:59:35
                                                                                                                 PAGE     :       11
REPORT DATE     : 21AUG26   
CLEARINGHOUSE   : SEOCH

MARKET          : SOM   - STOCK OPTIONS                   
UNDERLYING      : WXA   
EXPIRATION DATE : 30 MAR 27

         < ------------------  CALL OPTIONS  ------------------------ > < -------------------  PUT OPTIONS  ----------------------- >
                             NET                      SETTLE   PRICE                        NET                       SETTLE   PRICE
 STRIKE    GROSS    NET     CHANGE    T/O     DEAL    PRICE    CHANGE    GROSS     NET     CHANGE     T/O    DEAL     PRICE    CHANGE
-------- -------- -------- --------- ------- ------- --------- -------- -------- -------- --------- ------- ------- --------- --------
   80.00        0        0         0       0       0    127.29    -0.79       10        0         0       0       0      0.08     0.02
   82.50        0        0         0       0       0    124.86    -0.78        5        0         0       0       0      0.10     0.02
   85.00        0        0         0       0       0    122.43    -0.78        2        2         0       0       0      0.14     0.03
   87.50        0        0         0       0       0    120.02    -0.77        2        2         0       0       0      0.17     0.03
   90.00        0        0         0       0       0    117.60    -0.77        0        0         0       0       0      0.22     0.04
   92.50        0        0         0       0       0    115.20    -0.76        1        1         0       0       0      0.28     0.06
   95.00        0        0         0       0       0    112.81    -0.75        0        0         0       0       0      0.34     0.06
   97.50        0        0         0       0       0    110.43    -0.74        0        0         0       0       0      0.41     0.07
  100.00        0        0         0       0       0    108.06    -0.73        0        0         0       0       0      0.51     0.09
  102.50        0        0         0       0       0    105.71    -0.72        0        0         0       0       0      0.60     0.08
  105.00        0        0         0       0       0    103.37    -0.71        0        0         0       0       0      0.72     0.11
  107.50        0        0         0       0       0    101.05    -0.69       15       15         0       0       0      0.86     0.12
  110.00        0        0         0       0       0     98.74    -0.68        1        0         0       0       0      1.01     0.13
  112.50        0        0         0       0       0     96.45    -0.66        0        0         0       0       0      1.16     0.13
  115.00        0        0         0       0       0     94.19    -0.64       16        1         0       0       0      1.38     0.19
  117.50        0        0         0       0       0     91.94    -0.62        0        0         0       0       0      1.59     0.19
  120.00        0        0         0       0       0     89.72    -0.60       35       35         0       0       0      1.81     0.20
  122.50        0        0         0       0       0     87.52    -0.58        0        0         0       0       0      2.07     0.24
  125.00        0        0         0       0       0     85.34    -0.56       42       42         0       0       0      2.37     0.26
  127.50        0        0         0       0       0     83.19    -0.54        0        0         0       0       0      2.68     0.27
  130.00        0        0         0       0       0     81.07    -0.52    1,015    1,015         0       0       0      2.98     0.19
  132.50       12        0         0       0       0     78.98    -0.49        0        0         0       0       0      3.37     0.35
  135.00        1        0         0       0       0     76.91    -0.47        0        0         0       0       0      3.79     0.36
  137.50       15        0         0       0       0     74.88    -0.44        3        0         0       0       0      4.20     0.36
  140.00        0        0         0       0       0     72.87    -0.42        7        0         0       0       0      4.62     0.36
  142.50        0        0         0       0       0     70.90    -0.39       16       16         0       0       0      5.13     0.46
  145.00        0        0         0       0       0     68.96    -0.36       15       15         0       0       0      5.68     0.47
  147.50        0        0         0       0       0     67.05    -0.34        0        0         0       0       0      6.24     0.48
  150.00       30       15         0       0       0     65.18    -0.31        0        0         0       0       0      6.79     0.48
  152.50    2,500    2,000         0       0       0     64.03    -1.09        0        0         0       0       0      7.38     0.51
  155.00    1,215    1,215         0       0       0     62.23    -1.41      500      500         0       0       0      7.85     0.16
  157.50        0        0         0       0       0     59.76    -0.23       30       30         0       0       0      8.81     0.60
  160.00        1        1         0       0       0     58.02    -0.21        0        0         0       0       0      9.24     0.32
  162.50       30        0         0       0       0     56.32    -0.18       24       24         0       0       0      9.93     0.30
  165.00       30        0         0       0       0     54.65    -0.16        0        0         0       0       0     10.70     0.35
  167.50        0        0         0       0       0     53.02    -0.13        0        0         0       0       0     11.56     0.35
  170.00      500      500         0       0       0     51.43    -0.10        0        0         0       0       0     12.43     0.34
  172.50        0        0         0       0       0     49.87    -0.08        0        0         0       0       0     13.30     0.32
  175.00        0        0         0       0       0     48.35    -0.05       15        0         0       0       0     14.16     0.29
  177.50        0        0         0       0       0     46.86    -0.03       15        0         0       0       0     15.09     0.33
  180.00       15       15         0       0       0     45.41    -0.01       15       15         0       0       0     16.14     0.34
DTOP                                                       HKEX - DCASS                                          RUN DATE :  21AUG26
                               DAILY TRADING ACTIVITY & OPEN POSITIONS DETAIL - OPTIONS (BY MARKET)              RUN TIME : 19:59:35
                                                                                                                 PAGE     :       12
REPORT DATE     : 21AUG26   
CLEARINGHOUSE   : SEOCH

MARKET          : SOM   - STOCK OPTIONS                   
UNDERLYING      : WXA   
EXPIRATION DATE : 30 MAR 27

         < ------------------  CALL OPTIONS  ------------------------ > < -------------------  PUT OPTIONS  ----------------------- >
                             NET                      SETTLE   PRICE                        NET                       SETTLE   PRICE
 STRIKE    GROSS    NET     CHANGE    T/O     DEAL    PRICE    CHANGE    GROSS     NET     CHANGE     T/O    DEAL     PRICE    CHANGE
-------- -------- -------- --------- ------- ------- --------- -------- -------- -------- --------- ------- ------- --------- --------
  182.50        0        0         0       0       0     43.99     0.01        6        0         0       0       0     17.19     0.32
  185.00        0        0         0       0       0     42.61     0.04       13        0         0       0       0     18.24     0.29
  187.50        0        0         0       0       0     41.26     0.05       15        0         0       0       0     19.50     0.26
  190.00        0        0         0       0       0     39.95     0.08        0        0         0       0       0     20.67     0.28
  192.50        0        0         0       0       0     38.67     0.10        0        0         0       0       0     21.88     0.28
  195.00        0        0         0       0       0     37.43     0.12        0        0         0       0       0     23.25     0.42
  197.50        0        0         0       0       0     36.21     0.13        0        0         0       0       0     24.55     0.47
  200.00        6        1         0       0       0     35.03     0.15        1        1         0       0       0     25.88     0.43
  205.00        1        1         0       0       0     32.77     0.18       15        0         0       0       0     28.66     0.51
  210.00      100        0         0       0       0     30.64     0.22      100        0         0       0       0     31.55     1.05
  215.00      100        0         0       0       0     29.09     0.71      100        0         0       0       0     34.59     0.59
  220.00        0        0         0       0       0     27.01     0.56        0        0         0       0       0     36.37    -0.42
  225.00        0        0         0       0       0     25.28    -0.11        0        0         0       0       0     40.63     1.59
  230.00        0        0         0       0       0     23.69     0.05        0        0         0       0       0     43.69     0.74
  235.00        0        0         0       0       0     22.21     0.21        0        0         0       0       0     47.27     1.16
  240.00        0        0         0       0       0     20.80     0.34        0        0         0       0       0     50.81     1.15
  245.00        0        0         0       0       0     19.22     0.20        0        0         0       0       0     54.50     0.87
  250.00        0        0         0       0       0     18.04     0.36        0        0         0       0       0     58.20     1.17
-------- -------- -------- --------- ------- -------                    -------- -------- --------- ------- -------
TOTAL        4556     3748         0       0       0                        2034     1714         0       0       0

 C+P
 TOTAL       6590     5462         0       0       0


















DTOP                                                       HKEX - DCASS                                          RUN DATE :  21AUG26
                               DAILY TRADING ACTIVITY & OPEN POSITIONS DETAIL - OPTIONS (BY MARKET)              RUN TIME : 19:59:35
                                                                                                                 PAGE     :       13
REPORT DATE     : 21AUG26   
CLEARINGHOUSE   : SEOCH

MARKET          : SOM   - STOCK OPTIONS                   
UNDERLYING      : WXA   
EXPIRATION DATE : 29 JUN 27

         < ------------------  CALL OPTIONS  ------------------------ > < -------------------  PUT OPTIONS  ----------------------- >
                             NET                      SETTLE   PRICE                        NET                       SETTLE   PRICE
 STRIKE    GROSS    NET     CHANGE    T/O     DEAL    PRICE    CHANGE    GROSS     NET     CHANGE     T/O    DEAL     PRICE    CHANGE
-------- -------- -------- --------- ------- ------- --------- -------- -------- -------- --------- ------- ------- --------- --------
   95.00        0        0         0       0       0    113.53    -0.84        1        1         0       0       0      0.99    -0.04
   97.50        0        0         0       0       0    111.21    -0.85        0        0         0       0       0      1.14    -0.05
  100.00        0        0         0       0       0    108.91    -0.86        3        3         0       0       0      1.32    -0.06
  102.50        0        0         0       0       0    106.66    -0.86        0        0         0       0       0      1.54    -0.07
  105.00        0        0         0       0       0    104.41    -0.87        0        0         0       0       0      1.77    -0.06
  107.50        0        0         0       0       0    102.16    -0.87        0        0         0       0       0      1.99    -0.07
  110.00        0        0         0       0       0     99.96    -0.89        1        1         0       0       0      2.27    -0.09
  112.50        0        0         0       0       0     97.80    -0.89        0        0         0       0       0      2.59    -0.09
  115.00        0        0         0       0       0     95.64    -0.89        0        0         0       0       0      2.91    -0.09
  117.50        0        0         0       0       0     93.48    -0.89       15        0         0       0       0      3.22    -0.09
  120.00        0        0         0       0       0     91.38    -0.91        0        0         0       0       0      3.60    -0.11
  122.50        0        0         0       0       0     89.33    -0.92       30       30         0       0       0      4.03    -0.11
  125.00       15        0         0       0       0     87.28    -0.92        0        0         0       0       0      4.46    -0.12
  127.50       15        0         0       0       0     85.24    -0.92        9        0         0       0       0      4.90    -0.11
  130.00       15        0         0       0       0     83.22    -0.93        0        0         0       0       0      5.34    -0.13
  132.50       30        0         0       0       0     81.30    -0.94       30       30         0       0       0      5.91    -0.13
  135.00       30        0         0       0       0     79.39    -0.94       30       30         0       0       0      6.48    -0.13
  137.50        5        0         0       0       0     77.48    -0.95        0        0         0       0       0      7.05    -0.14
  140.00        0        0         0       0       0     75.59    -0.95       30       30         0       0       0      7.62    -0.14
  142.50        6        0         0       0       0     73.72    -0.96        0        0         0       0       0      8.22    -0.15
  145.00        3        0         0       0       0     71.97    -0.96        0        0         0       0       0      8.95    -0.15
  147.50        0        0         0       0       0     70.21    -0.97        0        0         0       0       0      9.68    -0.16
  150.00        0        0         0       0       0     68.48    -0.96       15       15         0       0       0     10.41    -0.16
  152.50        0        0         0       0       0     66.75    -0.97        5        5         0       0       0     11.14    -0.17
  155.00        0        0         0       0       0     65.02    -0.97        0        0         0       0       0     11.88    -0.16
  157.50        0        0         0       0       0     63.41    -0.97       15       15         0       0       0     12.75    -0.17
  160.00        0        0         0       0       0     61.84    -0.97        0        0         0       0       0     13.66    -0.17
  162.50       54       54         0       0       0     60.28    -0.98       15       15         0       0       0     14.57    -0.17
  165.00       32       32         0       0       0     58.73    -0.98        0        0         0       0       0     15.48    -0.17
  167.50       20       17         0       0       0     57.18    -0.99        1        1         0       0       0     16.39    -0.18
  170.00       20       17         0       0       0     55.63    -0.99        0        0         0       0       0     17.31    -0.18
  172.50        2        2         0       0       0     54.23    -0.98        0        0         0       0       0     18.40    -0.16
  175.00        0        0         0       0       0     52.86    -0.98        0        0         0       0       0     19.49    -0.17
  177.50       15       15         0       0       0     51.50    -0.98        0        0         0       0       0     20.59    -0.17
  180.00       25       24         0       0       0     50.14    -0.99        0        0         0       0       0     21.69    -0.17
  182.50        0        0         0       0       0     48.78    -0.99        0        0         0       0       0     22.79    -0.18
  185.00        1        1         0       0       0     47.43    -0.99        1        1         0       0       0     23.90    -0.17
  187.50        0        0         0       0       0     46.15    -0.96        4        4         0       0       0     24.35    -0.14
  190.00        0        0         0       0       0     44.98    -0.96        0        0         0       0       0     25.61    -0.14
  192.50        0        0         0       0       0     43.82    -0.96        0        0         0       0       0     26.86    -0.15
  195.00        0        0         0       0       0     42.65    -0.97        0        0         0       0       0     28.12    -0.14
DTOP                                                       HKEX - DCASS                                          RUN DATE :  21AUG26
                               DAILY TRADING ACTIVITY & OPEN POSITIONS DETAIL - OPTIONS (BY MARKET)              RUN TIME : 19:59:35
                                                                                                                 PAGE     :       14
REPORT DATE     : 21AUG26   
CLEARINGHOUSE   : SEOCH

MARKET          : SOM   - STOCK OPTIONS                   
UNDERLYING      : WXA   
EXPIRATION DATE : 29 JUN 27

         < ------------------  CALL OPTIONS  ------------------------ > < -------------------  PUT OPTIONS  ----------------------- >
                             NET                      SETTLE   PRICE                        NET                       SETTLE   PRICE
 STRIKE    GROSS    NET     CHANGE    T/O     DEAL    PRICE    CHANGE    GROSS     NET     CHANGE     T/O    DEAL     PRICE    CHANGE
-------- -------- -------- --------- ------- ------- --------- -------- -------- -------- --------- ------- ------- --------- --------
  197.50        0        0         0       0       0     42.49    -0.82        0        0         0       0       0     29.41    -0.11
  200.00        0        0         0       0       0     40.97    -1.57        0        0         0       0       0     30.77    -0.01
  205.00        0        0         0       0       0     39.04    -1.14        0        0         0       0       0     33.59     0.24
  210.00        0        0         0       0       0     36.89    -1.30        0        0         0       0       0     36.51     0.27
  215.00        0        0         0       0       0     33.97    -1.27        0        0         0       0       0     39.55     0.42
  220.00        0        0         0       0       0     32.21    -1.22        0        0         0       0       0     42.50     0.47
  225.00        0        0         0       0       0     30.53    -1.18        0        0         0       0       0     45.58     0.57
  230.00        0        0         0       0       0     28.93    -1.15        0        0         0       0       0     49.08     0.82
  235.00        0        0         0       0       0     27.44    -1.10        0        0         0       0       0     53.04    -0.06
  240.00        0        0         0       0       0     26.01    -1.04        0        0         0       0       0     56.40    -0.06
  245.00        0        0         0       0       0     25.00    -0.85        0        0         0       0       0     59.84     0.01
  250.00        0        0         0       0       0     23.73    -0.81        0        0         0       0       0     63.52     0.03
-------- -------- -------- --------- ------- -------                    -------- -------- --------- ------- -------
TOTAL         288      162         0       0       0                         205      181         0       0       0

 C+P
 TOTAL        493      343         0       0       0
























DTOP                                                       HKEX - DCASS                                          RUN DATE :  21AUG26
                               DAILY TRADING ACTIVITY & OPEN POSITIONS DETAIL - OPTIONS (BY MARKET)              RUN TIME : 19:59:37
                                                                                                                 PAGE     :       15
REPORT DATE     : 21AUG26   
CLEARINGHOUSE   : SEOCH

MARKET          : WSO   - WEEKLY STOCK OPTIONS            
UNDERLYING      : WXA   
EXPIRATION DATE : 21 AUG 26

         < ------------------  CALL OPTIONS  ------------------------ > < -------------------  PUT OPTIONS  ----------------------- >
                             NET                      SETTLE   PRICE                        NET                       SETTLE   PRICE
 STRIKE    GROSS    NET     CHANGE    T/O     DEAL    PRICE    CHANGE    GROSS     NET     CHANGE     T/O    DEAL     PRICE    CHANGE
-------- -------- -------- --------- ------- ------- --------- -------- -------- -------- --------- ------- ------- --------- --------
  147.00        0        0         0       0       0     58.80    -0.81        0        0         0       0       0      0.00    -0.01
  148.00        0        0         0       0       0     57.80    -0.81        0        0         0       0       0      0.00    -0.01
  149.00        0        0         0       0       0     56.80    -0.81        0        0         0       0       0      0.00    -0.01
  150.00        0        0         0       0       0     55.80    -0.81        0        0         0       0       0      0.00    -0.01
  152.50        0        0         0       0       0     53.30    -0.81        0        0         0       0       0      0.00    -0.01
  155.00        0        0         0       0       0     50.80    -0.81        0        0         0       0       0      0.00    -0.01
  157.50        0        0         0       0       0     48.30    -0.81        0        0         0       0       0      0.00    -0.01
  160.00        0        0         0       0       0     45.80    -0.81        0        0         0       0       0      0.00    -0.01
  162.50        0        0         0       0       0     43.30    -0.81        0        0         0       0       0      0.00    -0.01
  165.00        0        0         0       0       0     40.80    -0.81        0        0         0       0       0      0.00    -0.01
  167.50        0        0         0       0       0     38.30    -0.81        1        1         0       0       0      0.00    -0.01
  170.00        0        0         0       0       0     35.80    -0.81        2        2         0       0       0      0.00    -0.01
  172.50        0        0         0       0       0     33.30    -0.81        0        0         0       0       0      0.00    -0.01
  175.00        0        0         0       0       0     30.80    -0.81       57       50         0       0       0      0.00    -0.01
  177.50        0        0         0       0       0     28.30    -0.81       16       15         0       0       0      0.00    -0.01
  180.00        0        0         0       0       0     25.80    -0.81       33       33         0       0       0      0.00    -0.01
  182.50        0        0         0       0       0     23.30    -0.81       40       36         0       0       0      0.00    -0.01
  185.00        0        0         0       0       0     20.80    -0.82       44       40         0       0       0      0.00    -0.01
  187.50        0        0         0       0       0     18.30    -0.82        4        4         0       0       0      0.00    -0.01
  190.00        0        0        -2       1       1     15.80    -0.82       34       31         0       0       0      0.00    -0.01
  192.50        0        0        -1       1       1     13.30    -0.85       32       23         0       0       0      0.00    -0.03
  195.00        0        0         0       0       0     10.80    -0.91       63       14         0       0       0      0.00    -0.09
  197.50        0        0        -2       0       0      8.30    -1.33       47       32        -1       1       1      0.00    -0.24
  200.00        0        0       -21       0       0      5.80    -1.56       44       19        -7      14       3      0.00    -0.51
  202.50        0        0       -64       0       0      3.30    -2.03       32       23        -2       2       1      0.00    -1.02
  205.00        2        2       -67      37       3      0.80    -2.82       49       49         9      23       3      0.00    -1.85
  207.50       35       31         0       5       1      0.00    -2.30        0        0        -3      26       9      1.70    -1.32
  210.00       47       27         6      45       4      0.00    -1.35        0        0         0       0       0      4.20    -0.36
  212.50       52       30       -30      45       2      0.00    -0.73        0        0         0       0       0      6.70     0.31
  215.00       52       28        -1       1       1      0.00    -0.36        0        0         0       0       0      9.20     0.47
  217.50      127      127         0       0       0      0.00    -0.16        0        0         0       0       0     11.70     0.66
  220.00      200      190         0       0       0      0.00    -0.07        0        0         0       0       0     14.20     0.75
  222.50       16       16         0       0       0      0.00    -0.03        0        0         0       0       0     16.70     0.78
  225.00        0        0         0       0       0      0.00    -0.01        0        0         0       0       0     19.20     0.80
  227.50        0        0         0       0       0      0.00    -0.01        0        0         0       0       0     21.70     0.80
  230.00        8        2         0       0       0      0.00    -0.01        0        0         0       0       0     24.20     0.80
  232.50       15       15         0       0       0      0.00    -0.01        0        0         0       0       0     26.70     0.80
  235.00       15       15         0       0       0      0.00    -0.01        0        0         0       0       0     29.20     0.80
  237.50        0        0         0       0       0      0.00    -0.01        0        0         0       0       0     31.70     0.80
  240.00        0        0         0       0       0      0.00    -0.01        0        0         0       0       0     34.20     0.80
  242.50        0        0         0       0       0      0.00    -0.01        0        0         0       0       0     36.70     0.80
DTOP                                                       HKEX - DCASS                                          RUN DATE :  21AUG26
                               DAILY TRADING ACTIVITY & OPEN POSITIONS DETAIL - OPTIONS (BY MARKET)              RUN TIME : 19:59:37
                                                                                                                 PAGE     :       16
REPORT DATE     : 21AUG26   
CLEARINGHOUSE   : SEOCH

MARKET          : WSO   - WEEKLY STOCK OPTIONS            
UNDERLYING      : WXA   
EXPIRATION DATE : 21 AUG 26

         < ------------------  CALL OPTIONS  ------------------------ > < -------------------  PUT OPTIONS  ----------------------- >
                             NET                      SETTLE   PRICE                        NET                       SETTLE   PRICE
 STRIKE    GROSS    NET     CHANGE    T/O     DEAL    PRICE    CHANGE    GROSS     NET     CHANGE     T/O    DEAL     PRICE    CHANGE
-------- -------- -------- --------- ------- ------- --------- -------- -------- -------- --------- ------- ------- --------- --------
  245.00        0        0         0       0       0      0.00    -0.01        0        0         0       0       0     39.20     0.80
  247.50        0        0         0       0       0      0.00    -0.01        0        0         0       0       0     41.70     0.80
  250.00        0        0         0       0       0      0.00    -0.01        0        0         0       0       0     44.20     0.80
  252.50        0        0         0       0       0      0.00    -0.01        0        0         0       0       0     46.70     0.80
  255.00        0        0         0       0       0      0.00    -0.01        0        0         0       0       0     49.20     0.80
  257.50        0        0         -       0       0      0.00        -        0        0         -       0       0     51.70        -
-------- -------- -------- --------- ------- -------                    -------- -------- --------- ------- -------
TOTAL         569      483      -182     135      13                         498      372        -4      66      17

 C+P
 TOTAL       1067      855      -186     201      30



NOTE:

"GROSS"        = EITHER THE TOTAL NUMBER OF LONG OR THE TOTAL NUMBER OF SHORT POSITIONS IN A CONTRACT HELD BY ALL PARTICIPANTS IN
                    THE MARKET

"NET"          = EITHER THE TOTAL NUMBER OF THE NET LONG OR THE TOTAL NUMBER OF NET SHORT POSITION IN A CONTRACT HELD BY ALL MARKET
                    PARTICIPANTS. IT IS CALCULATED BY NETTING THE LONG AND SHORT POSITIONS IN A PARTICULAR CONTRACT HELD IN ALL ITS
                    ACCOUNTS BY EACH PARTICIPANT AND THEN SUM ALL NET LONG OR NET SHORT ACROSS ALL PARTICIPANTS IN THE MARKET.

"NET CHANGE"   = THE CHANGE OF "NET" BETWEEN THE CURRENT TRADE DAY AND THE PREVIOUS TRADE DAY

"T/O"          = THE NUMBER OF CONTRACTS TRADED IN THE MARKET

"DEAL"         = THE NUMBER OF MATCHED ORDERS IN THE MARKET

"SETTLE PRICE" = THE SETTLEMENT PRICE OF THE SERIES ON THE CURRENT TRADE DAY

"PRICE CHANGE" = THE CHANGE OF SETTLEMENT PRICE BETWEEN THE CURRENT TRADE DAY AND THE PREVIOUS TRADE DAY

* ON THE LAST TRADING DAY, THE UNEXERCISED AND UNASSIGNED AMOUNT WILL BE SHOWN FOR THE "GROSS" AND "NET" OF THE SPOT OPTIONS SERIES.


                                                       ***END OF REPORT***




