DTOP                                                       HKEX - DCASS                                          RUN DATE :  21AUG26
                               DAILY TRADING ACTIVITY & OPEN POSITIONS DETAIL - OPTIONS (BY MARKET)              RUN TIME : 19:59:29
                                                                                                                 PAGE     :        1
REPORT DATE     : 21AUG26   
CLEARINGHOUSE   : SEOCH

MARKET          : SOM   - STOCK OPTIONS                   
UNDERLYING      : CTC   
EXPIRATION DATE : 28 AUG 26

         < ------------------  CALL OPTIONS  ------------------------ > < -------------------  PUT OPTIONS  ----------------------- >
                             NET                      SETTLE   PRICE                        NET                       SETTLE   PRICE
 STRIKE    GROSS    NET     CHANGE    T/O     DEAL    PRICE    CHANGE    GROSS     NET     CHANGE     T/O    DEAL     PRICE    CHANGE
-------- -------- -------- --------- ------- ------- --------- -------- -------- -------- --------- ------- ------- --------- --------
    3.40        0        0         0       0       0      1.49     0.15        0        0         0       0       0      0.01     0.00
    3.50        0        0         0       0       0      1.39     0.15        0        0         0       0       0      0.01     0.00
    3.60        0        0         0       0       0      1.29     0.15        0        0         0       0       0      0.01     0.00
    3.70        0        0         0       0       0      1.19     0.15        0        0         0       0       0      0.01     0.00
    3.80        0        0         0       0       0      1.09     0.15       30       30         0       0       0      0.01     0.00
    3.90        0        0         0       0       0      0.99     0.15       60       60         0       0       0      0.01     0.00
    4.00      100       50         0       0       0      0.89     0.15       82       82         0       0       0      0.01     0.00
    4.10       90       90         0       0       0      0.79     0.15      919      477         0       0       0      0.01     0.00
    4.20       91       90         0       0       0      0.69     0.15    1,372      426         0       0       0      0.01     0.00
    4.30    1,203    1,167         0       0       0      0.59     0.14    1,063      726         0       0       0      0.01     0.00
    4.40    1,306      863         0       0       0      0.49     0.15    1,081      871         0       0       0      0.01    -0.01
    4.50    1,120    1,113         0       0       0      0.39     0.14    1,496      438         0       0       0      0.01    -0.04
    4.60    2,001      283         6       6       2      0.29     0.13    1,339    1,053       100     115       3      0.01    -0.10
    4.70      758      220        10      22       2      0.20     0.11      880      853       408     528       7      0.02    -0.16
    4.80    1,612    1,565       -53      73       2      0.12     0.08      530      465         5      30       3      0.03    -0.24
    4.90    1,092    1,066       325     525       6      0.06     0.04      419      417         0       0       0      0.09    -0.27
    5.00    1,537      933       261     480       5      0.03     0.02      215      141        -4       8       3      0.15    -0.30
    5.25    1,357    1,329         0      16       2      0.01     0.00      223      223         0      50       1      0.37    -0.33
    5.50    1,041      508         0       0       0      0.01     0.00      565      232         0       0       0      0.62    -0.32
    5.75    8,020    7,705         0       0       0      0.01     0.00        0        0       -60       0       0      0.87    -0.35
    6.00      487      487         0       0       0      0.01     0.00        0        0         0       0       0      1.14    -0.33
    6.25      430      186         0       0       0      0.01     0.00        0        0         0       0       0      1.39    -0.27
    6.50      160      160         0       0       0      0.01     0.00        0        0         0       0       0      1.64    -0.27
    6.75       44       44         0       0       0      0.01     0.00        0        0         0       0       0      1.89    -0.26
    7.00       90       90         0       0       0      0.01     0.00        0        0         0       0       0      2.14    -0.25
    7.25        0        0         0       0       0      0.01     0.00        0        0         0       0       0      2.39    -0.24
    7.50        0        0         0       0       0      0.01     0.00        0        0         0       0       0      2.64    -0.24
    7.75        0        0         0       0       0      0.01     0.00        0        0         0       0       0      2.89    -0.23
    8.00        0        0         0       0       0      0.01     0.00        0        0         0       0       0      3.14    -0.22
-------- -------- -------- --------- ------- -------                    -------- -------- --------- ------- -------
TOTAL       22539    17949       549    1122      19                       10274     6494       449     731      17

 C+P
 TOTAL      32813    24443       998    1853      36







DTOP                                                       HKEX - DCASS                                          RUN DATE :  21AUG26
                               DAILY TRADING ACTIVITY & OPEN POSITIONS DETAIL - OPTIONS (BY MARKET)              RUN TIME : 19:59:29
                                                                                                                 PAGE     :        2
REPORT DATE     : 21AUG26   
CLEARINGHOUSE   : SEOCH

MARKET          : SOM   - STOCK OPTIONS                   
UNDERLYING      : CTC   
EXPIRATION DATE : 29 SEP 26

         < ------------------  CALL OPTIONS  ------------------------ > < -------------------  PUT OPTIONS  ----------------------- >
                             NET                      SETTLE   PRICE                        NET                       SETTLE   PRICE
 STRIKE    GROSS    NET     CHANGE    T/O     DEAL    PRICE    CHANGE    GROSS     NET     CHANGE     T/O    DEAL     PRICE    CHANGE
-------- -------- -------- --------- ------- ------- --------- -------- -------- -------- --------- ------- ------- --------- --------
    3.40        0        0         0       0       0      1.49     0.15        0        0         0       0       0      0.01     0.00
    3.50        0        0         0       0       0      1.39     0.15        0        0         0       0       0      0.01     0.00
    3.60        0        0         0       0       0      1.29     0.15       60       60         0       0       0      0.01     0.00
    3.70        0        0         0       0       0      1.19     0.15      223      120         0       0       0      0.01     0.00
    3.80        0        0         0       0       0      1.09     0.15       35       35         0       0       0      0.01     0.00
    3.90        0        0         0       0       0      0.99     0.15       50       50         0       0       0      0.01     0.00
    4.00        0        0         0       0       0      0.89     0.15      205      149         0       0       0      0.01     0.00
    4.10    2,700    2,700         0       0       0      0.79     0.15    2,943    2,787         0       0       0      0.01    -0.01
    4.20      260      260         0       0       0      0.69     0.14    1,213      556         0       0       0      0.02    -0.01
    4.30       32       32         0       0       0      0.59     0.14    1,512    1,491         0       0       0      0.03    -0.02
    4.40       91       91         0       0       0      0.49     0.14    2,036    1,540         0     123       4      0.04    -0.05
    4.50      130      130         0       2       1      0.39     0.14      499      282        -7       7       2      0.07    -0.06
    4.60    1,791    1,334         0       0       0      0.30     0.13      354      258        20      27       3      0.10    -0.08
    4.70    1,085      904         0       1       1      0.21     0.10    4,245    4,212         0       0       0      0.15    -0.09
    4.80      324      150         0       0       0      0.15     0.08      742      547        -5       5       1      0.20    -0.11
    4.90    1,305      851       717     790       8      0.10     0.05      539      520         0       0       0      0.27    -0.12
    5.00    2,426    1,534         0      10       1      0.06     0.03    2,468    1,496         0       0       0      0.36    -0.11
    5.25    2,919    1,801       -10      16       2      0.02     0.01    1,536      686         0       0       0      0.58    -0.12
    5.50    3,022    2,942         0     130       3      0.01     0.00      336      278         0       0       0      0.81    -0.13
    5.75      767      334         0       2       1      0.01     0.00      219       90         0       0       0      1.06    -0.16
    6.00      847      379         0       0       0      0.01     0.00       72       65         0       0       0      1.31    -0.16
    6.25    1,460    1,460         0       0       0      0.01     0.00       59       59         0       0       0      1.56    -0.10
    6.50    1,120    1,120         0       0       0      0.01     0.00        2        2         0       0       0      1.81    -0.10
    6.75       60       60         0       0       0      0.01     0.00        0        0         0       0       0      2.06    -0.09
    7.00       56       56         0       0       0      0.01     0.00        1        1         0       0       0      2.31    -0.09
    7.25        5        5         0       0       0      0.01     0.00        0        0         0       0       0      2.56    -0.09
    7.50        0        0         0       0       0      0.01     0.00        0        0         0       0       0      2.81    -0.09
    7.75        0        0         0       0       0      0.01     0.00        0        0         0       0       0      3.06    -0.09
    8.00        2        2         0       0       0      0.01     0.00        0        0         0       0       0      3.31    -0.09
    8.25        0        0         0       0       0      0.01     0.00        0        0         0       0       0      3.56    -0.09
-------- -------- -------- --------- ------- -------                    -------- -------- --------- ------- -------
TOTAL       20402    16145       707     951      17                       19349    15284         8     162      10

 C+P
 TOTAL      39751    31429       715    1113      27






DTOP                                                       HKEX - DCASS                                          RUN DATE :  21AUG26
                               DAILY TRADING ACTIVITY & OPEN POSITIONS DETAIL - OPTIONS (BY MARKET)              RUN TIME : 19:59:29
                                                                                                                 PAGE     :        3
REPORT DATE     : 21AUG26   
CLEARINGHOUSE   : SEOCH

MARKET          : SOM   - STOCK OPTIONS                   
UNDERLYING      : CTC   
EXPIRATION DATE : 29 OCT 26

         < ------------------  CALL OPTIONS  ------------------------ > < -------------------  PUT OPTIONS  ----------------------- >
                             NET                      SETTLE   PRICE                        NET                       SETTLE   PRICE
 STRIKE    GROSS    NET     CHANGE    T/O     DEAL    PRICE    CHANGE    GROSS     NET     CHANGE     T/O    DEAL     PRICE    CHANGE
-------- -------- -------- --------- ------- ------- --------- -------- -------- -------- --------- ------- ------- --------- --------
    3.40        0        0         0       0       0      1.49     0.15        0        0         0       0       0      0.01     0.00
    3.50        0        0         0       0       0      1.39     0.15        1        1         0       0       0      0.01     0.00
    3.60        0        0         0       0       0      1.29     0.14       30       30         0       0       0      0.01     0.00
    3.70        0        0         0       0       0      1.19     0.14       30       30         0       0       0      0.01     0.00
    3.80        0        0         0       0       0      1.09     0.14       60       60         0       0       0      0.01     0.00
    3.90        0        0         0       0       0      0.99     0.14      105       90         0       0       0      0.01    -0.01
    4.00        0        0         0       0       0      0.89     0.14      250       87         0       0       0      0.02    -0.01
    4.10        0        0         0       0       0      0.79     0.15      806      541         0       0       0      0.03    -0.01
    4.20       90       90         0       0       0      0.69     0.14      155      155         0       0       0      0.04    -0.02
    4.30       60       60         0       0       0      0.59     0.14      291      150         0       0       0      0.05    -0.04
    4.40      110      110         0       2       2      0.49     0.14      674      674         0       0       0      0.07    -0.06
    4.50       94       92         0       0       0      0.40     0.15      125      120        -7      26       3      0.10    -0.07
    4.60      141      141         0       0       0      0.31     0.11      112      103         0       0       0      0.14    -0.08
    4.70       30       30         0       0       0      0.24     0.09      120      120         0       0       0      0.19    -0.09
    4.80        0        0         0       0       0      0.18     0.06      387      265         0       0       0      0.24    -0.11
    4.90        0        0         0       0       0      0.14     0.05      110       80         0       0       0      0.30    -0.12
    5.00      286       45         0       5       1      0.10     0.03       56       56         0       0       0      0.39    -0.11
    5.25       74       74        44      57       3      0.05     0.02        0        0         0       0       0      0.60    -0.11
    5.50       83       83         0       0       0      0.02     0.00        0        0         0       0       0      0.82    -0.12
    5.75      638      638         0       0       0      0.01     0.00        0        0         0       0       0      1.07    -0.15
    6.00        0        0         0       0       0      0.01     0.00        0        0         0       0       0      1.31    -0.16
    6.25        0        0         0       0       0      0.01     0.00        0        0         0       0       0      1.56    -0.10
    6.50        0        0         0       0       0      0.01     0.00        0        0         0       0       0      1.81    -0.10
    6.75        0        0         0       0       0      0.01     0.00        0        0         0       0       0      2.06    -0.09
-------- -------- -------- --------- ------- -------                    -------- -------- --------- ------- -------
TOTAL        1606     1363        44      64       6                        3312     2562        -7      26       3

 C+P
 TOTAL       4918     3925        37      90       9












DTOP                                                       HKEX - DCASS                                          RUN DATE :  21AUG26
                               DAILY TRADING ACTIVITY & OPEN POSITIONS DETAIL - OPTIONS (BY MARKET)              RUN TIME : 19:59:29
                                                                                                                 PAGE     :        4
REPORT DATE     : 21AUG26   
CLEARINGHOUSE   : SEOCH

MARKET          : SOM   - STOCK OPTIONS                   
UNDERLYING      : CTC   
EXPIRATION DATE : 27 NOV 26

         < ------------------  CALL OPTIONS  ------------------------ > < -------------------  PUT OPTIONS  ----------------------- >
                             NET                      SETTLE   PRICE                        NET                       SETTLE   PRICE
 STRIKE    GROSS    NET     CHANGE    T/O     DEAL    PRICE    CHANGE    GROSS     NET     CHANGE     T/O    DEAL     PRICE    CHANGE
-------- -------- -------- --------- ------- ------- --------- -------- -------- -------- --------- ------- ------- --------- --------
    3.60        0        0         0       0       0      1.29     0.14        0        0         0       0       0      0.01     0.00
    3.70        0        0         0       0       0      1.19     0.14        0        0         0       0       0      0.01     0.00
    3.80        0        0         0       0       0      1.09     0.14        5        5         0       0       0      0.01    -0.01
    3.90        0        0         0       0       0      0.99     0.14       34       34         0       0       0      0.02    -0.01
    4.00        0        0         0       0       0      0.89     0.14        0        0         0       0       0      0.03    -0.01
    4.10        0        0         0       0       0      0.79     0.14        0        0         0       0       0      0.04    -0.02
    4.20        0        0         0       0       0      0.69     0.14       60       60         0       0       0      0.05    -0.04
    4.30        0        0         0       0       0      0.59     0.14    1,236    1,207         5       5       1      0.07    -0.05
    4.40        0        0         0       0       0      0.50     0.14      589      589         0       0       0      0.10    -0.06
    4.50        0        0         0       0       0      0.40     0.11       69       63         0       0       0      0.13    -0.07
    4.60        0        0         0       0       0      0.32     0.09        6        5        -1       1       1      0.17    -0.08
    4.70      800      800         0       0       0      0.26     0.07      313      310         5       8       2      0.22    -0.09
    4.80        4        4         4       4       2      0.22     0.07        0        0         0       0       0      0.27    -0.10
    4.90        2        2         0       0       0      0.18     0.06        1        1         1       1       1      0.33    -0.11
    5.00      142      114         0       0       0      0.14     0.04        0        0         0       0       0      0.40    -0.12
    5.25       72       60         0       0       0      0.08     0.03        0        0         0       0       0      0.62    -0.10
    5.50       60       60         0       0       0      0.04     0.01        0        0         0       0       0      0.84    -0.10
    5.75      550      550         0       0       0      0.02     0.00        0        0         0       0       0      1.07    -0.15
    6.00      400      400         0       0       0      0.01     0.00        0        0         0       0       0      1.31    -0.16
    6.25        0        0         0       0       0      0.01     0.00        0        0         0       0       0      1.56    -0.10
    6.50        0        0         0       0       0      0.01     0.00        0        0         0       0       0      1.81    -0.10
    6.75        0        0         0       0       0      0.01     0.00        0        0         0       0       0      2.06    -0.10
-------- -------- -------- --------- ------- -------                    -------- -------- --------- ------- -------
TOTAL        2030     1990         4       4       2                        2313     2274        10      15       5

 C+P
 TOTAL       4343     4264        14      19       7














DTOP                                                       HKEX - DCASS                                          RUN DATE :  21AUG26
                               DAILY TRADING ACTIVITY & OPEN POSITIONS DETAIL - OPTIONS (BY MARKET)              RUN TIME : 19:59:29
                                                                                                                 PAGE     :        5
REPORT DATE     : 21AUG26   
CLEARINGHOUSE   : SEOCH

MARKET          : SOM   - STOCK OPTIONS                   
UNDERLYING      : CTC   
EXPIRATION DATE : 30 DEC 26

         < ------------------  CALL OPTIONS  ------------------------ > < -------------------  PUT OPTIONS  ----------------------- >
                             NET                      SETTLE   PRICE                        NET                       SETTLE   PRICE
 STRIKE    GROSS    NET     CHANGE    T/O     DEAL    PRICE    CHANGE    GROSS     NET     CHANGE     T/O    DEAL     PRICE    CHANGE
-------- -------- -------- --------- ------- ------- --------- -------- -------- -------- --------- ------- ------- --------- --------
    3.40        0        0         0       0       0      1.49     0.14        0        0         0       0       0      0.01     0.00
    3.50        0        0         0       0       0      1.39     0.14        2        2         0       0       0      0.01     0.00
    3.60        0        0         0       0       0      1.29     0.14        0        0         0       0       0      0.01     0.00
    3.70        0        0         0       0       0      1.19     0.14        3        3         0       0       0      0.01    -0.01
    3.80        0        0         0       0       0      1.09     0.14       33       32         0       0       0      0.02    -0.01
    3.90        0        0         0       0       0      0.99     0.14      709      704         0       0       0      0.03    -0.01
    4.00        9        9         0       0       0      0.89     0.14      361      346         0       0       0      0.04    -0.02
    4.10       90       90         0       0       0      0.79     0.14      973      826         0       0       0      0.05    -0.03
    4.20      130      130         0       0       0      0.69     0.14      326      321         0       0       0      0.07    -0.04
    4.30       91       91         0       0       0      0.59     0.13      557      544        -5       5       1      0.09    -0.05
    4.40      131      130         0       0       0      0.51     0.13    1,183    1,183         3       3       1      0.13    -0.05
    4.50    1,129    1,124         0       0       0      0.41     0.09    8,000    7,845         0       3       1      0.16    -0.06
    4.60      461      330         0       0       0      0.36     0.10      253      223         0       0       0      0.20    -0.07
    4.70      125      125         0       0       0      0.31     0.09      181      150        -5       5       1      0.25    -0.08
    4.80    1,470    1,467         0       0       0      0.26     0.08      314      210         5       5       1      0.31    -0.08
    4.90      930      120         0       0       0      0.22     0.07    1,396      259         0       0       0      0.36    -0.10
    5.00   10,296    7,635         0       0       0      0.18     0.06    2,357      631        50      50       1      0.43    -0.10
    5.25    1,339      452         0       0       0      0.11     0.04    1,558      158         0       0       0      0.64    -0.09
    5.50      516      165         0       0       0      0.07     0.03      304      230         0       0       0      0.85    -0.10
    5.75      874      534         3       4       2      0.04     0.02      321       21         0       0       0      1.09    -0.13
    6.00      649      457         0       0       0      0.02     0.01       13       13         0       0       0      1.32    -0.15
    6.25      395      135         0       0       0      0.01     0.00        0        0         0       0       0      1.57    -0.09
    6.50      785      685         0       0       0      0.01     0.00        1        1         0       0       0      1.81    -0.10
    6.75       60       60         0       0       0      0.01     0.00        0        0         0       0       0      2.06    -0.10
    7.00      155      155         0       0       0      0.01     0.00        0        0         0       0       0      2.31    -0.10
    7.25       92       92         0       0       0      0.01     0.00        0        0         0       0       0      2.56    -0.10
    7.50        5        5         0       0       0      0.01     0.00        0        0         0       0       0      2.81    -0.10
    7.75      900      900         0       0       0      0.01     0.00        0        0         0       0       0      3.06    -0.10
    8.00      679      675         0       0       0      0.01     0.00        0        0         0       0       0      3.31    -0.10
    8.25      300      210         0       0       0      0.01     0.00        0        0         0       0       0      3.56    -0.10
-------- -------- -------- --------- ------- -------                    -------- -------- --------- ------- -------
TOTAL       21611    15776         3       4       2                       18845    13702        48      71       6

 C+P
 TOTAL      40456    29478        51      75       8






DTOP                                                       HKEX - DCASS                                          RUN DATE :  21AUG26
                               DAILY TRADING ACTIVITY & OPEN POSITIONS DETAIL - OPTIONS (BY MARKET)              RUN TIME : 19:59:29
                                                                                                                 PAGE     :        6
REPORT DATE     : 21AUG26   
CLEARINGHOUSE   : SEOCH

MARKET          : SOM   - STOCK OPTIONS                   
UNDERLYING      : CTC   
EXPIRATION DATE : 30 MAR 27

         < ------------------  CALL OPTIONS  ------------------------ > < -------------------  PUT OPTIONS  ----------------------- >
                             NET                      SETTLE   PRICE                        NET                       SETTLE   PRICE
 STRIKE    GROSS    NET     CHANGE    T/O     DEAL    PRICE    CHANGE    GROSS     NET     CHANGE     T/O    DEAL     PRICE    CHANGE
-------- -------- -------- --------- ------- ------- --------- -------- -------- -------- --------- ------- ------- --------- --------
    3.40        0        0         0       0       0      1.49     0.14        2        2         0       0       0      0.01    -0.01
    3.50        4        4         0       0       0      1.39     0.14        0        0         0       0       0      0.01    -0.02
    3.60        3        3         0       0       0      1.29     0.14        1        1         0       0       0      0.02    -0.02
    3.70        0        0         0       0       0      1.19     0.14        3        3         0       0       0      0.04    -0.01
    3.80        1        1         0       0       0      1.09     0.14        0        0         0       0       0      0.05    -0.02
    3.90        1        1         0       0       0      0.99     0.14       27       27         3       3       1      0.06    -0.02
    4.00       10       10         0       0       0      0.89     0.13      206      206         0       0       0      0.08    -0.03
    4.10        0        0         0       0       0      0.80     0.13       43       30         0       0       0      0.10    -0.03
    4.20       76       76         0       0       0      0.69     0.10      226      225         0       0       0      0.13    -0.03
    4.30        0        0         0       0       0      0.62     0.10    1,565    1,403         0      50       1      0.16    -0.04
    4.40       15        0         0       0       0      0.56     0.10       32       32         0       0       0      0.20    -0.04
    4.50        3        3         0       0       0      0.50     0.09      152      144         0       6       2      0.23    -0.05
    4.60        2        2         0       0       0      0.44     0.08      145      145         0       0       0      0.28    -0.07
    4.70        0        0         0       0       0      0.39     0.08      150      105         0       0       0      0.32    -0.09
    4.80      131      114         0       0       0      0.35     0.08      435      360         5      55       2      0.38    -0.07
    4.90        6        5         0       0       0      0.33     0.10      111       52         0       0       0      0.44    -0.07
    5.00      581       99         0       0       0      0.28     0.08       98       38         0       0       0      0.51    -0.07
    5.25      164      144       -10      10       1      0.20     0.06      112       30         0       0       0      0.69    -0.09
    5.50      983      586         0       0       0      0.14     0.05       33       31         1       1       1      0.90    -0.08
    5.75      653       60         3       3       1      0.10     0.04       11       10         0       0       0      1.12    -0.10
    6.00      328      300         0       0       0      0.07     0.03        0        0         0       0       0      1.34    -0.13
    6.25      120       58         0       0       0      0.05     0.02        0        0         0       0       0      1.57    -0.10
    6.50      295      279       248     300       1      0.03     0.01        0        0         0       0       0      1.82    -0.09
    6.75       12        7         0       0       0      0.02     0.01        0        0         0       0       0      2.06    -0.10
    7.00        9        9         0       0       0      0.01     0.00        0        0         0       0       0      2.31    -0.10
    7.25       56       30         0       0       0      0.01     0.00        0        0         0       0       0      2.56    -0.10
    7.50        0        0         0       0       0      0.01     0.00        0        0         0       0       0      2.81    -0.10
    7.75      765      765         0       0       0      0.01     0.00        0        0         0       0       0      3.06    -0.10
    8.00    1,134      974         0       0       0      0.01     0.00        5        5         0       0       0      3.31    -0.10
-------- -------- -------- --------- ------- -------                    -------- -------- --------- ------- -------
TOTAL        5352     3530       241     313       3                        3357     2849         9     115       7

 C+P
 TOTAL       8709     6379       250     428      10







DTOP                                                       HKEX - DCASS                                          RUN DATE :  21AUG26
                               DAILY TRADING ACTIVITY & OPEN POSITIONS DETAIL - OPTIONS (BY MARKET)              RUN TIME : 19:59:29
                                                                                                                 PAGE     :        7
REPORT DATE     : 21AUG26   
CLEARINGHOUSE   : SEOCH

MARKET          : SOM   - STOCK OPTIONS                   
UNDERLYING      : CTC   
EXPIRATION DATE : 29 JUN 27

         < ------------------  CALL OPTIONS  ------------------------ > < -------------------  PUT OPTIONS  ----------------------- >
                             NET                      SETTLE   PRICE                        NET                       SETTLE   PRICE
 STRIKE    GROSS    NET     CHANGE    T/O     DEAL    PRICE    CHANGE    GROSS     NET     CHANGE     T/O    DEAL     PRICE    CHANGE
-------- -------- -------- --------- ------- ------- --------- -------- -------- -------- --------- ------- ------- --------- --------
    3.40        2        2         0       0       0      1.49     0.14        0        0         0       0       0      0.03    -0.01
    3.50        0        0         0       0       0      1.39     0.14       11       11         0       0       0      0.04    -0.01
    3.60        4        2         0       0       0      1.29     0.14       20       20         0       0       0      0.05    -0.02
    3.70        0        0         0       0       0      1.19     0.14       14       14         0       0       0      0.06    -0.03
    3.80       16        3         0       3       1      1.09     0.12       10       10         0       0       0      0.08    -0.03
    3.90       43        8         0       0       0      1.01     0.12       20       20         0       0       0      0.10    -0.03
    4.00        0        0         0       0       0      0.90     0.10      302      302         0       0       0      0.13    -0.03
    4.10       12        0         0       0       0      0.83     0.09       13       13         0       0       0      0.16    -0.03
    4.20       16        2         0       0       0      0.76     0.08       42       42         0       0       0      0.19    -0.04
    4.30        1        1         0       0       0      0.70     0.08        2        2         0       0       0      0.22    -0.05
    4.40       31       31        30      30       1      0.64     0.08      597      280         0       0       0      0.27    -0.04
    4.50        1        1         0       0       0      0.59     0.08      188      188         0       0       0      0.31    -0.05
    4.60       30       30         0       0       0      0.54     0.09      168      163         0       0       0      0.36    -0.05
    4.70        1        1         0       0       0      0.49     0.07      325      325         0       0       0      0.41    -0.05
    4.80       30        1         0       0       0      0.44     0.06       19       19         0       0       0      0.47    -0.06
    4.90       30        0         0       0       0      0.40     0.06       36        6         0       0       0      0.53    -0.05
    5.00       13        4         0       0       0      0.36     0.05      147      147         0       0       0      0.59    -0.06
    5.25      325        5         0       0       0      0.28     0.05       41       30        19      30       1      0.76    -0.09
    5.50       46       16         0       0       0      0.22     0.05        0        0         0       0       0      0.95    -0.10
    5.75       44       28        13      13       2      0.17     0.04        5        5         0       0       0      1.16    -0.10
    6.00       13       11         0       0       0      0.13     0.04        0        0         0       0       0      1.38    -0.09
    6.25      100      100         0       0       0      0.10     0.03        0        0         0       0       0      1.61    -0.09
    6.50       42       15         0       0       0      0.07     0.02        0        0         0       0       0      1.84    -0.08
    6.75      230      230         0       0       0      0.05     0.01        0        0         0       0       0      2.07    -0.09
    7.00      200      200         0       0       0      0.04     0.01        0        0         0       0       0      2.32    -0.09
    7.25      134       67         0       0       0      0.03     0.01        0        0         0       0       0      2.56    -0.10
    7.50      172      172         0       0       0      0.02     0.01        0        0         0       0       0      2.81    -0.10
-------- -------- -------- --------- ------- -------                    -------- -------- --------- ------- -------
TOTAL        1536      930        43      46       4                        1960     1597        19      30       1

 C+P
 TOTAL       3496     2527        62      76       5









DTOP                                                       HKEX - DCASS                                          RUN DATE :  21AUG26
                               DAILY TRADING ACTIVITY & OPEN POSITIONS DETAIL - OPTIONS (BY MARKET)              RUN TIME : 19:59:29
                                                                                                                 PAGE     :        8
REPORT DATE     : 21AUG26   
CLEARINGHOUSE   : SEOCH

MARKET          : SOM   - STOCK OPTIONS                   
UNDERLYING      : CTC   
EXPIRATION DATE : 29 JUN 27

         < ------------------  CALL OPTIONS  ------------------------ > < -------------------  PUT OPTIONS  ----------------------- >
                             NET                      SETTLE   PRICE                        NET                       SETTLE   PRICE
 STRIKE    GROSS    NET     CHANGE    T/O     DEAL    PRICE    CHANGE    GROSS     NET     CHANGE     T/O    DEAL     PRICE    CHANGE
-------- -------- -------- --------- ------- ------- --------- -------- -------- -------- --------- ------- ------- --------- --------
NOTE:

"GROSS"        = EITHER THE TOTAL NUMBER OF LONG OR THE TOTAL NUMBER OF SHORT POSITIONS IN A CONTRACT HELD BY ALL PARTICIPANTS IN
                    THE MARKET

"NET"          = EITHER THE TOTAL NUMBER OF THE NET LONG OR THE TOTAL NUMBER OF NET SHORT POSITION IN A CONTRACT HELD BY ALL MARKET
                    PARTICIPANTS. IT IS CALCULATED BY NETTING THE LONG AND SHORT POSITIONS IN A PARTICULAR CONTRACT HELD IN ALL ITS
                    ACCOUNTS BY EACH PARTICIPANT AND THEN SUM ALL NET LONG OR NET SHORT ACROSS ALL PARTICIPANTS IN THE MARKET.

"NET CHANGE"   = THE CHANGE OF "NET" BETWEEN THE CURRENT TRADE DAY AND THE PREVIOUS TRADE DAY

"T/O"          = THE NUMBER OF CONTRACTS TRADED IN THE MARKET

"DEAL"         = THE NUMBER OF MATCHED ORDERS IN THE MARKET

"SETTLE PRICE" = THE SETTLEMENT PRICE OF THE SERIES ON THE CURRENT TRADE DAY

"PRICE CHANGE" = THE CHANGE OF SETTLEMENT PRICE BETWEEN THE CURRENT TRADE DAY AND THE PREVIOUS TRADE DAY

* ON THE LAST TRADING DAY, THE UNEXERCISED AND UNASSIGNED AMOUNT WILL BE SHOWN FOR THE "GROSS" AND "NET" OF THE SPOT OPTIONS SERIES.


                                                       ***END OF REPORT***


















